Archive member included to satisfy reference by file (symbol)

/usr/lib/gcc/arm-none-eabi/15.2.0/../../../../arm-none-eabi/lib/thumb/v8-m.main+fp/softfp/libm.a(libm_a-wf_sqrt.o)
                              CMakeFiles/acorn_system_1_gadget.dir/home/menadue/pico/pico-sdk/src/rp2_common/pico_float/float_math.c.o (sqrtf)
/usr/lib/gcc/arm-none-eabi/15.2.0/../../../../arm-none-eabi/lib/thumb/v8-m.main+fp/softfp/libm.a(libm_a-ef_sqrt.o)
                              /usr/lib/gcc/arm-none-eabi/15.2.0/../../../../arm-none-eabi/lib/thumb/v8-m.main+fp/softfp/libm.a(libm_a-wf_sqrt.o) (__ieee754_sqrtf)
/usr/lib/gcc/arm-none-eabi/15.2.0/thumb/v8-m.main+fp/softfp/libgcc.a(_arm_addsubdf3.o)
                              CMakeFiles/acorn_system_1_gadget.dir/home/menadue/pico/pico-sdk/src/rp2_common/pico_float/float_math.c.o (__aeabi_f2d)
/usr/lib/gcc/arm-none-eabi/15.2.0/thumb/v8-m.main+fp/softfp/libgcc.a(_aeabi_ldivmod.o)
                              CMakeFiles/acorn_system_1_gadget.dir/home/menadue/pico/pico-sdk/src/common/pico_time/time.c.o (__aeabi_ldivmod)
/usr/lib/gcc/arm-none-eabi/15.2.0/thumb/v8-m.main+fp/softfp/libgcc.a(_aeabi_uldivmod.o)
                              CMakeFiles/acorn_system_1_gadget.dir/home/menadue/pico/pico-sdk/src/rp2_common/hardware_clocks/clocks.c.o (__aeabi_uldivmod)
/usr/lib/gcc/arm-none-eabi/15.2.0/thumb/v8-m.main+fp/softfp/libgcc.a(_udivmoddi4.o)
                              /usr/lib/gcc/arm-none-eabi/15.2.0/thumb/v8-m.main+fp/softfp/libgcc.a(_aeabi_ldivmod.o) (__udivmoddi4)
/usr/lib/gcc/arm-none-eabi/15.2.0/thumb/v8-m.main+fp/softfp/libgcc.a(_dvmd_tls.o)
                              /usr/lib/gcc/arm-none-eabi/15.2.0/thumb/v8-m.main+fp/softfp/libgcc.a(_aeabi_ldivmod.o) (__aeabi_ldiv0)
/usr/lib/gcc/arm-none-eabi/15.2.0/../../../../arm-none-eabi/lib/thumb/v8-m.main+fp/softfp/libg.a(libc_a-atexit.o)
                              /usr/lib/gcc/arm-none-eabi/15.2.0/../../../../arm-none-eabi/lib/thumb/v8-m.main+fp/softfp/crt0.o (atexit)
/usr/lib/gcc/arm-none-eabi/15.2.0/../../../../arm-none-eabi/lib/thumb/v8-m.main+fp/softfp/libg.a(libc_a-atoi.o)
                              CMakeFiles/acorn_system_1_gadget.dir/home/menadue/tree/github/acorn-system-1-gadget/firmware/no-OS-FatFS-SD-SDIO-SPI-RPi-Pico/src/sd_driver/sd_card.c.o (atoi)
/usr/lib/gcc/arm-none-eabi/15.2.0/../../../../arm-none-eabi/lib/thumb/v8-m.main+fp/softfp/libg.a(libc_a-calloc.o)
                              CMakeFiles/acorn_system_1_gadget.dir/home/menadue/pico/pico-sdk/src/rp2_common/pico_malloc/malloc.c.o (calloc)
/usr/lib/gcc/arm-none-eabi/15.2.0/../../../../arm-none-eabi/lib/thumb/v8-m.main+fp/softfp/libg.a(libc_a-callocr.o)
                              /usr/lib/gcc/arm-none-eabi/15.2.0/../../../../arm-none-eabi/lib/thumb/v8-m.main+fp/softfp/libg.a(libc_a-calloc.o) (_calloc_r)
/usr/lib/gcc/arm-none-eabi/15.2.0/../../../../arm-none-eabi/lib/thumb/v8-m.main+fp/softfp/libg.a(libc_a-malloc.o)
                              CMakeFiles/acorn_system_1_gadget.dir/home/menadue/pico/pico-sdk/src/rp2_common/pico_malloc/malloc.c.o (malloc)
/usr/lib/gcc/arm-none-eabi/15.2.0/../../../../arm-none-eabi/lib/thumb/v8-m.main+fp/softfp/libg.a(libc_a-mallocr.o)
                              /usr/lib/gcc/arm-none-eabi/15.2.0/../../../../arm-none-eabi/lib/thumb/v8-m.main+fp/softfp/libg.a(libc_a-callocr.o) (_malloc_r)
/usr/lib/gcc/arm-none-eabi/15.2.0/../../../../arm-none-eabi/lib/thumb/v8-m.main+fp/softfp/libg.a(libc_a-mlock.o)
                              /usr/lib/gcc/arm-none-eabi/15.2.0/../../../../arm-none-eabi/lib/thumb/v8-m.main+fp/softfp/libg.a(libc_a-mallocr.o) (__malloc_lock)
/usr/lib/gcc/arm-none-eabi/15.2.0/../../../../arm-none-eabi/lib/thumb/v8-m.main+fp/softfp/libg.a(libc_a-realloc.o)
                              CMakeFiles/acorn_system_1_gadget.dir/home/menadue/pico/pico-sdk/src/rp2_common/pico_malloc/malloc.c.o (realloc)
/usr/lib/gcc/arm-none-eabi/15.2.0/../../../../arm-none-eabi/lib/thumb/v8-m.main+fp/softfp/libg.a(libc_a-reallocr.o)
                              /usr/lib/gcc/arm-none-eabi/15.2.0/../../../../arm-none-eabi/lib/thumb/v8-m.main+fp/softfp/libg.a(libc_a-realloc.o) (_realloc_r)
/usr/lib/gcc/arm-none-eabi/15.2.0/../../../../arm-none-eabi/lib/thumb/v8-m.main+fp/softfp/libg.a(libc_a-strtol.o)
                              /usr/lib/gcc/arm-none-eabi/15.2.0/../../../../arm-none-eabi/lib/thumb/v8-m.main+fp/softfp/libg.a(libc_a-atoi.o) (_strtol_r)
/usr/lib/gcc/arm-none-eabi/15.2.0/../../../../arm-none-eabi/lib/thumb/v8-m.main+fp/softfp/libg.a(libc_a-ctype_.o)
                              CMakeFiles/acorn_system_1_gadget.dir/acorn_system_1_gadget.c.o (_ctype_)
/usr/lib/gcc/arm-none-eabi/15.2.0/../../../../arm-none-eabi/lib/thumb/v8-m.main+fp/softfp/libg.a(libc_a-sscanf.o)
                              CMakeFiles/acorn_system_1_gadget.dir/sdcard.c.o (sscanf)
/usr/lib/gcc/arm-none-eabi/15.2.0/../../../../arm-none-eabi/lib/thumb/v8-m.main+fp/softfp/libg.a(libc_a-stdio.o)
[...]
Memory Configuration

Name             Origin             Length             Attributes
FLASH            0x10000000         0x01000000         xr
RAM              0x20000000         0x00080000         xrw
SCRATCH_X        0x20080000         0x00001000         xrw
SCRATCH_Y        0x20081000         0x00001000         xrw
*default*        0x00000000         0xffffffff

Linker script and memory map

LOAD /usr/lib/gcc/arm-none-eabi/15.2.0/thumb/v8-m.main+fp/softfp/crti.o
LOAD /usr/lib/gcc/arm-none-eabi/15.2.0/thumb/v8-m.main+fp/softfp/crtbegin.o
LOAD /usr/lib/gcc/arm-none-eabi/15.2.0/../../../../arm-none-eabi/lib/thumb/v8-m.main+fp/softfp/crt0.o

.flash_begin    0x10000000        0x0
                0x10000000                        __flash_binary_start = .

.flashtext      0x10000000      0x1f8
                0x10000000                        __logical_binary_start = .
 *(.vectors)
 .vectors       0x10000000      0x124 CMakeFiles/acorn_system_1_gadget.dir/home/menadue/pico/pico-sdk/src/rp2_common/pico_crt0/crt0.S.o
                0x10000000                __vectors
                0x10000000                __VECTOR_TABLE
                0x10000110                isr_invalid
                0x10000110                __default_isrs_start
                0x10000112                NMI_Handler
                0x10000116                SVC_Handler
                0x10000118                PendSV_Handler
                0x1000011a                SysTick_Handler
                0x1000011c                UART0_IRQ_Handler
                0x1000011c                __unhandled_user_irq
                0x1000011c                TIMER1_IRQ_1_Handler
                0x1000011c                TRNG_IRQ_Handler
                0x1000011c                isr_irq49
                0x1000011c                PLL_SYS_IRQ_Handler
                0x1000011c                IO_IRQ_BANK0_Handler
                0x1000011c                PIO0_IRQ_0_Handler
                0x1000011c                USBCTRL_IRQ_Handler
                0x1000011c                SPI1_IRQ_Handler
                0x1000011c                POWMAN_IRQ_POW_Handler
                0x1000011c                DMA_IRQ_2_Handler
                0x1000011c                PIO1_IRQ_1_Handler
                0x1000011c                POWMAN_IRQ_TIMER_Handler
                0x1000011c                DMA_IRQ_1_Handler
                0x1000011c                SIO_IRQ_FIFO_Handler
                0x1000011c                PLL_USB_IRQ_Handler
                0x1000011c                TIMER0_IRQ_2_Handler
                0x1000011c                I2C1_IRQ_Handler
                0x1000011c                IO_IRQ_BANK0_NS_Handler
                0x1000011c                isr_irq48
                0x1000011c                PIO2_IRQ_1_Handler
                0x1000011c                PWM_IRQ_WRAP_0_Handler
                0x1000011c                isr_irq50
                0x1000011c                TIMER1_IRQ_0_Handler
                0x1000011c                isr_irq40
                0x1000011c                SPI0_IRQ_Handler
                0x1000011c                PWM_IRQ_WRAP_1_Handler
                0x1000011c                SIO_IRQ_BELL_Handler
                0x1000011c                isr_irq41
                0x1000011c                OTP_IRQ_Handler
                0x1000011c                PIO0_IRQ_1_Handler
                0x1000011c                I2C0_IRQ_Handler
                0x1000011c                SIO_IRQ_FIFO_NS_Handler
                0x1000011c                SIO_IRQ_BELL_NS_Handler
                0x1000011c                SIO_IRQ_MTIMECMP_Handler
                0x1000011c                UART1_IRQ_Handler
                0x1000011c                DMA_IRQ_0_Handler
                0x1000011c                CLOCKS_IRQ_Handler
                0x1000011c                PIO1_IRQ_0_Handler
                0x1000011c                PIO2_IRQ_0_Handler
                0x1000011c                isr_irq46
                0x1000011c                ADC_IRQ_FIFO_Handler
                0x1000011c                isr_irq47
                0x1000011c                isr_irq51
                0x1000011c                IO_IRQ_QSPI_Handler
                0x1000011c                TIMER1_IRQ_3_Handler
                0x1000011c                TIMER0_IRQ_0_Handler
                0x1000011c                IO_IRQ_QSPI_NS_Handler
                0x1000011c                __default_isrs_end
                0x1000011c                TIMER0_IRQ_3_Handler
                0x1000011c                TIMER1_IRQ_2_Handler
                0x1000011c                TIMER0_IRQ_1_Handler
                0x1000011c                DMA_IRQ_3_Handler
                0x10000122                unhandled_user_irq_num_in_r0
 *(.binary_info_header)
 .binary_info_header
                0x10000124       0x14 CMakeFiles/acorn_system_1_gadget.dir/home/menadue/pico/pico-sdk/src/rp2_common/pico_crt0/crt0.S.o
                0x10000138                        __binary_info_header_end = .
 *(.embedded_block)
 .embedded_block
                0x10000138       0x14 CMakeFiles/acorn_system_1_gadget.dir/home/menadue/pico/pico-sdk/src/rp2_common/pico_crt0/crt0.S.o
                0x1000014c                        __embedded_block_end = .
 *(.reset)
 .reset         0x1000014c       0xac CMakeFiles/acorn_system_1_gadget.dir/home/menadue/pico/pico-sdk/src/rp2_common/pico_crt0/crt0.S.o
                0x1000014c                _entry_point
                0x100001f8                        . = ALIGN (0x4)

.boot2          0x100001f8        0x0
                0x100001f8                        __boot2_start__ = .
 *(.boot2)
                0x100001f8                        __boot2_end__ = .
                0x00000001                        ASSERT (((__boot2_end__ - __boot2_start__) <= 0x100), ERROR: Pico second stage bootloader must be no more than 256 bytes in size)

.rodata         0x100001f8        0x0
 *(SORT_BY_ALIGNMENT(SORT_BY_NAME(.flashdata*)))
                0x100001f8                        . = ALIGN (0x4)

.ARM.extab
 *(.ARM.extab* .gnu.linkonce.armextab.*)
                0x100001f8                        __exidx_start = .

.ARM.exidx      0x100001f8        0x8
 *(.ARM.exidx* .gnu.linkonce.armexidx.*)
 .ARM.exidx     0x100001f8        0x8 /usr/lib/gcc/arm-none-eabi/15.2.0/thumb/v8-m.main+fp/softfp/libgcc.a(_udivmoddi4.o)
 .ARM.exidx     0x10000200        0x0 /usr/lib/gcc/arm-none-eabi/15.2.0/../../../../arm-none-eabi/lib/thumb/v8-m.main+fp/softfp/libg.a(libc_a-strcmp.o)
                                  0x8 (size before relaxing)
 .ARM.exidx     0x10000200        0x0 /usr/lib/gcc/arm-none-eabi/15.2.0/../../../../arm-none-eabi/lib/thumb/v8-m.main+fp/softfp/libg.a(libc_a-memcpy.o)
                                  0x8 (size before relaxing)
                0x10000200                        __exidx_end = .
                0x10000200                        . = ALIGN (0x4)
                0x10000200                        __binary_info_start = .

.binary_info    0x10000200       0x24
 *(.binary_info.keep.*)
 .binary_info.keep.__bi_ptr84
                0x10000200        0x4 CMakeFiles/acorn_system_1_gadget.dir/home/menadue/pico/pico-sdk/src/rp2_common/pico_standard_binary_info/standard_binary_info.c.o
 .binary_info.keep.__bi_ptr78
                0x10000204        0x4 CMakeFiles/acorn_system_1_gadget.dir/home/menadue/pico/pico-sdk/src/rp2_common/pico_standard_binary_info/standard_binary_info.c.o
 .binary_info.keep.__bi_ptr60
                0x10000208        0x4 CMakeFiles/acorn_system_1_gadget.dir/home/menadue/pico/pico-sdk/src/rp2_common/pico_standard_binary_info/standard_binary_info.c.o
 .binary_info.keep.__bi_ptr54
                0x1000020c        0x4 CMakeFiles/acorn_system_1_gadget.dir/home/menadue/pico/pico-sdk/src/rp2_common/pico_standard_binary_info/standard_binary_info.c.o
 .binary_info.keep.__bi_ptr48
                0x10000210        0x4 CMakeFiles/acorn_system_1_gadget.dir/home/menadue/pico/pico-sdk/src/rp2_common/pico_standard_binary_info/standard_binary_info.c.o
 .binary_info.keep.__bi_ptr42
                0x10000214        0x4 CMakeFiles/acorn_system_1_gadget.dir/home/menadue/pico/pico-sdk/src/rp2_common/pico_standard_binary_info/standard_binary_info.c.o
 .binary_info.keep.__bi_ptr34
                0x10000218        0x4 CMakeFiles/acorn_system_1_gadget.dir/home/menadue/pico/pico-sdk/src/rp2_common/pico_standard_binary_info/standard_binary_info.c.o
 .binary_info.keep.__bi_ptr26
                0x1000021c        0x4 CMakeFiles/acorn_system_1_gadget.dir/home/menadue/pico/pico-sdk/src/rp2_common/pico_standard_binary_info/standard_binary_info.c.o
 *(.binary_info.*)
 .binary_info.__bi_ptr197
                0x10000220        0x4 CMakeFiles/acorn_system_1_gadget.dir/home/menadue/pico/pico-sdk/src/rp2_common/pico_stdio_usb/stdio_usb.c.o
                0x10000224                        __binary_info_end = .
                0x10000224                        . = ALIGN (0x4)

.ram_vector_table
                0x20000000      0x110
 *(.ram_vector_table)
 .ram_vector_table
                0x20000000      0x110 CMakeFiles/acorn_system_1_gadget.dir/home/menadue/pico/pico-sdk/src/rp2_common/pico_runtime_init/runtime_init.c.o
                0x20000000                ram_vector_table

.uninitialized_data
                0x20000110       0x78
                0x20000110                        . = ALIGN (0x4)
 *(.uninitialized_data*)
 .uninitialized_data
                0x20000110       0x78 CMakeFiles/acorn_system_1_gadget.dir/home/menadue/tree/github/acorn-system-1-gadget/firmware/no-OS-FatFS-SD-SDIO-SPI-RPi-Pico/src/src/crash.c.o

.text           0x20000188    0x174ec load address 0x10000224
                0x20000188                        __ram_text_start__ = .
 *(.init)
 .init          0x20000188        0x4 /usr/lib/gcc/arm-none-eabi/15.2.0/thumb/v8-m.main+fp/softfp/crti.o
                0x20000188                _init
 *(.text*)
 .text          0x2000018c       0x8c /usr/lib/gcc/arm-none-eabi/15.2.0/thumb/v8-m.main+fp/softfp/crtbegin.o
 .text.cli_snapshot_memory
                0x20000218        0x4 CMakeFiles/acorn_system_1_gadget.dir/acorn_system_1_gadget.c.o
                0x20000218                cli_snapshot_memory
 .text.cli_version
                0x2000021c       0x18 CMakeFiles/acorn_system_1_gadget.dir/acorn_system_1_gadget.c.o
                0x2000021c                cli_version
 .text.cli_digit
                0x20000234       0x14 CMakeFiles/acorn_system_1_gadget.dir/acorn_system_1_gadget.c.o
                0x20000234                cli_digit
 .text.cli_dump_window
                0x20000248       0x48 CMakeFiles/acorn_system_1_gadget.dir/acorn_system_1_gadget.c.o
                0x20000248                cli_dump_window
 .text.serial_help
                0x20000290       0x3c CMakeFiles/acorn_system_1_gadget.dir/acorn_system_1_gadget.c.o
                0x20000290                serial_help
 .text.cli_boot_mass
                0x200002cc        0xc CMakeFiles/acorn_system_1_gadget.dir/acorn_system_1_gadget.c.o
                0x200002cc                cli_boot_mass
 .text.cli_do_reset
                0x200002d8       0x34 CMakeFiles/acorn_system_1_gadget.dir/acorn_system_1_gadget.c.o
                0x200002d8                cli_do_reset
 .text.cli_dump_ram
                0x2000030c       0xc0 CMakeFiles/acorn_system_1_gadget.dir/acorn_system_1_gadget.c.o
                0x2000030c                cli_dump_ram
 .text.cli_information
                0x200003cc       0xb8 CMakeFiles/acorn_system_1_gadget.dir/acorn_system_1_gadget.c.o
                0x200003cc                cli_information
 .text.ram_emulate
                0x20000484       0x64 CMakeFiles/acorn_system_1_gadget.dir/acorn_system_1_gadget.c.o
                0x20000484                ram_emulate
 .text.cli_load_app
                0x200004e8       0x64 CMakeFiles/acorn_system_1_gadget.dir/acorn_system_1_gadget.c.o
                0x200004e8                cli_load_app
 .text.cli_trace_addresses
                0x2000054c        0x4 CMakeFiles/acorn_system_1_gadget.dir/acorn_system_1_gadget.c.o
                0x2000054c                cli_trace_addresses
 .text.cli_enter_parameter
                0x20000550       0x80 CMakeFiles/acorn_system_1_gadget.dir/acorn_system_1_gadget.c.o
                0x20000550                cli_enter_parameter
 .text.cli_ls   0x200005d0       0xb0 CMakeFiles/acorn_system_1_gadget.dir/acorn_system_1_gadget.c.o
                0x200005d0                cli_ls
 .text.read_binary_file
                0x20000680       0x8c CMakeFiles/acorn_system_1_gadget.dir/acorn_system_1_gadget.c.o
                0x20000680                read_binary_file
 .text.cli_read_file
                0x2000070c       0x10 CMakeFiles/acorn_system_1_gadget.dir/acorn_system_1_gadget.c.o
                0x2000070c                cli_read_file
 .text.cli_load_monitor
                0x2000071c       0x10 CMakeFiles/acorn_system_1_gadget.dir/acorn_system_1_gadget.c.o
                0x2000071c                cli_load_monitor
 .text.startup.main
                0x2000072c      0x3a4 CMakeFiles/acorn_system_1_gadget.dir/acorn_system_1_gadget.c.o
                0x2000072c                main
 .text.i2c_send_byte.constprop.0
                0x20000ad0       0xa0 CMakeFiles/acorn_system_1_gadget.dir/oled.c.o
 .text.oled_send_cmd.constprop.1
                0x20000b70       0x98 CMakeFiles/acorn_system_1_gadget.dir/oled.c.o
 .text.i2c_init
                0x20000c08       0x14 CMakeFiles/acorn_system_1_gadget.dir/oled.c.o
                0x20000c08                i2c_init
 .text.oled_set_xy
                0x20000c1c       0xdc CMakeFiles/acorn_system_1_gadget.dir/oled.c.o
                0x20000c1c                oled_set_xy
 .text.oled_display_string
                0x20000cf8      0x234 CMakeFiles/acorn_system_1_gadget.dir/oled.c.o
                0x20000cf8                oled_display_string
 .text.oled_clear_display
                0x20000f2c      0x114 CMakeFiles/acorn_system_1_gadget.dir/oled.c.o
                0x20000f2c                oled_clear_display
 .text.oled_setup
                0x20001040       0xcc CMakeFiles/acorn_system_1_gadget.dir/oled.c.o
                0x20001040                oled_setup
 .text.mount_sd
                0x2000110c       0x3c CMakeFiles/acorn_system_1_gadget.dir/sdcard.c.o
                0x2000110c                mount_sd
 .text.unmount_sd
                0x20001148       0x10 CMakeFiles/acorn_system_1_gadget.dir/sdcard.c.o
                0x20001148                unmount_sd
 .text.cd_to_dir
                0x20001158       0x68 CMakeFiles/acorn_system_1_gadget.dir/sdcard.c.o
                0x20001158                cd_to_dir
 .text.sd_get_num
                0x200011c0        0x4 CMakeFiles/acorn_system_1_gadget.dir/hw_config.c.o
                0x200011c0                sd_get_num
 .text.sd_get_by_num
                0x200011c4       0x10 CMakeFiles/acorn_system_1_gadget.dir/hw_config.c.o
                0x200011c4                sd_get_by_num
 .text.button_exit
                0x200011d4        0xc CMakeFiles/acorn_system_1_gadget.dir/menu.c.o
                0x200011d4                button_exit
 .text.button_select_file
                0x200011e0        0x4 CMakeFiles/acorn_system_1_gadget.dir/menu.c.o
                0x200011e0                button_select_file
 .text.draw_menu
                0x200011e4      0x12c CMakeFiles/acorn_system_1_gadget.dir/menu.c.o
                0x200011e4                draw_menu
 .text.button_list
                0x20001310      0x1d4 CMakeFiles/acorn_system_1_gadget.dir/menu.c.o
                0x20001310                button_list
 .text.but_ev_file_select
                0x200014e4       0xf0 CMakeFiles/acorn_system_1_gadget.dir/menu.c.o
                0x200014e4                but_ev_file_select
 .text.button_write
                0x200015d4       0x48 CMakeFiles/acorn_system_1_gadget.dir/menu.c.o
                0x200015d4                button_write
 .text.but_ev_up
                0x2000161c       0x38 CMakeFiles/acorn_system_1_gadget.dir/menu.c.o
                0x2000161c                but_ev_up
 .text.but_ev_down
                0x20001654       0x68 CMakeFiles/acorn_system_1_gadget.dir/menu.c.o
                0x20001654                but_ev_down
 .text.button_blank
                0x200016bc       0x90 CMakeFiles/acorn_system_1_gadget.dir/menu.c.o
                0x200016bc                button_blank
 .text.but_ev_select
                0x2000174c       0x54 CMakeFiles/acorn_system_1_gadget.dir/menu.c.o
                0x2000174c                but_ev_select
 .text.gpio_set_function
                0x200017a0       0x3c CMakeFiles/acorn_system_1_gadget.dir/home/menadue/pico/pico-sdk/src/rp2_common/hardware_gpio/gpio.c.o
                0x200017a0                gpio_set_function
 .text.gpio_set_pulls
                0x200017dc       0x24 CMakeFiles/acorn_system_1_gadget.dir/home/menadue/pico/pico-sdk/src/rp2_common/hardware_gpio/gpio.c.o
                0x200017dc                gpio_set_pulls
 .text.gpio_set_slew_rate
                0x20001800       0x1c CMakeFiles/acorn_system_1_gadget.dir/home/menadue/pico/pico-sdk/src/rp2_common/hardware_gpio/gpio.c.o
                0x20001800                gpio_set_slew_rate
 .text.gpio_set_drive_strength
                0x2000181c       0x20 CMakeFiles/acorn_system_1_gadget.dir/home/menadue/pico/pico-sdk/src/rp2_common/hardware_gpio/gpio.c.o
                0x2000181c                gpio_set_drive_strength
 .text.gpio_init
                0x2000183c       0x4c CMakeFiles/acorn_system_1_gadget.dir/home/menadue/pico/pico-sdk/src/rp2_common/hardware_gpio/gpio.c.o
                0x2000183c                gpio_init
 .text.gpio_deinit
                0x20001888       0x40 CMakeFiles/acorn_system_1_gadget.dir/home/menadue/pico/pico-sdk/src/rp2_common/hardware_gpio/gpio.c.o
                0x20001888                gpio_deinit
 .text.panic    0x200018c8       0x30 CMakeFiles/acorn_system_1_gadget.dir/home/menadue/pico/pico-sdk/src/rp2_common/pico_platform_panic/panic.c.o
                0x200018c8                panic
 .text.hw_claim_lock
                0x200018f8       0x24 CMakeFiles/acorn_system_1_gadget.dir/home/menadue/pico/pico-sdk/src/common/hardware_claim/claim.c.o
                0x200018f8                hw_claim_lock
 .text.hw_claim_unlock
                0x2000191c       0x14 CMakeFiles/acorn_system_1_gadget.dir/home/menadue/pico/pico-sdk/src/common/hardware_claim/claim.c.o
                0x2000191c                hw_claim_unlock
 .text.hw_claim_or_assert
                0x20001930       0x58 CMakeFiles/acorn_system_1_gadget.dir/home/menadue/pico/pico-sdk/src/common/hardware_claim/claim.c.o
                0x20001930                hw_claim_or_assert
 .text.hw_claim_unused_from_range
                0x20001988       0x84 CMakeFiles/acorn_system_1_gadget.dir/home/menadue/pico/pico-sdk/src/common/hardware_claim/claim.c.o
                0x20001988                hw_claim_unused_from_range
 .text.next_striped_spin_lock_num
                0x20001a0c       0x18 CMakeFiles/acorn_system_1_gadget.dir/home/menadue/pico/pico-sdk/src/rp2_common/hardware_sync/sync.c.o
                0x20001a0c                next_striped_spin_lock_num
 .text.spin_lock_claim_unused
                0x20001a24       0x24 CMakeFiles/acorn_system_1_gadget.dir/home/menadue/pico/pico-sdk/src/rp2_common/hardware_sync/sync.c.o
                0x20001a24                spin_lock_claim_unused
 .text.spinlock_set_extexclall
                0x20001a48       0x10 CMakeFiles/acorn_system_1_gadget.dir/home/menadue/pico/pico-sdk/src/rp2_common/hardware_sync_spin_lock/sync_spin_lock.c.o
 .text.spin_locks_reset
                0x20001a58       0x18 CMakeFiles/acorn_system_1_gadget.dir/home/menadue/pico/pico-sdk/src/rp2_common/hardware_sync_spin_lock/sync_spin_lock.c.o
                0x20001a58                spin_locks_reset
 .text.runtime_init_per_core_irq_priorities
                0x20001a70       0x40 CMakeFiles/acorn_system_1_gadget.dir/home/menadue/pico/pico-sdk/src/rp2_common/hardware_irq/irq.c.o
                0x20001a70                runtime_init_per_core_irq_priorities
 .text.irq_set_enabled
                0x20001ab0       0x2c CMakeFiles/acorn_system_1_gadget.dir/home/menadue/pico/pico-sdk/src/rp2_common/hardware_irq/irq.c.o
                0x20001ab0                irq_set_enabled
 .text.irq_is_enabled
                0x20001adc       0x20 CMakeFiles/acorn_system_1_gadget.dir/home/menadue/pico/pico-sdk/src/rp2_common/hardware_irq/irq.c.o
                0x20001adc                irq_is_enabled
 .text.irq_set_mask_enabled
                0x20001afc       0x18 CMakeFiles/acorn_system_1_gadget.dir/home/menadue/pico/pico-sdk/src/rp2_common/hardware_irq/irq.c.o
                0x20001afc                irq_set_mask_enabled
 .text.irq_set_pending
                0x20001b14       0x18 CMakeFiles/acorn_system_1_gadget.dir/home/menadue/pico/pico-sdk/src/rp2_common/hardware_irq/irq.c.o
                0x20001b14                irq_set_pending
 .text.irq_has_shared_handler
                0x20001b2c       0x20 CMakeFiles/acorn_system_1_gadget.dir/home/menadue/pico/pico-sdk/src/rp2_common/hardware_irq/irq.c.o
                0x20001b2c                irq_has_shared_handler
 .text.irq_set_exclusive_handler
                0x20001b4c       0x70 CMakeFiles/acorn_system_1_gadget.dir/home/menadue/pico/pico-sdk/src/rp2_common/hardware_irq/irq.c.o
                0x20001b4c                irq_set_exclusive_handler
 .text.irq_add_shared_handler
                0x20001bbc      0x1f4 CMakeFiles/acorn_system_1_gadget.dir/home/menadue/pico/pico-sdk/src/rp2_common/hardware_irq/irq.c.o
                0x20001bbc                irq_add_shared_handler
 .text.irq_add_tail_to_free_list
                0x20001db0       0xfc CMakeFiles/acorn_system_1_gadget.dir/home/menadue/pico/pico-sdk/src/rp2_common/hardware_irq/irq.c.o
                0x20001db0                irq_add_tail_to_free_list
 .text.user_irq_claim_unused
                0x20001eac       0x2c CMakeFiles/acorn_system_1_gadget.dir/home/menadue/pico/pico-sdk/src/rp2_common/hardware_irq/irq.c.o
                0x20001eac                user_irq_claim_unused
 .text.lock_init
                0x20001ed8        0xc CMakeFiles/acorn_system_1_gadget.dir/home/menadue/pico/pico-sdk/src/common/pico_sync/lock_core.c.o
                0x20001ed8                lock_init
 .text.runtime_init_mutex
                0x20001ee4       0x4c CMakeFiles/acorn_system_1_gadget.dir/home/menadue/pico/pico-sdk/src/common/pico_sync/mutex.c.o
                0x20001ee4                runtime_init_mutex
 .text.mutex_init
                0x20001f30       0x1c CMakeFiles/acorn_system_1_gadget.dir/home/menadue/pico/pico-sdk/src/common/pico_sync/mutex.c.o
                0x20001f30                mutex_init
 .text.critical_section_init
                0x20001f4c       0x1c CMakeFiles/acorn_system_1_gadget.dir/home/menadue/pico/pico-sdk/src/common/pico_sync/critical_section.c.o
                0x20001f4c                critical_section_init
 .text.critical_section_init_with_lock_num
                0x20001f68       0x10 CMakeFiles/acorn_system_1_gadget.dir/home/menadue/pico/pico-sdk/src/common/pico_sync/critical_section.c.o
                0x20001f68                critical_section_init_with_lock_num
 .text.sleep_until_callback
                0x20001f78       0x3c CMakeFiles/acorn_system_1_gadget.dir/home/menadue/pico/pico-sdk/src/common/pico_time/time.c.o
 *fill*         0x20001fb4        0x4 
 .text.alarm_pool_irq_handler
                0x20001fb8      0x2ec CMakeFiles/acorn_system_1_gadget.dir/home/menadue/pico/pico-sdk/src/common/pico_time/time.c.o
 .text.runtime_init_default_alarm_pool
                0x200022a4      0x104 CMakeFiles/acorn_system_1_gadget.dir/home/menadue/pico/pico-sdk/src/common/pico_time/time.c.o
                0x200022a4                runtime_init_default_alarm_pool
 .text.alarm_pool_get_default
                0x200023a8        0x8 CMakeFiles/acorn_system_1_gadget.dir/home/menadue/pico/pico-sdk/src/common/pico_time/time.c.o
                0x200023a8                alarm_pool_get_default
 .text.alarm_pool_add_alarm_at
                0x200023b0       0xe4 CMakeFiles/acorn_system_1_gadget.dir/home/menadue/pico/pico-sdk/src/common/pico_time/time.c.o
                0x200023b0                alarm_pool_add_alarm_at
 .text.alarm_pool_add_alarm_at_force_in_context
                0x20002494       0xcc CMakeFiles/acorn_system_1_gadget.dir/home/menadue/pico/pico-sdk/src/common/pico_time/time.c.o
                0x20002494                alarm_pool_add_alarm_at_force_in_context
 .text.alarm_pool_cancel_alarm
                0x20002560       0x84 CMakeFiles/acorn_system_1_gadget.dir/home/menadue/pico/pico-sdk/src/common/pico_time/time.c.o
                0x20002560                alarm_pool_cancel_alarm
 .text.alarm_pool_core_num
                0x200025e4        0x4 CMakeFiles/acorn_system_1_gadget.dir/home/menadue/pico/pico-sdk/src/common/pico_time/time.c.o
                0x200025e4                alarm_pool_core_num
 .text.sleep_us
                0x200025e8       0xd8 CMakeFiles/acorn_system_1_gadget.dir/home/menadue/pico/pico-sdk/src/common/pico_time/time.c.o
                0x200025e8                sleep_us
 .text.sleep_ms
                0x200026c0       0xdc CMakeFiles/acorn_system_1_gadget.dir/home/menadue/pico/pico-sdk/src/common/pico_time/time.c.o
                0x200026c0                sleep_ms
 .text.best_effort_wfe_or_timeout
                0x2000279c       0xf8 CMakeFiles/acorn_system_1_gadget.dir/home/menadue/pico/pico-sdk/src/common/pico_time/time.c.o
                0x2000279c                best_effort_wfe_or_timeout
 .text.timer_hardware_alarm_claim
                0x20002894       0x24 CMakeFiles/acorn_system_1_gadget.dir/home/menadue/pico/pico-sdk/src/rp2_common/hardware_timer/timer.c.o
                0x20002894                timer_hardware_alarm_claim
 .text.timer_time_us_64
                0x200028b8       0x10 CMakeFiles/acorn_system_1_gadget.dir/home/menadue/pico/pico-sdk/src/rp2_common/hardware_timer/timer.c.o
                0x200028b8                timer_time_us_64
 .text.time_us_64
                0x200028c8       0x14 CMakeFiles/acorn_system_1_gadget.dir/home/menadue/pico/pico-sdk/src/rp2_common/hardware_timer/timer.c.o
                0x200028c8                time_us_64
 .text.busy_wait_us
                0x200028dc       0x60 CMakeFiles/acorn_system_1_gadget.dir/home/menadue/pico/pico-sdk/src/rp2_common/hardware_timer/timer.c.o
                0x200028dc                busy_wait_us
 .text.busy_wait_until
                0x2000293c       0x24 CMakeFiles/acorn_system_1_gadget.dir/home/menadue/pico/pico-sdk/src/rp2_common/hardware_timer/timer.c.o
                0x2000293c                busy_wait_until
 .text.clock_configure_undivided
                0x20002960       0xdc CMakeFiles/acorn_system_1_gadget.dir/home/menadue/pico/pico-sdk/src/rp2_common/hardware_clocks/clocks.c.o
                0x20002960                clock_configure_undivided
 .text.clock_get_hz
                0x20002a3c        0xc CMakeFiles/acorn_system_1_gadget.dir/home/menadue/pico/pico-sdk/src/rp2_common/hardware_clocks/clocks.c.o
                0x20002a3c                clock_get_hz
 .text.set_sys_clock_pll
                0x20002a48      0x188 CMakeFiles/acorn_system_1_gadget.dir/home/menadue/pico/pico-sdk/src/rp2_common/hardware_clocks/clocks.c.o
                0x20002a48                set_sys_clock_pll
 .text.check_sys_clock_khz
                0x20002bd0      0x178 CMakeFiles/acorn_system_1_gadget.dir/home/menadue/pico/pico-sdk/src/rp2_common/hardware_clocks/clocks.c.o
                0x20002bd0                check_sys_clock_khz
 .text.pll_init
                0x20002d48       0x90 CMakeFiles/acorn_system_1_gadget.dir/home/menadue/pico/pico-sdk/src/rp2_common/hardware_pll/pll.c.o
                0x20002d48                pll_init
 .text.watchdog_reboot
                0x20002dd8       0xac CMakeFiles/acorn_system_1_gadget.dir/home/menadue/pico/pico-sdk/src/rp2_common/hardware_watchdog/watchdog.c.o
                0x20002dd8                watchdog_reboot
 .text.tick_start
                0x20002e84       0x18 CMakeFiles/acorn_system_1_gadget.dir/home/menadue/pico/pico-sdk/src/rp2_common/hardware_ticks/ticks.c.o
                0x20002e84                tick_start
 .text.rom_reboot.constprop.0.isra.0
                0x20002e9c       0x38 CMakeFiles/acorn_system_1_gadget.dir/home/menadue/pico/pico-sdk/src/rp2_common/pico_bootrom/bootrom.c.o
 .text.rom_func_lookup
                0x20002ed4       0x18 CMakeFiles/acorn_system_1_gadget.dir/home/menadue/pico/pico-sdk/src/rp2_common/pico_bootrom/bootrom.c.o
                0x20002ed4                rom_func_lookup
 .text.rom_reset_usb_boot
                0x20002eec       0x1c CMakeFiles/acorn_system_1_gadget.dir/home/menadue/pico/pico-sdk/src/rp2_common/pico_bootrom/bootrom.c.o
                0x20002eec                rom_reset_usb_boot
 .text.rom_reset_usb_boot_extra
                0x20002f08       0x1c CMakeFiles/acorn_system_1_gadget.dir/home/menadue/pico/pico-sdk/src/rp2_common/pico_bootrom/bootrom.c.o
                0x20002f08                rom_reset_usb_boot_extra
 .text.runtime_init_bootrom_locking_enable
                0x20002f24       0x14 CMakeFiles/acorn_system_1_gadget.dir/home/menadue/pico/pico-sdk/src/rp2_common/pico_bootrom/bootrom_lock.c.o
                0x20002f24                runtime_init_bootrom_locking_enable
 .text.runtime_init_boot_locks_reset
                0x20002f38       0x1c CMakeFiles/acorn_system_1_gadget.dir/home/menadue/pico/pico-sdk/src/rp2_common/hardware_boot_lock/boot_lock.c.o
                0x20002f38                runtime_init_boot_locks_reset
 .text.xosc_init
                0x20002f54       0x2c CMakeFiles/acorn_system_1_gadget.dir/home/menadue/pico/pico-sdk/src/rp2_common/hardware_xosc/xosc.c.o
                0x20002f54                xosc_init
 .text.first_per_core_initializer
                0x20002f80        0x4 CMakeFiles/acorn_system_1_gadget.dir/home/menadue/pico/pico-sdk/src/rp2_common/pico_runtime/runtime.c.o
 .text.hard_assertion_failure
                0x20002f84        0xc CMakeFiles/acorn_system_1_gadget.dir/home/menadue/pico/pico-sdk/src/rp2_common/pico_runtime/runtime.c.o
                0x20002f84                hard_assertion_failure
 .text.runtime_run_initializers
                0x20002f90       0x20 CMakeFiles/acorn_system_1_gadget.dir/home/menadue/pico/pico-sdk/src/rp2_common/pico_runtime/runtime.c.o
                0x20002f90                runtime_run_initializers
 .text.runtime_run_per_core_initializers
                0x20002fb0       0x20 CMakeFiles/acorn_system_1_gadget.dir/home/menadue/pico/pico-sdk/src/rp2_common/pico_runtime/runtime.c.o
                0x20002fb0                runtime_run_per_core_initializers
 .text.runtime_init_early_resets
                0x20002fd0       0x30 CMakeFiles/acorn_system_1_gadget.dir/home/menadue/pico/pico-sdk/src/rp2_common/pico_runtime_init/runtime_init.c.o
                0x20002fd0                runtime_init_early_resets
 .text.runtime_init_usb_power_down
                0x20003000       0x1c CMakeFiles/acorn_system_1_gadget.dir/home/menadue/pico/pico-sdk/src/rp2_common/pico_runtime_init/runtime_init.c.o
                0x20003000                runtime_init_usb_power_down
 .text.runtime_init_per_core_enable_coprocessors
                0x2000301c       0x1c CMakeFiles/acorn_system_1_gadget.dir/home/menadue/pico/pico-sdk/src/rp2_common/pico_runtime_init/runtime_init.c.o
                0x2000301c                runtime_init_per_core_enable_coprocessors
 .text.runtime_init_post_clock_resets
                0x20003038       0x20 CMakeFiles/acorn_system_1_gadget.dir/home/menadue/pico/pico-sdk/src/rp2_common/pico_runtime_init/runtime_init.c.o
                0x20003038                runtime_init_post_clock_resets
 .text.runtime_init_bootrom_reset
                0x20003058       0x14 CMakeFiles/acorn_system_1_gadget.dir/home/menadue/pico/pico-sdk/src/rp2_common/pico_runtime_init/runtime_init.c.o
                0x20003058                runtime_init_bootrom_reset
 .text.runtime_init_per_core_bootrom_reset
                0x2000306c       0x14 CMakeFiles/acorn_system_1_gadget.dir/home/menadue/pico/pico-sdk/src/rp2_common/pico_runtime_init/runtime_init.c.o
                0x2000306c                runtime_init_per_core_bootrom_reset
 .text.runtime_init_spin_locks_reset
                0x20003080        0x4 CMakeFiles/acorn_system_1_gadget.dir/home/menadue/pico/pico-sdk/src/rp2_common/pico_runtime_init/runtime_init.c.o
                0x20003080                runtime_init_spin_locks_reset
 .text.runtime_init_install_ram_vector_table
                0x20003084       0x1c CMakeFiles/acorn_system_1_gadget.dir/home/menadue/pico/pico-sdk/src/rp2_common/pico_runtime_init/runtime_init.c.o
                0x20003084                runtime_init_install_ram_vector_table
 .text.runtime_init_clocks
                0x200030a0       0xdc CMakeFiles/acorn_system_1_gadget.dir/home/menadue/pico/pico-sdk/src/rp2_common/pico_runtime_init/runtime_init_clocks.c.o
                0x200030a0                runtime_init_clocks
 .text.runtime_init_per_core_install_stack_guard
                0x2000317c        0x8 CMakeFiles/acorn_system_1_gadget.dir/home/menadue/pico/pico-sdk/src/rp2_common/pico_runtime_init/runtime_init_stack_guard.c.o
                0x2000317c                runtime_init_per_core_install_stack_guard
 .text.__rp2350_dcp_engaged_state_save_restore
                0x20003184       0x3a CMakeFiles/acorn_system_1_gadget.dir/home/menadue/pico/pico-sdk/src/rp2_common/pico_double/double_aeabi_dcp.S.o
 *fill*         0x200031be        0x2 
 .text.__wrap___aeabi_dadd
                0x200031c0       0x28 CMakeFiles/acorn_system_1_gadget.dir/home/menadue/pico/pico-sdk/src/rp2_common/pico_double/double_aeabi_dcp.S.o
                0x200031c8                __wrap___aeabi_dadd
 .text.__wrap___aeabi_dsub
                0x200031e8       0x28 CMakeFiles/acorn_system_1_gadget.dir/home/menadue/pico/pico-sdk/src/rp2_common/pico_double/double_aeabi_dcp.S.o
                0x200031f0                __wrap___aeabi_dsub
 .text.__wrap___aeabi_dmul
                0x20003210       0x4c CMakeFiles/acorn_system_1_gadget.dir/home/menadue/pico/pico-sdk/src/rp2_common/pico_double/double_aeabi_dcp.S.o
                0x20003218                __wrap___aeabi_dmul
 .text.__wrap___aeabi_ddiv
                0x2000325c       0x9c CMakeFiles/acorn_system_1_gadget.dir/home/menadue/pico/pico-sdk/src/rp2_common/pico_double/double_aeabi_dcp.S.o
                0x20003264                __wrap___aeabi_ddiv
 .text.__wrap___aeabi_d2f
                0x200032f8       0x1c CMakeFiles/acorn_system_1_gadget.dir/home/menadue/pico/pico-sdk/src/rp2_common/pico_double/double_aeabi_dcp.S.o
                0x20003300                double2float
                0x20003300                __wrap___aeabi_d2f
 .text.__wrap___aeabi_i2d
                0x20003314       0x24 CMakeFiles/acorn_system_1_gadget.dir/home/menadue/pico/pico-sdk/src/rp2_common/pico_double/double_aeabi_dcp.S.o
                0x2000331c                __wrap___aeabi_i2d
                0x2000331c                int2double
 .text.__wrap___aeabi_ui2d
                0x20003338       0x24 CMakeFiles/acorn_system_1_gadget.dir/home/menadue/pico/pico-sdk/src/rp2_common/pico_double/double_aeabi_dcp.S.o
                0x20003340                __wrap___aeabi_ui2d
                0x20003340                uint2double
 .text.__wrap___aeabi_d2iz
                0x2000335c       0x24 CMakeFiles/acorn_system_1_gadget.dir/home/menadue/pico/pico-sdk/src/rp2_common/pico_double/double_aeabi_dcp.S.o
                0x20003364                __wrap___aeabi_d2iz
                0x20003364                double2int_z
 .text.__wrap___aeabi_d2uiz
                0x20003380       0x24 CMakeFiles/acorn_system_1_gadget.dir/home/menadue/pico/pico-sdk/src/rp2_common/pico_double/double_aeabi_dcp.S.o
                0x20003388                double2uint_z
                0x20003388                double2uint
                0x20003388                __wrap___aeabi_d2uiz
 .text.__wrap___aeabi_dcmpun
                0x200033a4       0x24 CMakeFiles/acorn_system_1_gadget.dir/home/menadue/pico/pico-sdk/src/rp2_common/pico_double/double_aeabi_dcp.S.o
                0x200033ac                __wrap___aeabi_dcmpun
 .text.__wrap___aeabi_dcmpeq
                0x200033c8       0x24 CMakeFiles/acorn_system_1_gadget.dir/home/menadue/pico/pico-sdk/src/rp2_common/pico_double/double_aeabi_dcp.S.o
                0x200033d0                __wrap___aeabi_dcmpeq
 .text.__wrap___aeabi_dcmplt
                0x200033ec       0x28 CMakeFiles/acorn_system_1_gadget.dir/home/menadue/pico/pico-sdk/src/rp2_common/pico_double/double_aeabi_dcp.S.o
                0x200033f4                __wrap___aeabi_dcmplt
 .text.__wrap___aeabi_dcmple
                0x20003414       0x28 CMakeFiles/acorn_system_1_gadget.dir/home/menadue/pico/pico-sdk/src/rp2_common/pico_double/double_aeabi_dcp.S.o
                0x2000341c                __wrap___aeabi_dcmple
 .text.__wrap___aeabi_dcmpge
                0x2000343c       0x28 CMakeFiles/acorn_system_1_gadget.dir/home/menadue/pico/pico-sdk/src/rp2_common/pico_double/double_aeabi_dcp.S.o
                0x20003444                __wrap___aeabi_dcmpge
 .text.__wrap___aeabi_dcmpgt
                0x20003464       0x28 CMakeFiles/acorn_system_1_gadget.dir/home/menadue/pico/pico-sdk/src/rp2_common/pico_double/double_aeabi_dcp.S.o
                0x2000346c                __wrap___aeabi_dcmpgt
 .text.__wrap_conv_tod
                0x2000348c      0x20c CMakeFiles/acorn_system_1_gadget.dir/home/menadue/pico/pico-sdk/src/rp2_common/pico_double/double_conv_m33.S.o
                0x2000348c                __wrap___aeabi_l2d
                0x2000348c                int642double
                0x2000348e                fix642double
                0x20003532                uint642double
                0x20003532                __wrap___aeabi_ul2d
                0x20003534                ufix642double
                0x200035c8                fix2double
                0x20003638                ufix2double
 .text.__wrap_conv_dtoi64_z
                0x20003698       0xa0 CMakeFiles/acorn_system_1_gadget.dir/home/menadue/pico/pico-sdk/src/rp2_common/pico_double/double_conv_m33.S.o
                0x20003698                __wrap___aeabi_d2lz
                0x20003698                double2int64_z
                0x2000369a                double2fix64_z
 .text.__wrap_malloc
                0x20003738       0x38 CMakeFiles/acorn_system_1_gadget.dir/home/menadue/pico/pico-sdk/src/rp2_common/pico_malloc/malloc.c.o
                0x20003738                __wrap_malloc
 .text.__wrap_free
                0x20003770       0x20 CMakeFiles/acorn_system_1_gadget.dir/home/menadue/pico/pico-sdk/src/rp2_common/pico_malloc/malloc.c.o
                0x20003770                __wrap_free
 .text._out_buffer
                0x20003790        0x8 CMakeFiles/acorn_system_1_gadget.dir/home/menadue/pico/pico-sdk/src/rp2_common/pico_printf/printf.c.o
 .text._out_null
                0x20003798        0x4 CMakeFiles/acorn_system_1_gadget.dir/home/menadue/pico/pico-sdk/src/rp2_common/pico_printf/printf.c.o
 .text._out_rev
                0x2000379c       0xa8 CMakeFiles/acorn_system_1_gadget.dir/home/menadue/pico/pico-sdk/src/rp2_common/pico_printf/printf.c.o
 .text._ntoa_format
                0x20003844      0x1dc CMakeFiles/acorn_system_1_gadget.dir/home/menadue/pico/pico-sdk/src/rp2_common/pico_printf/printf.c.o
 .text._out_char
                0x20003a20        0x8 CMakeFiles/acorn_system_1_gadget.dir/home/menadue/pico/pico-sdk/src/rp2_common/pico_printf/printf.c.o
 .text._out_fct
                0x20003a28        0xc CMakeFiles/acorn_system_1_gadget.dir/home/menadue/pico/pico-sdk/src/rp2_common/pico_printf/printf.c.o
 *fill*         0x20003a34        0x4 
 .text._ftoa    0x20003a38      0x494 CMakeFiles/acorn_system_1_gadget.dir/home/menadue/pico/pico-sdk/src/rp2_common/pico_printf/printf.c.o
 *fill*         0x20003ecc        0x4 
 .text._etoa    0x20003ed0      0x580 CMakeFiles/acorn_system_1_gadget.dir/home/menadue/pico/pico-sdk/src/rp2_common/pico_printf/printf.c.o
 .text._vsnprintf
                0x20004450      0x9d8 CMakeFiles/acorn_system_1_gadget.dir/home/menadue/pico/pico-sdk/src/rp2_common/pico_printf/printf.c.o
 .text.__wrap_sprintf
                0x20004e28       0x30 CMakeFiles/acorn_system_1_gadget.dir/home/menadue/pico/pico-sdk/src/rp2_common/pico_printf/printf.c.o
                0x20004e28                __wrap_sprintf
 .text.__wrap_snprintf
                0x20004e58       0x30 CMakeFiles/acorn_system_1_gadget.dir/home/menadue/pico/pico-sdk/src/rp2_common/pico_printf/printf.c.o
                0x20004e58                __wrap_snprintf
 .text.__wrap_vsnprintf
                0x20004e88       0x1c CMakeFiles/acorn_system_1_gadget.dir/home/menadue/pico/pico-sdk/src/rp2_common/pico_printf/printf.c.o
                0x20004e88                __wrap_vsnprintf
 .text.vfctprintf
                0x20004ea4       0x24 CMakeFiles/acorn_system_1_gadget.dir/home/menadue/pico/pico-sdk/src/rp2_common/pico_printf/printf.c.o
                0x20004ea4                vfctprintf
 .text.weak_raw_printf
                0x20004ec8       0x48 CMakeFiles/acorn_system_1_gadget.dir/home/menadue/pico/pico-sdk/src/rp2_common/pico_printf/printf.c.o
                0x20004ec8                weak_raw_printf
 .text.weak_raw_vprintf
                0x20004f10       0x30 CMakeFiles/acorn_system_1_gadget.dir/home/menadue/pico/pico-sdk/src/rp2_common/pico_printf/printf.c.o
                0x20004f10                weak_raw_vprintf
 .text._exit    0x20004f40        0x4 CMakeFiles/acorn_system_1_gadget.dir/home/menadue/pico/pico-sdk/src/rp2_common/pico_clib_interface/newlib_interface.c.o
                0x20004f40                _exit
 .text._sbrk    0x20004f44       0x2c CMakeFiles/acorn_system_1_gadget.dir/home/menadue/pico/pico-sdk/src/rp2_common/pico_clib_interface/newlib_interface.c.o
                0x20004f44                _sbrk
 .text.exit     0x20004f70        0x8 CMakeFiles/acorn_system_1_gadget.dir/home/menadue/pico/pico-sdk/src/rp2_common/pico_clib_interface/newlib_interface.c.o
                0x20004f70                exit
 .text.__assert_func
                0x20004f78       0x3c CMakeFiles/acorn_system_1_gadget.dir/home/menadue/pico/pico-sdk/src/rp2_common/pico_clib_interface/newlib_interface.c.o
                0x20004f78                __assert_func
 .text.runtime_init
                0x20004fb4       0x2c CMakeFiles/acorn_system_1_gadget.dir/home/menadue/pico/pico-sdk/src/rp2_common/pico_clib_interface/newlib_interface.c.o
                0x20004fb4                runtime_init
 .text.stdio_out_chars_no_crlf
                0x20004fe0        0x8 CMakeFiles/acorn_system_1_gadget.dir/home/menadue/pico/pico-sdk/src/rp2_common/pico_stdio/stdio.c.o
 .text.stdio_out_chars_crlf
                0x20004fe8       0xc0 CMakeFiles/acorn_system_1_gadget.dir/home/menadue/pico/pico-sdk/src/rp2_common/pico_stdio/stdio.c.o
 .text.stdio_buffered_printer
                0x200050a8       0x5c CMakeFiles/acorn_system_1_gadget.dir/home/menadue/pico/pico-sdk/src/rp2_common/pico_stdio/stdio.c.o
 .text.stdio_put_string
                0x20005104       0xec CMakeFiles/acorn_system_1_gadget.dir/home/menadue/pico/pico-sdk/src/rp2_common/pico_stdio/stdio.c.o
                0x20005104                stdio_put_string
 .text.stdio_set_driver_enabled
                0x200051f0       0x28 CMakeFiles/acorn_system_1_gadget.dir/home/menadue/pico/pico-sdk/src/rp2_common/pico_stdio/stdio.c.o
                0x200051f0                stdio_set_driver_enabled
 .text.stdio_flush
                0x20005218       0x24 CMakeFiles/acorn_system_1_gadget.dir/home/menadue/pico/pico-sdk/src/rp2_common/pico_stdio/stdio.c.o
                0x20005218                stdio_flush
 .text.stdio_getchar_timeout_us
                0x2000523c       0x8c CMakeFiles/acorn_system_1_gadget.dir/home/menadue/pico/pico-sdk/src/rp2_common/pico_stdio/stdio.c.o
                0x2000523c                stdio_getchar_timeout_us
 .text.__wrap_putchar
                0x200052c8       0x84 CMakeFiles/acorn_system_1_gadget.dir/home/menadue/pico/pico-sdk/src/rp2_common/pico_stdio/stdio.c.o
                0x200052c8                stdio_putchar
                0x200052c8                __wrap_putchar
 .text.__wrap_puts
                0x2000534c       0x3c CMakeFiles/acorn_system_1_gadget.dir/home/menadue/pico/pico-sdk/src/rp2_common/pico_stdio/stdio.c.o
                0x2000534c                __wrap_puts
                0x2000534c                stdio_puts
 .text.__wrap_vprintf
                0x20005388       0xc0 CMakeFiles/acorn_system_1_gadget.dir/home/menadue/pico/pico-sdk/src/rp2_common/pico_stdio/stdio.c.o
                0x20005388                __wrap_vprintf
                0x20005388                stdio_vprintf
 .text.__wrap_printf
                0x20005448       0x1c CMakeFiles/acorn_system_1_gadget.dir/home/menadue/pico/pico-sdk/src/rp2_common/pico_stdio/stdio.c.o
                0x20005448                stdio_printf
                0x20005448                __wrap_printf
 .text.resetd_init
                0x20005464        0x4 CMakeFiles/acorn_system_1_gadget.dir/home/menadue/pico/pico-sdk/src/rp2_common/pico_stdio_usb/reset_interface.c.o
 .text.resetd_reset
                0x20005468        0xc CMakeFiles/acorn_system_1_gadget.dir/home/menadue/pico/pico-sdk/src/rp2_common/pico_stdio_usb/reset_interface.c.o
 .text.resetd_open
                0x20005474       0x28 CMakeFiles/acorn_system_1_gadget.dir/home/menadue/pico/pico-sdk/src/rp2_common/pico_stdio_usb/reset_interface.c.o
 .text.resetd_xfer_cb
                0x2000549c        0x4 CMakeFiles/acorn_system_1_gadget.dir/home/menadue/pico/pico-sdk/src/rp2_common/pico_stdio_usb/reset_interface.c.o
 .text.resetd_control_xfer_cb
                0x200054a0       0x50 CMakeFiles/acorn_system_1_gadget.dir/home/menadue/pico/pico-sdk/src/rp2_common/pico_stdio_usb/reset_interface.c.o
 .text.tud_descriptor_bos_cb
                0x200054f0        0x8 CMakeFiles/acorn_system_1_gadget.dir/home/menadue/pico/pico-sdk/src/rp2_common/pico_stdio_usb/reset_interface.c.o
                0x200054f0                tud_descriptor_bos_cb
 .text.tud_vendor_control_xfer_cb
                0x200054f8       0x28 CMakeFiles/acorn_system_1_gadget.dir/home/menadue/pico/pico-sdk/src/rp2_common/pico_stdio_usb/reset_interface.c.o
                0x200054f8                tud_vendor_control_xfer_cb
 .text.usbd_app_driver_get_cb
                0x20005520       0x10 CMakeFiles/acorn_system_1_gadget.dir/home/menadue/pico/pico-sdk/src/rp2_common/pico_stdio_usb/reset_interface.c.o
                0x20005520                usbd_app_driver_get_cb
 .text.tud_cdc_line_coding_cb
                0x20005530       0x18 CMakeFiles/acorn_system_1_gadget.dir/home/menadue/pico/pico-sdk/src/rp2_common/pico_stdio_usb/reset_interface.c.o
                0x20005530                tud_cdc_line_coding_cb
 .text.stdio_usb_set_chars_available_callback
                0x20005548       0x14 CMakeFiles/acorn_system_1_gadget.dir/home/menadue/pico/pico-sdk/src/rp2_common/pico_stdio_usb/stdio_usb.c.o
                0x20005548                stdio_usb_set_chars_available_callback
 .text.timer_task
                0x2000555c       0x70 CMakeFiles/acorn_system_1_gadget.dir/home/menadue/pico/pico-sdk/src/rp2_common/pico_stdio_usb/stdio_usb.c.o
 .text.usb_irq  0x200055cc        0xc CMakeFiles/acorn_system_1_gadget.dir/home/menadue/pico/pico-sdk/src/rp2_common/pico_stdio_usb/stdio_usb.c.o
 .text.stdio_usb_in_chars
                0x200055d8       0x88 CMakeFiles/acorn_system_1_gadget.dir/home/menadue/pico/pico-sdk/src/rp2_common/pico_stdio_usb/stdio_usb.c.o
                0x200055d8                stdio_usb_in_chars
 .text.stdio_usb_out_flush
                0x20005660       0x54 CMakeFiles/acorn_system_1_gadget.dir/home/menadue/pico/pico-sdk/src/rp2_common/pico_stdio_usb/stdio_usb.c.o
 .text.stdio_usb_out_chars
                0x200056b4       0xf0 CMakeFiles/acorn_system_1_gadget.dir/home/menadue/pico/pico-sdk/src/rp2_common/pico_stdio_usb/stdio_usb.c.o
 .text.low_priority_worker_irq
                0x200057a4       0xe8 CMakeFiles/acorn_system_1_gadget.dir/home/menadue/pico/pico-sdk/src/rp2_common/pico_stdio_usb/stdio_usb.c.o
 .text.stdio_usb_init
                0x2000588c       0xec CMakeFiles/acorn_system_1_gadget.dir/home/menadue/pico/pico-sdk/src/rp2_common/pico_stdio_usb/stdio_usb.c.o
                0x2000588c                stdio_usb_init
 .text.tud_descriptor_device_cb
                0x20005978        0x8 CMakeFiles/acorn_system_1_gadget.dir/home/menadue/pico/pico-sdk/src/rp2_common/pico_stdio_usb/stdio_usb_descriptors.c.o
                0x20005978                tud_descriptor_device_cb
 .text.tud_descriptor_configuration_cb
                0x20005980        0x8 CMakeFiles/acorn_system_1_gadget.dir/home/menadue/pico/pico-sdk/src/rp2_common/pico_stdio_usb/stdio_usb_descriptors.c.o
                0x20005980                tud_descriptor_configuration_cb
 .text.tud_descriptor_string_cb
                0x20005988       0x80 CMakeFiles/acorn_system_1_gadget.dir/home/menadue/pico/pico-sdk/src/rp2_common/pico_stdio_usb/stdio_usb_descriptors.c.o
                0x20005988                tud_descriptor_string_cb
 .text.startup._retrieve_unique_id_on_boot
                0x20005a08       0x2c CMakeFiles/acorn_system_1_gadget.dir/home/menadue/pico/pico-sdk/src/rp2_common/pico_unique_id/unique_id.c.o
 .text.pico_get_unique_board_id_string
                0x20005a34      0x190 CMakeFiles/acorn_system_1_gadget.dir/home/menadue/pico/pico-sdk/src/rp2_common/pico_unique_id/unique_id.c.o
                0x20005a34                pico_get_unique_board_id_string
 .text.dcd_init
                0x20005bc4       0x94 CMakeFiles/acorn_system_1_gadget.dir/home/menadue/pico/pico-sdk/lib/tinyusb/src/portable/raspberrypi/rp2040/dcd_rp2040.c.o
                0x20005bc4                dcd_init
 .text.dcd_int_enable
                0x20005c58        0x8 CMakeFiles/acorn_system_1_gadget.dir/home/menadue/pico/pico-sdk/lib/tinyusb/src/portable/raspberrypi/rp2040/dcd_rp2040.c.o
                0x20005c58                dcd_int_enable
 .text.dcd_set_address
                0x20005c60       0x10 CMakeFiles/acorn_system_1_gadget.dir/home/menadue/pico/pico-sdk/lib/tinyusb/src/portable/raspberrypi/rp2040/dcd_rp2040.c.o
                0x20005c60                dcd_set_address
 .text.dcd_sof_enable
                0x20005c70       0x1c CMakeFiles/acorn_system_1_gadget.dir/home/menadue/pico/pico-sdk/lib/tinyusb/src/portable/raspberrypi/rp2040/dcd_rp2040.c.o
                0x20005c70                dcd_sof_enable
 .text.dcd_edpt0_status_complete
                0x20005c8c       0x1c CMakeFiles/acorn_system_1_gadget.dir/home/menadue/pico/pico-sdk/lib/tinyusb/src/portable/raspberrypi/rp2040/dcd_rp2040.c.o
                0x20005c8c                dcd_edpt0_status_complete
 .text.dcd_edpt_open
                0x20005ca8      0x100 CMakeFiles/acorn_system_1_gadget.dir/home/menadue/pico/pico-sdk/lib/tinyusb/src/portable/raspberrypi/rp2040/dcd_rp2040.c.o
                0x20005ca8                dcd_edpt_open
 .text.dcd_edpt_close_all
                0x20005da8        0x4 CMakeFiles/acorn_system_1_gadget.dir/home/menadue/pico/pico-sdk/lib/tinyusb/src/portable/raspberrypi/rp2040/dcd_rp2040.c.o
                0x20005da8                dcd_edpt_close_all
 .text.dcd_edpt_xfer
                0x20005dac       0x28 CMakeFiles/acorn_system_1_gadget.dir/home/menadue/pico/pico-sdk/lib/tinyusb/src/portable/raspberrypi/rp2040/dcd_rp2040.c.o
                0x20005dac                dcd_edpt_xfer
 .text.dcd_edpt_stall
                0x20005dd4       0x30 CMakeFiles/acorn_system_1_gadget.dir/home/menadue/pico/pico-sdk/lib/tinyusb/src/portable/raspberrypi/rp2040/dcd_rp2040.c.o
                0x20005dd4                dcd_edpt_stall
 .text.dcd_edpt_clear_stall
                0x20005e04       0x24 CMakeFiles/acorn_system_1_gadget.dir/home/menadue/pico/pico-sdk/lib/tinyusb/src/portable/raspberrypi/rp2040/dcd_rp2040.c.o
                0x20005e04                dcd_edpt_clear_stall
 .text.rp2040_usb_init
                0x20005e28       0x40 CMakeFiles/acorn_system_1_gadget.dir/home/menadue/pico/pico-sdk/lib/tinyusb/src/portable/raspberrypi/rp2040/rp2040_usb.c.o
                0x20005e28                rp2040_usb_init
 .text.hw_endpoint_xfer_start
                0x20005e68       0x40 CMakeFiles/acorn_system_1_gadget.dir/home/menadue/pico/pico-sdk/lib/tinyusb/src/portable/raspberrypi/rp2040/rp2040_usb.c.o
                0x20005e68                hw_endpoint_xfer_start
 .text.configuration_reset
                0x20005ea8       0x8c CMakeFiles/acorn_system_1_gadget.dir/home/menadue/pico/pico-sdk/lib/tinyusb/src/device/usbd.c.o
 .text.tud_event_hook_cb
                0x20005f34        0x4 CMakeFiles/acorn_system_1_gadget.dir/home/menadue/pico/pico-sdk/lib/tinyusb/src/device/usbd.c.o
                0x20005f34                tud_event_hook_cb
 .text.tud_sof_cb
                0x20005f38        0x4 CMakeFiles/acorn_system_1_gadget.dir/home/menadue/pico/pico-sdk/lib/tinyusb/src/device/usbd.c.o
                0x20005f38                tud_sof_cb
 .text.tud_descriptor_device_qualifier_cb
                0x20005f3c        0x4 CMakeFiles/acorn_system_1_gadget.dir/home/menadue/pico/pico-sdk/lib/tinyusb/src/device/usbd.c.o
                0x20005f3c                tud_descriptor_device_qualifier_cb
 .text.tud_descriptor_other_speed_configuration_cb
                0x20005f40        0x4 CMakeFiles/acorn_system_1_gadget.dir/home/menadue/pico/pico-sdk/lib/tinyusb/src/device/usbd.c.o
                0x20005f40                tud_descriptor_other_speed_configuration_cb
 .text.tud_mount_cb
                0x20005f44        0x4 CMakeFiles/acorn_system_1_gadget.dir/home/menadue/pico/pico-sdk/lib/tinyusb/src/device/usbd.c.o
                0x20005f44                tud_mount_cb
 .text.tud_umount_cb
                0x20005f48        0x4 CMakeFiles/acorn_system_1_gadget.dir/home/menadue/pico/pico-sdk/lib/tinyusb/src/device/usbd.c.o
                0x20005f48                tud_umount_cb
 .text.tud_suspend_cb
                0x20005f4c        0x4 CMakeFiles/acorn_system_1_gadget.dir/home/menadue/pico/pico-sdk/lib/tinyusb/src/device/usbd.c.o
                0x20005f4c                tud_suspend_cb
 .text.tud_resume_cb
                0x20005f50        0x4 CMakeFiles/acorn_system_1_gadget.dir/home/menadue/pico/pico-sdk/lib/tinyusb/src/device/usbd.c.o
                0x20005f50                tud_resume_cb
 .text.tud_mounted
                0x20005f54       0x10 CMakeFiles/acorn_system_1_gadget.dir/home/menadue/pico/pico-sdk/lib/tinyusb/src/device/usbd.c.o
                0x20005f54                tud_mounted
 .text.tud_suspended
                0x20005f64       0x10 CMakeFiles/acorn_system_1_gadget.dir/home/menadue/pico/pico-sdk/lib/tinyusb/src/device/usbd.c.o
                0x20005f64                tud_suspended
 .text.tud_init
                0x20005f74       0xe0 CMakeFiles/acorn_system_1_gadget.dir/home/menadue/pico/pico-sdk/lib/tinyusb/src/device/usbd.c.o
                0x20005f74                tud_init
 .text.tud_task_ext
                0x20006054      0x7bc CMakeFiles/acorn_system_1_gadget.dir/home/menadue/pico/pico-sdk/lib/tinyusb/src/device/usbd.c.o
                0x20006054                tud_task_ext
 .text.usbd_open_edpt_pair
                0x20006810       0xa0 CMakeFiles/acorn_system_1_gadget.dir/home/menadue/pico/pico-sdk/lib/tinyusb/src/device/usbd.c.o
                0x20006810                usbd_open_edpt_pair
 .text.usbd_edpt_open
                0x200068b0       0x5c CMakeFiles/acorn_system_1_gadget.dir/home/menadue/pico/pico-sdk/lib/tinyusb/src/device/usbd.c.o
                0x200068b0                usbd_edpt_open
 .text.usbd_edpt_claim
                0x2000690c       0x24 CMakeFiles/acorn_system_1_gadget.dir/home/menadue/pico/pico-sdk/lib/tinyusb/src/device/usbd.c.o
                0x2000690c                usbd_edpt_claim
 .text.usbd_edpt_release
                0x20006930       0x24 CMakeFiles/acorn_system_1_gadget.dir/home/menadue/pico/pico-sdk/lib/tinyusb/src/device/usbd.c.o
                0x20006930                usbd_edpt_release
 .text.usbd_edpt_xfer
                0x20006954       0x70 CMakeFiles/acorn_system_1_gadget.dir/home/menadue/pico/pico-sdk/lib/tinyusb/src/device/usbd.c.o
                0x20006954                usbd_edpt_xfer
 .text.tud_control_status
                0x200069c4       0x38 CMakeFiles/acorn_system_1_gadget.dir/home/menadue/pico/pico-sdk/lib/tinyusb/src/device/usbd_control.c.o
                0x200069c4                tud_control_status
 .text.tud_control_xfer
                0x200069fc       0xb4 CMakeFiles/acorn_system_1_gadget.dir/home/menadue/pico/pico-sdk/lib/tinyusb/src/device/usbd_control.c.o
                0x200069fc                tud_control_xfer
 .text.usbd_control_reset
                0x20006ab0       0x14 CMakeFiles/acorn_system_1_gadget.dir/home/menadue/pico/pico-sdk/lib/tinyusb/src/device/usbd_control.c.o
                0x20006ab0                usbd_control_reset
 .text.usbd_control_set_complete_callback
                0x20006ac4        0xc CMakeFiles/acorn_system_1_gadget.dir/home/menadue/pico/pico-sdk/lib/tinyusb/src/device/usbd_control.c.o
                0x20006ac4                usbd_control_set_complete_callback
 .text.usbd_control_set_request
                0x20006ad0       0x1c CMakeFiles/acorn_system_1_gadget.dir/home/menadue/pico/pico-sdk/lib/tinyusb/src/device/usbd_control.c.o
                0x20006ad0                usbd_control_set_request
 .text.usbd_control_xfer_cb
                0x20006aec      0x104 CMakeFiles/acorn_system_1_gadget.dir/home/menadue/pico/pico-sdk/lib/tinyusb/src/device/usbd_control.c.o
                0x20006aec                usbd_control_xfer_cb
 .text._prep_out_transaction.isra.0
                0x20006bf0       0x64 CMakeFiles/acorn_system_1_gadget.dir/home/menadue/pico/pico-sdk/lib/tinyusb/src/class/cdc/cdc_device.c.o
 .text.tud_cdc_n_connected
                0x20006c54       0x2c CMakeFiles/acorn_system_1_gadget.dir/home/menadue/pico/pico-sdk/lib/tinyusb/src/class/cdc/cdc_device.c.o
                0x20006c54                tud_cdc_n_connected
 .text.tud_cdc_n_available
                0x20006c80       0x18 CMakeFiles/acorn_system_1_gadget.dir/home/menadue/pico/pico-sdk/lib/tinyusb/src/class/cdc/cdc_device.c.o
                0x20006c80                tud_cdc_n_available
 .text.tud_cdc_n_read
                0x20006c98       0x8c CMakeFiles/acorn_system_1_gadget.dir/home/menadue/pico/pico-sdk/lib/tinyusb/src/class/cdc/cdc_device.c.o
                0x20006c98                tud_cdc_n_read
 .text.tud_cdc_n_write_flush
                0x20006d24       0x94 CMakeFiles/acorn_system_1_gadget.dir/home/menadue/pico/pico-sdk/lib/tinyusb/src/class/cdc/cdc_device.c.o
                0x20006d24                tud_cdc_n_write_flush
 .text.tud_cdc_n_write
                0x20006db8       0x40 CMakeFiles/acorn_system_1_gadget.dir/home/menadue/pico/pico-sdk/lib/tinyusb/src/class/cdc/cdc_device.c.o
                0x20006db8                tud_cdc_n_write
 .text.tud_cdc_n_write_available
                0x20006df8       0x18 CMakeFiles/acorn_system_1_gadget.dir/home/menadue/pico/pico-sdk/lib/tinyusb/src/class/cdc/cdc_device.c.o
                0x20006df8                tud_cdc_n_write_available
 .text.cdcd_init
                0x20006e10       0x74 CMakeFiles/acorn_system_1_gadget.dir/home/menadue/pico/pico-sdk/lib/tinyusb/src/class/cdc/cdc_device.c.o
                0x20006e10                cdcd_init
 .text.cdcd_deinit
                0x20006e84       0x30 CMakeFiles/acorn_system_1_gadget.dir/home/menadue/pico/pico-sdk/lib/tinyusb/src/class/cdc/cdc_device.c.o
                0x20006e84                cdcd_deinit
 .text.cdcd_reset
                0x20006eb4       0x50 CMakeFiles/acorn_system_1_gadget.dir/home/menadue/pico/pico-sdk/lib/tinyusb/src/class/cdc/cdc_device.c.o
                0x20006eb4                cdcd_reset
 .text.cdcd_open
                0x20006f04       0xcc CMakeFiles/acorn_system_1_gadget.dir/home/menadue/pico/pico-sdk/lib/tinyusb/src/class/cdc/cdc_device.c.o
                0x20006f04                cdcd_open
 .text.cdcd_control_xfer_cb
                0x20006fd0       0xd4 CMakeFiles/acorn_system_1_gadget.dir/home/menadue/pico/pico-sdk/lib/tinyusb/src/class/cdc/cdc_device.c.o
                0x20006fd0                cdcd_control_xfer_cb
 .text.cdcd_xfer_cb
                0x200070a4       0xf8 CMakeFiles/acorn_system_1_gadget.dir/home/menadue/pico/pico-sdk/lib/tinyusb/src/class/cdc/cdc_device.c.o
                0x200070a4                cdcd_xfer_cb
 .text.vendord_init
                0x2000719c       0x5c CMakeFiles/acorn_system_1_gadget.dir/home/menadue/pico/pico-sdk/lib/tinyusb/src/class/vendor/vendor_device.c.o
                0x2000719c                vendord_init
 .text.vendord_deinit
                0x200071f8       0x1c CMakeFiles/acorn_system_1_gadget.dir/home/menadue/pico/pico-sdk/lib/tinyusb/src/class/vendor/vendor_device.c.o
                0x200071f8                vendord_deinit
 .text.vendord_reset
                0x20007214       0x20 CMakeFiles/acorn_system_1_gadget.dir/home/menadue/pico/pico-sdk/lib/tinyusb/src/class/vendor/vendor_device.c.o
                0x20007214                vendord_reset
 .text.vendord_open
                0x20007234       0xf8 CMakeFiles/acorn_system_1_gadget.dir/home/menadue/pico/pico-sdk/lib/tinyusb/src/class/vendor/vendor_device.c.o
                0x20007234                vendord_open
 .text.vendord_xfer_cb
                0x2000732c       0x98 CMakeFiles/acorn_system_1_gadget.dir/home/menadue/pico/pico-sdk/lib/tinyusb/src/class/vendor/vendor_device.c.o
                0x2000732c                vendord_xfer_cb
 .text.tusb_init
                0x200073c4       0x1c CMakeFiles/acorn_system_1_gadget.dir/home/menadue/pico/pico-sdk/lib/tinyusb/src/tusb.c.o
                0x200073c4                tusb_init
 .text.tu_edpt_claim
                0x200073e0       0x60 CMakeFiles/acorn_system_1_gadget.dir/home/menadue/pico/pico-sdk/lib/tinyusb/src/tusb.c.o
                0x200073e0                tu_edpt_claim
 .text.tu_edpt_release
                0x20007440       0x38 CMakeFiles/acorn_system_1_gadget.dir/home/menadue/pico/pico-sdk/lib/tinyusb/src/tusb.c.o
                0x20007440                tu_edpt_release
 .text.tu_edpt_validate
                0x20007478       0x60 CMakeFiles/acorn_system_1_gadget.dir/home/menadue/pico/pico-sdk/lib/tinyusb/src/tusb.c.o
                0x20007478                tu_edpt_validate
 .text.tu_edpt_bind_driver
                0x200074d8       0x54 CMakeFiles/acorn_system_1_gadget.dir/home/menadue/pico/pico-sdk/lib/tinyusb/src/tusb.c.o
                0x200074d8                tu_edpt_bind_driver
 .text.tu_edpt_stream_init
                0x2000752c       0x58 CMakeFiles/acorn_system_1_gadget.dir/home/menadue/pico/pico-sdk/lib/tinyusb/src/tusb.c.o
                0x2000752c                tu_edpt_stream_init
 .text.tu_edpt_stream_deinit
                0x20007584        0x4 CMakeFiles/acorn_system_1_gadget.dir/home/menadue/pico/pico-sdk/lib/tinyusb/src/tusb.c.o
                0x20007584                tu_edpt_stream_deinit
 .text.tu_edpt_stream_write_zlp_if_needed
                0x20007588       0x6c CMakeFiles/acorn_system_1_gadget.dir/home/menadue/pico/pico-sdk/lib/tinyusb/src/tusb.c.o
                0x20007588                tu_edpt_stream_write_zlp_if_needed
 .text.tu_edpt_stream_write_xfer
                0x200075f4       0x74 CMakeFiles/acorn_system_1_gadget.dir/home/menadue/pico/pico-sdk/lib/tinyusb/src/tusb.c.o
                0x200075f4                tu_edpt_stream_write_xfer
 .text.tu_edpt_stream_read_xfer
                0x20007668       0xd0 CMakeFiles/acorn_system_1_gadget.dir/home/menadue/pico/pico-sdk/lib/tinyusb/src/tusb.c.o
                0x20007668                tu_edpt_stream_read_xfer
 .text.tu_fifo_config
                0x20007738       0x60 CMakeFiles/acorn_system_1_gadget.dir/home/menadue/pico/pico-sdk/lib/tinyusb/src/common/tusb_fifo.c.o
                0x20007738                tu_fifo_config
 .text.tu_fifo_count
                0x20007798       0x20 CMakeFiles/acorn_system_1_gadget.dir/home/menadue/pico/pico-sdk/lib/tinyusb/src/common/tusb_fifo.c.o
                0x20007798                tu_fifo_count
 .text.tu_fifo_empty
                0x200077b8       0x14 CMakeFiles/acorn_system_1_gadget.dir/home/menadue/pico/pico-sdk/lib/tinyusb/src/common/tusb_fifo.c.o
                0x200077b8                tu_fifo_empty
 .text.tu_fifo_remaining
                0x200077cc       0x24 CMakeFiles/acorn_system_1_gadget.dir/home/menadue/pico/pico-sdk/lib/tinyusb/src/common/tusb_fifo.c.o
                0x200077cc                tu_fifo_remaining
 .text.tu_fifo_read
                0x200077f0       0x9c CMakeFiles/acorn_system_1_gadget.dir/home/menadue/pico/pico-sdk/lib/tinyusb/src/common/tusb_fifo.c.o
                0x200077f0                tu_fifo_read
 .text.tu_fifo_read_n
                0x2000788c       0xe0 CMakeFiles/acorn_system_1_gadget.dir/home/menadue/pico/pico-sdk/lib/tinyusb/src/common/tusb_fifo.c.o
                0x2000788c                tu_fifo_read_n
 .text.tu_fifo_write
                0x2000796c       0xa8 CMakeFiles/acorn_system_1_gadget.dir/home/menadue/pico/pico-sdk/lib/tinyusb/src/common/tusb_fifo.c.o
                0x2000796c                tu_fifo_write
 .text.tu_fifo_write_n
                0x20007a14      0x150 CMakeFiles/acorn_system_1_gadget.dir/home/menadue/pico/pico-sdk/lib/tinyusb/src/common/tusb_fifo.c.o
                0x20007a14                tu_fifo_write_n
 .text.tu_fifo_clear
                0x20007b64       0x38 CMakeFiles/acorn_system_1_gadget.dir/home/menadue/pico/pico-sdk/lib/tinyusb/src/common/tusb_fifo.c.o
                0x20007b64                tu_fifo_clear
 .text.tu_fifo_set_overwritable
                0x20007b9c       0x3c CMakeFiles/acorn_system_1_gadget.dir/home/menadue/pico/pico-sdk/lib/tinyusb/src/common/tusb_fifo.c.o
                0x20007b9c                tu_fifo_set_overwritable
 .text.add_program_at_offset
                0x20007bd8       0xb4 CMakeFiles/acorn_system_1_gadget.dir/home/menadue/pico/pico-sdk/src/rp2_common/hardware_pio/pio.c.o
 .text.pio_claim_unused_sm
                0x20007c8c       0x38 CMakeFiles/acorn_system_1_gadget.dir/home/menadue/pico/pico-sdk/src/rp2_common/hardware_pio/pio.c.o
                0x20007c8c                pio_claim_unused_sm
 .text.pio_add_program
                0x20007cc4       0x9c CMakeFiles/acorn_system_1_gadget.dir/home/menadue/pico/pico-sdk/src/rp2_common/hardware_pio/pio.c.o
                0x20007cc4                pio_add_program
 .text.pio_clear_instruction_memory
                0x20007d60       0x34 CMakeFiles/acorn_system_1_gadget.dir/home/menadue/pico/pico-sdk/src/rp2_common/hardware_pio/pio.c.o
                0x20007d60                pio_clear_instruction_memory
 .text.pio_sm_set_consecutive_pindirs
                0x20007d94       0x8c CMakeFiles/acorn_system_1_gadget.dir/home/menadue/pico/pico-sdk/src/rp2_common/hardware_pio/pio.c.o
                0x20007d94                pio_sm_set_consecutive_pindirs
 .text.pio_sm_init
                0x20007e20      0x128 CMakeFiles/acorn_system_1_gadget.dir/home/menadue/pico/pico-sdk/src/rp2_common/hardware_pio/pio.c.o
                0x20007e20                pio_sm_init
 .text.dma_channel_claim
                0x20007f48       0x14 CMakeFiles/acorn_system_1_gadget.dir/home/menadue/pico/pico-sdk/src/rp2_common/hardware_dma/dma.c.o
                0x20007f48                dma_channel_claim
 .text.dma_claim_unused_channel
                0x20007f5c       0x24 CMakeFiles/acorn_system_1_gadget.dir/home/menadue/pico/pico-sdk/src/rp2_common/hardware_dma/dma.c.o
                0x20007f5c                dma_claim_unused_channel
 .text.core1_trampoline
                0x20007f80        0x4 CMakeFiles/acorn_system_1_gadget.dir/home/menadue/pico/pico-sdk/src/rp2_common/pico_multicore/multicore.c.o
 .text.core1_wrapper
                0x20007f84       0x18 CMakeFiles/acorn_system_1_gadget.dir/home/menadue/pico/pico-sdk/src/rp2_common/pico_multicore/multicore.c.o
                0x20007f84                core1_wrapper
 .text.multicore_launch_core1_raw
                0x20007f9c       0x80 CMakeFiles/acorn_system_1_gadget.dir/home/menadue/pico/pico-sdk/src/rp2_common/pico_multicore/multicore.c.o
                0x20007f9c                multicore_launch_core1_raw
 .text.multicore_launch_core1
                0x2000801c       0x48 CMakeFiles/acorn_system_1_gadget.dir/home/menadue/pico/pico-sdk/src/rp2_common/pico_multicore/multicore.c.o
                0x2000801c                multicore_launch_core1
 .text.tchar2uni
                0x20008064      0x10c CMakeFiles/acorn_system_1_gadget.dir/home/menadue/tree/github/acorn-system-1-gadget/firmware/no-OS-FatFS-SD-SDIO-SPI-RPi-Pico/src/ff15/source/ff.c.o
 .text.inc_share
                0x20008170       0x8c CMakeFiles/acorn_system_1_gadget.dir/home/menadue/tree/github/acorn-system-1-gadget/firmware/no-OS-FatFS-SD-SDIO-SPI-RPi-Pico/src/ff15/source/ff.c.o
 .text.pick_lfn
                0x200081fc      0x26c CMakeFiles/acorn_system_1_gadget.dir/home/menadue/tree/github/acorn-system-1-gadget/firmware/no-OS-FatFS-SD-SDIO-SPI-RPi-Pico/src/ff15/source/ff.c.o
 .text.put_utf  0x20008468       0xcc CMakeFiles/acorn_system_1_gadget.dir/home/menadue/tree/github/acorn-system-1-gadget/firmware/no-OS-FatFS-SD-SDIO-SPI-RPi-Pico/src/ff15/source/ff.c.o
 .text.dir_clear
                0x20008534      0x130 CMakeFiles/acorn_system_1_gadget.dir/home/menadue/tree/github/acorn-system-1-gadget/firmware/no-OS-FatFS-SD-SDIO-SPI-RPi-Pico/src/ff15/source/ff.c.o
 .text.init_alloc_info.isra.0
                0x20008664       0x20 CMakeFiles/acorn_system_1_gadget.dir/home/menadue/tree/github/acorn-system-1-gadget/firmware/no-OS-FatFS-SD-SDIO-SPI-RPi-Pico/src/ff15/source/ff.c.o
 .text.pattern_match
                0x20008684       0xe8 CMakeFiles/acorn_system_1_gadget.dir/home/menadue/tree/github/acorn-system-1-gadget/firmware/no-OS-FatFS-SD-SDIO-SPI-RPi-Pico/src/ff15/source/ff.c.o
 .text.move_window
                0x2000876c       0x94 CMakeFiles/acorn_system_1_gadget.dir/home/menadue/tree/github/acorn-system-1-gadget/firmware/no-OS-FatFS-SD-SDIO-SPI-RPi-Pico/src/ff15/source/ff.c.o
 .text.put_fat.part.0
                0x20008800      0x130 CMakeFiles/acorn_system_1_gadget.dir/home/menadue/tree/github/acorn-system-1-gadget/firmware/no-OS-FatFS-SD-SDIO-SPI-RPi-Pico/src/ff15/source/ff.c.o
 .text.get_fat  0x20008930      0x150 CMakeFiles/acorn_system_1_gadget.dir/home/menadue/tree/github/acorn-system-1-gadget/firmware/no-OS-FatFS-SD-SDIO-SPI-RPi-Pico/src/ff15/source/ff.c.o
 .text.dir_next.constprop.0
                0x20008a80       0xb4 CMakeFiles/acorn_system_1_gadget.dir/home/menadue/tree/github/acorn-system-1-gadget/firmware/no-OS-FatFS-SD-SDIO-SPI-RPi-Pico/src/ff15/source/ff.c.o
 .text.sync_fs  0x20008b34       0xd4 CMakeFiles/acorn_system_1_gadget.dir/home/menadue/tree/github/acorn-system-1-gadget/firmware/no-OS-FatFS-SD-SDIO-SPI-RPi-Pico/src/ff15/source/ff.c.o
 .text.get_fileinfo
                0x20008c08      0x278 CMakeFiles/acorn_system_1_gadget.dir/home/menadue/tree/github/acorn-system-1-gadget/firmware/no-OS-FatFS-SD-SDIO-SPI-RPi-Pico/src/ff15/source/ff.c.o
 .text.check_fs
                0x20008e80      0x138 CMakeFiles/acorn_system_1_gadget.dir/home/menadue/tree/github/acorn-system-1-gadget/firmware/no-OS-FatFS-SD-SDIO-SPI-RPi-Pico/src/ff15/source/ff.c.o
 .text.mount_volume
                0x20008fb8      0x644 CMakeFiles/acorn_system_1_gadget.dir/home/menadue/tree/github/acorn-system-1-gadget/firmware/no-OS-FatFS-SD-SDIO-SPI-RPi-Pico/src/ff15/source/ff.c.o
 .text.load_xdir
                0x200095fc      0x1f4 CMakeFiles/acorn_system_1_gadget.dir/home/menadue/tree/github/acorn-system-1-gadget/firmware/no-OS-FatFS-SD-SDIO-SPI-RPi-Pico/src/ff15/source/ff.c.o
 .text.dir_read.constprop.0
                0x200097f0      0x274 CMakeFiles/acorn_system_1_gadget.dir/home/menadue/tree/github/acorn-system-1-gadget/firmware/no-OS-FatFS-SD-SDIO-SPI-RPi-Pico/src/ff15/source/ff.c.o
 .text.dir_sdi  0x20009a64      0x268 CMakeFiles/acorn_system_1_gadget.dir/home/menadue/tree/github/acorn-system-1-gadget/firmware/no-OS-FatFS-SD-SDIO-SPI-RPi-Pico/src/ff15/source/ff.c.o
 .text.store_xdir
                0x20009ccc      0x1f0 CMakeFiles/acorn_system_1_gadget.dir/home/menadue/tree/github/acorn-system-1-gadget/firmware/no-OS-FatFS-SD-SDIO-SPI-RPi-Pico/src/ff15/source/ff.c.o
 .text.dir_find
                0x20009ebc      0x404 CMakeFiles/acorn_system_1_gadget.dir/home/menadue/tree/github/acorn-system-1-gadget/firmware/no-OS-FatFS-SD-SDIO-SPI-RPi-Pico/src/ff15/source/ff.c.o
 .text.follow_path
                0x2000a2c0      0x550 CMakeFiles/acorn_system_1_gadget.dir/home/menadue/tree/github/acorn-system-1-gadget/firmware/no-OS-FatFS-SD-SDIO-SPI-RPi-Pico/src/ff15/source/ff.c.o
 .text.remove_chain
                0x2000a810      0x314 CMakeFiles/acorn_system_1_gadget.dir/home/menadue/tree/github/acorn-system-1-gadget/firmware/no-OS-FatFS-SD-SDIO-SPI-RPi-Pico/src/ff15/source/ff.c.o
 .text.create_chain
                0x2000ab24      0x5c8 CMakeFiles/acorn_system_1_gadget.dir/home/menadue/tree/github/acorn-system-1-gadget/firmware/no-OS-FatFS-SD-SDIO-SPI-RPi-Pico/src/ff15/source/ff.c.o
 .text.dir_alloc
                0x2000b0ec      0x1f8 CMakeFiles/acorn_system_1_gadget.dir/home/menadue/tree/github/acorn-system-1-gadget/firmware/no-OS-FatFS-SD-SDIO-SPI-RPi-Pico/src/ff15/source/ff.c.o
 .text.dir_register
                0x2000b2e4      0x8f8 CMakeFiles/acorn_system_1_gadget.dir/home/menadue/tree/github/acorn-system-1-gadget/firmware/no-OS-FatFS-SD-SDIO-SPI-RPi-Pico/src/ff15/source/ff.c.o
 .text.f_mount  0x2000bbdc       0x90 CMakeFiles/acorn_system_1_gadget.dir/home/menadue/tree/github/acorn-system-1-gadget/firmware/no-OS-FatFS-SD-SDIO-SPI-RPi-Pico/src/ff15/source/ff.c.o
                0x2000bbdc                f_mount
 *fill*         0x2000bc6c        0x4 
 .text.f_open   0x2000bc70      0x448 CMakeFiles/acorn_system_1_gadget.dir/home/menadue/tree/github/acorn-system-1-gadget/firmware/no-OS-FatFS-SD-SDIO-SPI-RPi-Pico/src/ff15/source/ff.c.o
                0x2000bc70                f_open
 .text.f_read   0x2000c0b8      0x1f8 CMakeFiles/acorn_system_1_gadget.dir/home/menadue/tree/github/acorn-system-1-gadget/firmware/no-OS-FatFS-SD-SDIO-SPI-RPi-Pico/src/ff15/source/ff.c.o
                0x2000c0b8                f_read
 .text.f_sync   0x2000c2b0      0x260 CMakeFiles/acorn_system_1_gadget.dir/home/menadue/tree/github/acorn-system-1-gadget/firmware/no-OS-FatFS-SD-SDIO-SPI-RPi-Pico/src/ff15/source/ff.c.o
                0x2000c2b0                f_sync
 .text.f_close  0x2000c510       0x68 CMakeFiles/acorn_system_1_gadget.dir/home/menadue/tree/github/acorn-system-1-gadget/firmware/no-OS-FatFS-SD-SDIO-SPI-RPi-Pico/src/ff15/source/ff.c.o
                0x2000c510                f_close
 .text.f_chdrive
                0x2000c578       0x38 CMakeFiles/acorn_system_1_gadget.dir/home/menadue/tree/github/acorn-system-1-gadget/firmware/no-OS-FatFS-SD-SDIO-SPI-RPi-Pico/src/ff15/source/ff.c.o
                0x2000c578                f_chdrive
 .text.f_chdir  0x2000c5b0       0xfc CMakeFiles/acorn_system_1_gadget.dir/home/menadue/tree/github/acorn-system-1-gadget/firmware/no-OS-FatFS-SD-SDIO-SPI-RPi-Pico/src/ff15/source/ff.c.o
                0x2000c5b0                f_chdir
 .text.f_getcwd
                0x2000c6ac      0x5c4 CMakeFiles/acorn_system_1_gadget.dir/home/menadue/tree/github/acorn-system-1-gadget/firmware/no-OS-FatFS-SD-SDIO-SPI-RPi-Pico/src/ff15/source/ff.c.o
                0x2000c6ac                f_getcwd
 .text.f_closedir
                0x2000cc70       0x74 CMakeFiles/acorn_system_1_gadget.dir/home/menadue/tree/github/acorn-system-1-gadget/firmware/no-OS-FatFS-SD-SDIO-SPI-RPi-Pico/src/ff15/source/ff.c.o
                0x2000cc70                f_closedir
 .text.f_readdir
                0x2000cce4       0x9c CMakeFiles/acorn_system_1_gadget.dir/home/menadue/tree/github/acorn-system-1-gadget/firmware/no-OS-FatFS-SD-SDIO-SPI-RPi-Pico/src/ff15/source/ff.c.o
                0x2000cce4                f_readdir
 .text.f_findnext
                0x2000cd80      0x278 CMakeFiles/acorn_system_1_gadget.dir/home/menadue/tree/github/acorn-system-1-gadget/firmware/no-OS-FatFS-SD-SDIO-SPI-RPi-Pico/src/ff15/source/ff.c.o
                0x2000cd80                f_findnext
 .text.f_findfirst
                0x2000cff8      0x118 CMakeFiles/acorn_system_1_gadget.dir/home/menadue/tree/github/acorn-system-1-gadget/firmware/no-OS-FatFS-SD-SDIO-SPI-RPi-Pico/src/ff15/source/ff.c.o
                0x2000cff8                f_findfirst
 .text.ff_memalloc
                0x2000d110        0x4 CMakeFiles/acorn_system_1_gadget.dir/home/menadue/tree/github/acorn-system-1-gadget/firmware/no-OS-FatFS-SD-SDIO-SPI-RPi-Pico/src/ff15/source/ffsystem.c.o
                0x2000d110                ff_memalloc
 .text.ff_memfree
                0x2000d114        0x4 CMakeFiles/acorn_system_1_gadget.dir/home/menadue/tree/github/acorn-system-1-gadget/firmware/no-OS-FatFS-SD-SDIO-SPI-RPi-Pico/src/ff15/source/ffsystem.c.o
                0x2000d114                ff_memfree
 .text.ff_uni2oem
                0x2000d118       0x38 CMakeFiles/acorn_system_1_gadget.dir/home/menadue/tree/github/acorn-system-1-gadget/firmware/no-OS-FatFS-SD-SDIO-SPI-RPi-Pico/src/ff15/source/ffunicode.c.o
                0x2000d118                ff_uni2oem
 .text.ff_oem2uni
                0x2000d150       0x28 CMakeFiles/acorn_system_1_gadget.dir/home/menadue/tree/github/acorn-system-1-gadget/firmware/no-OS-FatFS-SD-SDIO-SPI-RPi-Pico/src/ff15/source/ffunicode.c.o
                0x2000d150                ff_oem2uni
 .text.ff_wtoupper
                0x2000d178       0xa4 CMakeFiles/acorn_system_1_gadget.dir/home/menadue/tree/github/acorn-system-1-gadget/firmware/no-OS-FatFS-SD-SDIO-SPI-RPi-Pico/src/ff15/source/ffunicode.c.o
                0x2000d178                ff_wtoupper
 .text.dma_irq_add_handler
                0x2000d21c       0x9c CMakeFiles/acorn_system_1_gadget.dir/home/menadue/tree/github/acorn-system-1-gadget/firmware/no-OS-FatFS-SD-SDIO-SPI-RPi-Pico/src/sd_driver/dma_interrupts.c.o
                0x2000d21c                dma_irq_add_handler
 .text.sd_lock  0x2000d2b8        0x8 CMakeFiles/acorn_system_1_gadget.dir/home/menadue/tree/github/acorn-system-1-gadget/firmware/no-OS-FatFS-SD-SDIO-SPI-RPi-Pico/src/sd_driver/sd_card.c.o
                0x2000d2b8                sd_lock
 .text.sd_unlock
                0x2000d2c0        0x8 CMakeFiles/acorn_system_1_gadget.dir/home/menadue/tree/github/acorn-system-1-gadget/firmware/no-OS-FatFS-SD-SDIO-SPI-RPi-Pico/src/sd_driver/sd_card.c.o
                0x2000d2c0                sd_unlock
 .text.sd_get_by_drive_prefix
                0x2000d2c8       0x34 CMakeFiles/acorn_system_1_gadget.dir/home/menadue/tree/github/acorn-system-1-gadget/firmware/no-OS-FatFS-SD-SDIO-SPI-RPi-Pico/src/sd_driver/sd_card.c.o
                0x2000d2c8                sd_get_by_drive_prefix
 .text.sd_card_detect
                0x2000d2fc       0x78 CMakeFiles/acorn_system_1_gadget.dir/home/menadue/tree/github/acorn-system-1-gadget/firmware/no-OS-FatFS-SD-SDIO-SPI-RPi-Pico/src/sd_driver/sd_card.c.o
                0x2000d2fc                sd_card_detect
 .text.sd_get_drive_prefix
                0x2000d374       0x10 CMakeFiles/acorn_system_1_gadget.dir/home/menadue/tree/github/acorn-system-1-gadget/firmware/no-OS-FatFS-SD-SDIO-SPI-RPi-Pico/src/sd_driver/sd_card.c.o
                0x2000d374                sd_get_drive_prefix
 .text.sd_init_driver
                0x2000d384       0xd8 CMakeFiles/acorn_system_1_gadget.dir/home/menadue/tree/github/acorn-system-1-gadget/firmware/no-OS-FatFS-SD-SDIO-SPI-RPi-Pico/src/sd_driver/sd_card.c.o
                0x2000d384                sd_init_driver
 .text.sdio_start_next_block_tx
                0x2000d45c      0x140 CMakeFiles/acorn_system_1_gadget.dir/home/menadue/tree/github/acorn-system-1-gadget/firmware/no-OS-FatFS-SD-SDIO-SPI-RPi-Pico/src/sd_driver/SDIO/rp2040_sdio.c.o
 .text.rp2040_sdio_stop.isra.0
                0x2000d59c       0x88 CMakeFiles/acorn_system_1_gadget.dir/home/menadue/tree/github/acorn-system-1-gadget/firmware/no-OS-FatFS-SD-SDIO-SPI-RPi-Pico/src/sd_driver/SDIO/rp2040_sdio.c.o
 .text.sdio_send_command.isra.0
                0x2000d624       0x7c CMakeFiles/acorn_system_1_gadget.dir/home/menadue/tree/github/acorn-system-1-gadget/firmware/no-OS-FatFS-SD-SDIO-SPI-RPi-Pico/src/sd_driver/SDIO/rp2040_sdio.c.o
 .text.sdio_crc16_4bit_checksum
                0x2000d6a0       0xa4 CMakeFiles/acorn_system_1_gadget.dir/home/menadue/tree/github/acorn-system-1-gadget/firmware/no-OS-FatFS-SD-SDIO-SPI-RPi-Pico/src/sd_driver/SDIO/rp2040_sdio.c.o
                0x2000d6a0                sdio_crc16_4bit_checksum
 .text.rp2040_sdio_command_R1
                0x2000d744      0x14c CMakeFiles/acorn_system_1_gadget.dir/home/menadue/tree/github/acorn-system-1-gadget/firmware/no-OS-FatFS-SD-SDIO-SPI-RPi-Pico/src/sd_driver/SDIO/rp2040_sdio.c.o
                0x2000d744                rp2040_sdio_command_R1
 .text.rp2040_sdio_command_R2
                0x2000d890      0x218 CMakeFiles/acorn_system_1_gadget.dir/home/menadue/tree/github/acorn-system-1-gadget/firmware/no-OS-FatFS-SD-SDIO-SPI-RPi-Pico/src/sd_driver/SDIO/rp2040_sdio.c.o
                0x2000d890                rp2040_sdio_command_R2
 .text.rp2040_sdio_command_R3
                0x2000daa8       0x9c CMakeFiles/acorn_system_1_gadget.dir/home/menadue/tree/github/acorn-system-1-gadget/firmware/no-OS-FatFS-SD-SDIO-SPI-RPi-Pico/src/sd_driver/SDIO/rp2040_sdio.c.o
                0x2000daa8                rp2040_sdio_command_R3
 .text.rp2040_sdio_rx_start
                0x2000db44      0x18c CMakeFiles/acorn_system_1_gadget.dir/home/menadue/tree/github/acorn-system-1-gadget/firmware/no-OS-FatFS-SD-SDIO-SPI-RPi-Pico/src/sd_driver/SDIO/rp2040_sdio.c.o
                0x2000db44                rp2040_sdio_rx_start
 .text.rp2040_sdio_rx_poll
                0x2000dcd0      0x1a0 CMakeFiles/acorn_system_1_gadget.dir/home/menadue/tree/github/acorn-system-1-gadget/firmware/no-OS-FatFS-SD-SDIO-SPI-RPi-Pico/src/sd_driver/SDIO/rp2040_sdio.c.o
                0x2000dcd0                rp2040_sdio_rx_poll
 .text.rp2040_sdio_tx_start
                0x2000de70       0x7c CMakeFiles/acorn_system_1_gadget.dir/home/menadue/tree/github/acorn-system-1-gadget/firmware/no-OS-FatFS-SD-SDIO-SPI-RPi-Pico/src/sd_driver/SDIO/rp2040_sdio.c.o
                0x2000de70                rp2040_sdio_tx_start
 .text.rp2040_sdio_tx_poll
                0x2000deec       0x88 CMakeFiles/acorn_system_1_gadget.dir/home/menadue/tree/github/acorn-system-1-gadget/firmware/no-OS-FatFS-SD-SDIO-SPI-RPi-Pico/src/sd_driver/SDIO/rp2040_sdio.c.o
                0x2000deec                rp2040_sdio_tx_poll
 *fill*         0x2000df74        0x4 
 .text.rp2040_sdio_init
                0x2000df78      0x48c CMakeFiles/acorn_system_1_gadget.dir/home/menadue/tree/github/acorn-system-1-gadget/firmware/no-OS-FatFS-SD-SDIO-SPI-RPi-Pico/src/sd_driver/SDIO/rp2040_sdio.c.o
                0x2000df78                rp2040_sdio_init
 .text.sd_sdio_deinit
                0x2000e404       0xd8 CMakeFiles/acorn_system_1_gadget.dir/home/menadue/tree/github/acorn-system-1-gadget/firmware/no-OS-FatFS-SD-SDIO-SPI-RPi-Pico/src/sd_driver/SDIO/sd_card_sdio.c.o
 .text.sd_sdio_test_com
                0x2000e4dc       0x90 CMakeFiles/acorn_system_1_gadget.dir/home/menadue/tree/github/acorn-system-1-gadget/firmware/no-OS-FatFS-SD-SDIO-SPI-RPi-Pico/src/sd_driver/SDIO/sd_card_sdio.c.o
 .text.logSDError.isra.0
                0x2000e56c       0x48 CMakeFiles/acorn_system_1_gadget.dir/home/menadue/tree/github/acorn-system-1-gadget/firmware/no-OS-FatFS-SD-SDIO-SPI-RPi-Pico/src/sd_driver/SDIO/sd_card_sdio.c.o
 .text.sd_sdio_sectorCount
                0x2000e5b4       0xdc CMakeFiles/acorn_system_1_gadget.dir/home/menadue/tree/github/acorn-system-1-gadget/firmware/no-OS-FatFS-SD-SDIO-SPI-RPi-Pico/src/sd_driver/SDIO/sd_card_sdio.c.o
                0x2000e5b4                sd_sdio_sectorCount
 .text.sd_sdio_begin
                0x2000e690      0x424 CMakeFiles/acorn_system_1_gadget.dir/home/menadue/tree/github/acorn-system-1-gadget/firmware/no-OS-FatFS-SD-SDIO-SPI-RPi-Pico/src/sd_driver/SDIO/sd_card_sdio.c.o
                0x2000e690                sd_sdio_begin
 .text.sd_sdio_init
                0x2000eab4       0xf4 CMakeFiles/acorn_system_1_gadget.dir/home/menadue/tree/github/acorn-system-1-gadget/firmware/no-OS-FatFS-SD-SDIO-SPI-RPi-Pico/src/sd_driver/SDIO/sd_card_sdio.c.o
 .text.sd_sdio_stopTransmission
                0x2000eba8       0xcc CMakeFiles/acorn_system_1_gadget.dir/home/menadue/tree/github/acorn-system-1-gadget/firmware/no-OS-FatFS-SD-SDIO-SPI-RPi-Pico/src/sd_driver/SDIO/sd_card_sdio.c.o
                0x2000eba8                sd_sdio_stopTransmission
 .text.sd_sync  0x2000ec74       0x38 CMakeFiles/acorn_system_1_gadget.dir/home/menadue/tree/github/acorn-system-1-gadget/firmware/no-OS-FatFS-SD-SDIO-SPI-RPi-Pico/src/sd_driver/SDIO/sd_card_sdio.c.o
 .text.sd_sdio_writeSector
                0x2000ecac      0x114 CMakeFiles/acorn_system_1_gadget.dir/home/menadue/tree/github/acorn-system-1-gadget/firmware/no-OS-FatFS-SD-SDIO-SPI-RPi-Pico/src/sd_driver/SDIO/sd_card_sdio.c.o
                0x2000ecac                sd_sdio_writeSector
 .text.sd_sdio_writeSectors
                0x2000edc0      0x174 CMakeFiles/acorn_system_1_gadget.dir/home/menadue/tree/github/acorn-system-1-gadget/firmware/no-OS-FatFS-SD-SDIO-SPI-RPi-Pico/src/sd_driver/SDIO/sd_card_sdio.c.o
                0x2000edc0                sd_sdio_writeSectors
 .text.sd_sdio_write_blocks
                0x2000ef34       0x44 CMakeFiles/acorn_system_1_gadget.dir/home/menadue/tree/github/acorn-system-1-gadget/firmware/no-OS-FatFS-SD-SDIO-SPI-RPi-Pico/src/sd_driver/SDIO/sd_card_sdio.c.o
 .text.sd_sdio_readSector
                0x2000ef78      0x120 CMakeFiles/acorn_system_1_gadget.dir/home/menadue/tree/github/acorn-system-1-gadget/firmware/no-OS-FatFS-SD-SDIO-SPI-RPi-Pico/src/sd_driver/SDIO/sd_card_sdio.c.o
                0x2000ef78                sd_sdio_readSector
 .text.sd_sdio_readSectors
                0x2000f098      0x140 CMakeFiles/acorn_system_1_gadget.dir/home/menadue/tree/github/acorn-system-1-gadget/firmware/no-OS-FatFS-SD-SDIO-SPI-RPi-Pico/src/sd_driver/SDIO/sd_card_sdio.c.o
                0x2000f098                sd_sdio_readSectors
 .text.sd_sdio_read_blocks
                0x2000f1d8       0x44 CMakeFiles/acorn_system_1_gadget.dir/home/menadue/tree/github/acorn-system-1-gadget/firmware/no-OS-FatFS-SD-SDIO-SPI-RPi-Pico/src/sd_driver/SDIO/sd_card_sdio.c.o
 .text.sd_sdio_ctor
                0x2000f21c       0x6c CMakeFiles/acorn_system_1_gadget.dir/home/menadue/tree/github/acorn-system-1-gadget/firmware/no-OS-FatFS-SD-SDIO-SPI-RPi-Pico/src/sd_driver/SDIO/sd_card_sdio.c.o
                0x2000f21c                sd_sdio_ctor
 .text.spi_transfer_start
                0x2000f288       0x80 CMakeFiles/acorn_system_1_gadget.dir/home/menadue/tree/github/acorn-system-1-gadget/firmware/no-OS-FatFS-SD-SDIO-SPI-RPi-Pico/src/sd_driver/SPI/my_spi.c.o
                0x2000f288                spi_transfer_start
 .text.calculate_transfer_time_ms
                0x2000f308       0x58 CMakeFiles/acorn_system_1_gadget.dir/home/menadue/tree/github/acorn-system-1-gadget/firmware/no-OS-FatFS-SD-SDIO-SPI-RPi-Pico/src/sd_driver/SPI/my_spi.c.o
                0x2000f308                calculate_transfer_time_ms
 .text.my_spi_init
                0x2000f360      0x208 CMakeFiles/acorn_system_1_gadget.dir/home/menadue/tree/github/acorn-system-1-gadget/firmware/no-OS-FatFS-SD-SDIO-SPI-RPi-Pico/src/sd_driver/SPI/my_spi.c.o
                0x2000f360                my_spi_init
 .text.sd_deinit
                0x2000f568       0x34 CMakeFiles/acorn_system_1_gadget.dir/home/menadue/tree/github/acorn-system-1-gadget/firmware/no-OS-FatFS-SD-SDIO-SPI-RPi-Pico/src/sd_driver/SPI/sd_card_spi.c.o
 .text.crc7.constprop.0
                0x2000f59c       0x30 CMakeFiles/acorn_system_1_gadget.dir/home/menadue/tree/github/acorn-system-1-gadget/firmware/no-OS-FatFS-SD-SDIO-SPI-RPi-Pico/src/sd_driver/SPI/sd_card_spi.c.o
 .text.sd_wait_ready
                0x2000f5cc       0xa0 CMakeFiles/acorn_system_1_gadget.dir/home/menadue/tree/github/acorn-system-1-gadget/firmware/no-OS-FatFS-SD-SDIO-SPI-RPi-Pico/src/sd_driver/SPI/sd_card_spi.c.o
 .text.read_bytes
                0x2000f66c      0x16c CMakeFiles/acorn_system_1_gadget.dir/home/menadue/tree/github/acorn-system-1-gadget/firmware/no-OS-FatFS-SD-SDIO-SPI-RPi-Pico/src/sd_driver/SPI/sd_card_spi.c.o
 .text.sd_cmd_spi
                0x2000f7d8      0x168 CMakeFiles/acorn_system_1_gadget.dir/home/menadue/tree/github/acorn-system-1-gadget/firmware/no-OS-FatFS-SD-SDIO-SPI-RPi-Pico/src/sd_driver/SPI/sd_card_spi.c.o
 .text.sd_spi_test_com
                0x2000f940      0x17c CMakeFiles/acorn_system_1_gadget.dir/home/menadue/tree/github/acorn-system-1-gadget/firmware/no-OS-FatFS-SD-SDIO-SPI-RPi-Pico/src/sd_driver/SPI/sd_card_spi.c.o
 .text.in_sd_go_idle_state
                0x2000fabc      0x13c CMakeFiles/acorn_system_1_gadget.dir/home/menadue/tree/github/acorn-system-1-gadget/firmware/no-OS-FatFS-SD-SDIO-SPI-RPi-Pico/src/sd_driver/SPI/sd_card_spi.c.o
 .text.send_block.constprop.0
                0x2000fbf8      0x1ec CMakeFiles/acorn_system_1_gadget.dir/home/menadue/tree/github/acorn-system-1-gadget/firmware/no-OS-FatFS-SD-SDIO-SPI-RPi-Pico/src/sd_driver/SPI/sd_card_spi.c.o
 .text.in_sd_spi_sectors
                0x2000fde4      0x104 CMakeFiles/acorn_system_1_gadget.dir/home/menadue/tree/github/acorn-system-1-gadget/firmware/no-OS-FatFS-SD-SDIO-SPI-RPi-Pico/src/sd_driver/SPI/sd_card_spi.c.o
 .text.sd_spi_sectors
                0x2000fee8       0xf4 CMakeFiles/acorn_system_1_gadget.dir/home/menadue/tree/github/acorn-system-1-gadget/firmware/no-OS-FatFS-SD-SDIO-SPI-RPi-Pico/src/sd_driver/SPI/sd_card_spi.c.o
                0x2000fee8                sd_spi_sectors
 .text.sd_cmd   0x2000ffdc      0x3a0 CMakeFiles/acorn_system_1_gadget.dir/home/menadue/tree/github/acorn-system-1-gadget/firmware/no-OS-FatFS-SD-SDIO-SPI-RPi-Pico/src/sd_driver/SPI/sd_card_spi.c.o
 .text.stop_wr_tran
                0x2001037c       0x7c CMakeFiles/acorn_system_1_gadget.dir/home/menadue/tree/github/acorn-system-1-gadget/firmware/no-OS-FatFS-SD-SDIO-SPI-RPi-Pico/src/sd_driver/SPI/sd_card_spi.c.o
 .text.sd_sync  0x200103f8      0x108 CMakeFiles/acorn_system_1_gadget.dir/home/menadue/tree/github/acorn-system-1-gadget/firmware/no-OS-FatFS-SD-SDIO-SPI-RPi-Pico/src/sd_driver/SPI/sd_card_spi.c.o
 .text.sd_write_blocks
                0x20010500      0x2d8 CMakeFiles/acorn_system_1_gadget.dir/home/menadue/tree/github/acorn-system-1-gadget/firmware/no-OS-FatFS-SD-SDIO-SPI-RPi-Pico/src/sd_driver/SPI/sd_card_spi.c.o
 .text.sd_read_blocks
                0x200107d8      0x460 CMakeFiles/acorn_system_1_gadget.dir/home/menadue/tree/github/acorn-system-1-gadget/firmware/no-OS-FatFS-SD-SDIO-SPI-RPi-Pico/src/sd_driver/SPI/sd_card_spi.c.o
 .text.sd_card_spi_init
                0x20010c38      0x5b4 CMakeFiles/acorn_system_1_gadget.dir/home/menadue/tree/github/acorn-system-1-gadget/firmware/no-OS-FatFS-SD-SDIO-SPI-RPi-Pico/src/sd_driver/SPI/sd_card_spi.c.o
                0x20010c38                sd_card_spi_init
 .text.sd_go_idle_state
                0x200111ec       0x8c CMakeFiles/acorn_system_1_gadget.dir/home/menadue/tree/github/acorn-system-1-gadget/firmware/no-OS-FatFS-SD-SDIO-SPI-RPi-Pico/src/sd_driver/SPI/sd_card_spi.c.o
                0x200111ec                sd_go_idle_state
 .text.sd_spi_ctor
                0x20011278       0x80 CMakeFiles/acorn_system_1_gadget.dir/home/menadue/tree/github/acorn-system-1-gadget/firmware/no-OS-FatFS-SD-SDIO-SPI-RPi-Pico/src/sd_driver/SPI/sd_card_spi.c.o
                0x20011278                sd_spi_ctor
 .text.sd_spi_go_high_frequency
                0x200112f8        0xc CMakeFiles/acorn_system_1_gadget.dir/home/menadue/tree/github/acorn-system-1-gadget/firmware/no-OS-FatFS-SD-SDIO-SPI-RPi-Pico/src/sd_driver/SPI/sd_spi.c.o
                0x200112f8                sd_spi_go_high_frequency
 .text.sd_spi_go_low_frequency
                0x20011304       0x10 CMakeFiles/acorn_system_1_gadget.dir/home/menadue/tree/github/acorn-system-1-gadget/firmware/no-OS-FatFS-SD-SDIO-SPI-RPi-Pico/src/sd_driver/SPI/sd_spi.c.o
                0x20011304                sd_spi_go_low_frequency
 .text.sd_spi_send_initializing_sequence
                0x20011314       0x8c CMakeFiles/acorn_system_1_gadget.dir/home/menadue/tree/github/acorn-system-1-gadget/firmware/no-OS-FatFS-SD-SDIO-SPI-RPi-Pico/src/sd_driver/SPI/sd_spi.c.o
                0x20011314                sd_spi_send_initializing_sequence
 .text.__NVIC_SystemReset
                0x200113a0       0x24 CMakeFiles/acorn_system_1_gadget.dir/home/menadue/tree/github/acorn-system-1-gadget/firmware/no-OS-FatFS-SD-SDIO-SPI-RPi-Pico/src/src/crash.c.o
 .text.crc7.constprop.0
                0x200113c4       0x24 CMakeFiles/acorn_system_1_gadget.dir/home/menadue/tree/github/acorn-system-1-gadget/firmware/no-OS-FatFS-SD-SDIO-SPI-RPi-Pico/src/src/crash.c.o
 .text.Hardfault_HandlerC
                0x200113e8       0x60 CMakeFiles/acorn_system_1_gadget.dir/home/menadue/tree/github/acorn-system-1-gadget/firmware/no-OS-FatFS-SD-SDIO-SPI-RPi-Pico/src/src/crash.c.o
                0x200113e8                Hardfault_HandlerC
 .text.HardFault_Handler
                0x20011448       0x1c CMakeFiles/acorn_system_1_gadget.dir/home/menadue/tree/github/acorn-system-1-gadget/firmware/no-OS-FatFS-SD-SDIO-SPI-RPi-Pico/src/src/crash.c.o