Archive member included to satisfy reference by file (symbol)

/usr/lib/gcc/arm-none-eabi/15.2.0/../../../../arm-none-eabi/lib/thumb/v8-m.main+fp/softfp/libm.a(libm_a-wf_sqrt.o)
                              CMakeFiles/acorn_system_1_gadget.dir/home/menadue/pico/pico-sdk/src/rp2_common/pico_float/float_math.c.o (sqrtf)
/usr/lib/gcc/arm-none-eabi/15.2.0/../../../../arm-none-eabi/lib/thumb/v8-m.main+fp/softfp/libm.a(libm_a-ef_sqrt.o)
                              /usr/lib/gcc/arm-none-eabi/15.2.0/../../../../arm-none-eabi/lib/thumb/v8-m.main+fp/softfp/libm.a(libm_a-wf_sqrt.o) (__ieee754_sqrtf)
/usr/lib/gcc/arm-none-eabi/15.2.0/thumb/v8-m.main+fp/softfp/libgcc.a(_arm_addsubdf3.o)
                              CMakeFiles/acorn_system_1_gadget.dir/home/menadue/pico/pico-sdk/src/rp2_common/pico_float/float_math.c.o (__aeabi_f2d)
/usr/lib/gcc/arm-none-eabi/15.2.0/thumb/v8-m.main+fp/softfp/libgcc.a(_aeabi_ldivmod.o)
                              CMakeFiles/acorn_system_1_gadget.dir/home/menadue/pico/pico-sdk/src/common/pico_time/time.c.o (__aeabi_ldivmod)
/usr/lib/gcc/arm-none-eabi/15.2.0/thumb/v8-m.main+fp/softfp/libgcc.a(_aeabi_uldivmod.o)
                              CMakeFiles/acorn_system_1_gadget.dir/home/menadue/pico/pico-sdk/src/rp2_common/hardware_clocks/clocks.c.o (__aeabi_uldivmod)
/usr/lib/gcc/arm-none-eabi/15.2.0/thumb/v8-m.main+fp/softfp/libgcc.a(_udivmoddi4.o)
                              /usr/lib/gcc/arm-none-eabi/15.2.0/thumb/v8-m.main+fp/softfp/libgcc.a(_aeabi_ldivmod.o) (__udivmoddi4)
/usr/lib/gcc/arm-none-eabi/15.2.0/thumb/v8-m.main+fp/softfp/libgcc.a(_dvmd_tls.o)
                              /usr/lib/gcc/arm-none-eabi/15.2.0/thumb/v8-m.main+fp/softfp/libgcc.a(_aeabi_ldivmod.o) (__aeabi_ldiv0)
/usr/lib/gcc/arm-none-eabi/15.2.0/../../../../arm-none-eabi/lib/thumb/v8-m.main+fp/softfp/libg.a(libc_a-atexit.o)
                              /usr/lib/gcc/arm-none-eabi/15.2.0/../../../../arm-none-eabi/lib/thumb/v8-m.main+fp/softfp/crt0.o (atexit)
/usr/lib/gcc/arm-none-eabi/15.2.0/../../../../arm-none-eabi/lib/thumb/v8-m.main+fp/softfp/libg.a(libc_a-atoi.o)
                              CMakeFiles/acorn_system_1_gadget.dir/home/menadue/tree/github/acorn-system-1-gadget/firmware/no-OS-FatFS-SD-SDIO-SPI-RPi-Pico/src/sd_driver/sd_card.c.o (atoi)
/usr/lib/gcc/arm-none-eabi/15.2.0/../../../../arm-none-eabi/lib/thumb/v8-m.main+fp/softfp/libg.a(libc_a-calloc.o)
                              CMakeFiles/acorn_system_1_gadget.dir/home/menadue/pico/pico-sdk/src/rp2_common/pico_malloc/malloc.c.o (calloc)
/usr/lib/gcc/arm-none-eabi/15.2.0/../../../../arm-none-eabi/lib/thumb/v8-m.main+fp/softfp/libg.a(libc_a-callocr.o)
                              /usr/lib/gcc/arm-none-eabi/15.2.0/../../../../arm-none-eabi/lib/thumb/v8-m.main+fp/softfp/libg.a(libc_a-calloc.o) (_calloc_r)
/usr/lib/gcc/arm-none-eabi/15.2.0/../../../../arm-none-eabi/lib/thumb/v8-m.main+fp/softfp/libg.a(libc_a-malloc.o)
                              CMakeFiles/acorn_system_1_gadget.dir/home/menadue/pico/pico-sdk/src/rp2_common/pico_malloc/malloc.c.o (malloc)
/usr/lib/gcc/arm-none-eabi/15.2.0/../../../../arm-none-eabi/lib/thumb/v8-m.main+fp/softfp/libg.a(libc_a-mallocr.o)
                              /usr/lib/gcc/arm-none-eabi/15.2.0/../../../../arm-none-eabi/lib/thumb/v8-m.main+fp/softfp/libg.a(libc_a-callocr.o) (_malloc_r)
/usr/lib/gcc/arm-none-eabi/15.2.0/../../../../arm-none-eabi/lib/thumb/v8-m.main+fp/softfp/libg.a(libc_a-mlock.o)
                              /usr/lib/gcc/arm-none-eabi/15.2.0/../../../../arm-none-eabi/lib/thumb/v8-m.main+fp/softfp/libg.a(libc_a-mallocr.o) (__malloc_lock)
/usr/lib/gcc/arm-none-eabi/15.2.0/../../../../arm-none-eabi/lib/thumb/v8-m.main+fp/softfp/libg.a(libc_a-realloc.o)
                              CMakeFiles/acorn_system_1_gadget.dir/home/menadue/pico/pico-sdk/src/rp2_common/pico_malloc/malloc.c.o (realloc)
/usr/lib/gcc/arm-none-eabi/15.2.0/../../../../arm-none-eabi/lib/thumb/v8-m.main+fp/softfp/libg.a(libc_a-reallocr.o)
                              /usr/lib/gcc/arm-none-eabi/15.2.0/../../../../arm-none-eabi/lib/thumb/v8-m.main+fp/softfp/libg.a(libc_a-realloc.o) (_realloc_r)
/usr/lib/gcc/arm-none-eabi/15.2.0/../../../../arm-none-eabi/lib/thumb/v8-m.main+fp/softfp/libg.a(libc_a-strtol.o)
                              /usr/lib/gcc/arm-none-eabi/15.2.0/../../../../arm-none-eabi/lib/thumb/v8-m.main+fp/softfp/libg.a(libc_a-atoi.o) (_strtol_r)
/usr/lib/gcc/arm-none-eabi/15.2.0/../../../../arm-none-eabi/lib/thumb/v8-m.main+fp/softfp/libg.a(libc_a-ctype_.o)
                              CMakeFiles/acorn_system_1_gadget.dir/home/menadue/tree/github/acorn-system-1-gadget/firmware/no-OS-FatFS-SD-SDIO-SPI-RPi-Pico/src/sd_driver/sd_card.c.o (_ctype_)
/usr/lib/gcc/arm-none-eabi/15.2.0/../../../../arm-none-eabi/lib/thumb/v8-m.main+fp/softfp/libg.a(libc_a-sscanf.o)
                              CMakeFiles/acorn_system_1_gadget.dir/sdcard.c.o (sscanf)
[...]
Memory Configuration

Name             Origin             Length             Attributes
FLASH            0x10000000         0x01000000         xr
RAM              0x20000000         0x00080000         xrw
SCRATCH_X        0x20080000         0x00001000         xrw
SCRATCH_Y        0x20081000         0x00001000         xrw
*default*        0x00000000         0xffffffff

Linker script and memory map

LOAD /usr/lib/gcc/arm-none-eabi/15.2.0/thumb/v8-m.main+fp/softfp/crti.o
LOAD /usr/lib/gcc/arm-none-eabi/15.2.0/thumb/v8-m.main+fp/softfp/crtbegin.o
LOAD /usr/lib/gcc/arm-none-eabi/15.2.0/../../../../arm-none-eabi/lib/thumb/v8-m.main+fp/softfp/crt0.o

.flash_begin    0x10000000        0x0
                0x10000000                        __flash_binary_start = .

.flashtext      0x10000000      0x1f8
                0x10000000                        __logical_binary_start = .
 *(.vectors)
 .vectors       0x10000000      0x124 CMakeFiles/acorn_system_1_gadget.dir/home/menadue/pico/pico-sdk/src/rp2_common/pico_crt0/crt0.S.o
                0x10000000                __vectors
                0x10000000                __VECTOR_TABLE
                0x10000110                isr_invalid
                0x10000110                __default_isrs_start
                0x10000112                NMI_Handler
                0x10000116                SVC_Handler
                0x10000118                PendSV_Handler
                0x1000011a                SysTick_Handler
                0x1000011c                UART0_IRQ_Handler
                0x1000011c                __unhandled_user_irq
                0x1000011c                TIMER1_IRQ_1_Handler
                0x1000011c                TRNG_IRQ_Handler
                0x1000011c                isr_irq49
                0x1000011c                PLL_SYS_IRQ_Handler
                0x1000011c                IO_IRQ_BANK0_Handler
                0x1000011c                PIO0_IRQ_0_Handler
                0x1000011c                USBCTRL_IRQ_Handler
                0x1000011c                SPI1_IRQ_Handler
                0x1000011c                POWMAN_IRQ_POW_Handler
                0x1000011c                DMA_IRQ_2_Handler
                0x1000011c                PIO1_IRQ_1_Handler
                0x1000011c                POWMAN_IRQ_TIMER_Handler
                0x1000011c                DMA_IRQ_1_Handler
                0x1000011c                SIO_IRQ_FIFO_Handler
                0x1000011c                PLL_USB_IRQ_Handler
                0x1000011c                TIMER0_IRQ_2_Handler
                0x1000011c                I2C1_IRQ_Handler
                0x1000011c                IO_IRQ_BANK0_NS_Handler
                0x1000011c                isr_irq48
                0x1000011c                PIO2_IRQ_1_Handler
                0x1000011c                PWM_IRQ_WRAP_0_Handler
                0x1000011c                isr_irq50
                0x1000011c                TIMER1_IRQ_0_Handler
                0x1000011c                isr_irq40
                0x1000011c                SPI0_IRQ_Handler
                0x1000011c                PWM_IRQ_WRAP_1_Handler
                0x1000011c                SIO_IRQ_BELL_Handler
                0x1000011c                isr_irq41
                0x1000011c                OTP_IRQ_Handler
                0x1000011c                PIO0_IRQ_1_Handler
                0x1000011c                I2C0_IRQ_Handler
                0x1000011c                SIO_IRQ_FIFO_NS_Handler
                0x1000011c                SIO_IRQ_BELL_NS_Handler
                0x1000011c                SIO_IRQ_MTIMECMP_Handler
                0x1000011c                UART1_IRQ_Handler
                0x1000011c                DMA_IRQ_0_Handler
                0x1000011c                CLOCKS_IRQ_Handler
                0x1000011c                PIO1_IRQ_0_Handler
                0x1000011c                PIO2_IRQ_0_Handler
                0x1000011c                isr_irq46
                0x1000011c                ADC_IRQ_FIFO_Handler
                0x1000011c                isr_irq47
                0x1000011c                isr_irq51
                0x1000011c                IO_IRQ_QSPI_Handler
                0x1000011c                TIMER1_IRQ_3_Handler
                0x1000011c                TIMER0_IRQ_0_Handler
                0x1000011c                IO_IRQ_QSPI_NS_Handler
                0x1000011c                __default_isrs_end
                0x1000011c                TIMER0_IRQ_3_Handler
                0x1000011c                TIMER1_IRQ_2_Handler
                0x1000011c                TIMER0_IRQ_1_Handler
                0x1000011c                DMA_IRQ_3_Handler
                0x10000122                unhandled_user_irq_num_in_r0
 *(.binary_info_header)
 .binary_info_header
                0x10000124       0x14 CMakeFiles/acorn_system_1_gadget.dir/home/menadue/pico/pico-sdk/src/rp2_common/pico_crt0/crt0.S.o
                0x10000138                        __binary_info_header_end = .
 *(.embedded_block)
 .embedded_block
                0x10000138       0x14 CMakeFiles/acorn_system_1_gadget.dir/home/menadue/pico/pico-sdk/src/rp2_common/pico_crt0/crt0.S.o
                0x1000014c                        __embedded_block_end = .
 *(.reset)
 .reset         0x1000014c       0xac CMakeFiles/acorn_system_1_gadget.dir/home/menadue/pico/pico-sdk/src/rp2_common/pico_crt0/crt0.S.o
                0x1000014c                _entry_point
                0x100001f8                        . = ALIGN (0x4)

.boot2          0x100001f8        0x0
                0x100001f8                        __boot2_start__ = .
 *(.boot2)
                0x100001f8                        __boot2_end__ = .
                0x00000001                        ASSERT (((__boot2_end__ - __boot2_start__) <= 0x100), ERROR: Pico second stage bootloader must be no more than 256 bytes in size)

.rodata         0x100001f8        0x0
 *(SORT_BY_ALIGNMENT(SORT_BY_NAME(.flashdata*)))
                0x100001f8                        . = ALIGN (0x4)

.ARM.extab
 *(.ARM.extab* .gnu.linkonce.armextab.*)
                0x100001f8                        __exidx_start = .

.ARM.exidx      0x100001f8        0x8
 *(.ARM.exidx* .gnu.linkonce.armexidx.*)
 .ARM.exidx     0x100001f8        0x8 /usr/lib/gcc/arm-none-eabi/15.2.0/thumb/v8-m.main+fp/softfp/libgcc.a(_udivmoddi4.o)
 .ARM.exidx     0x10000200        0x0 /usr/lib/gcc/arm-none-eabi/15.2.0/../../../../arm-none-eabi/lib/thumb/v8-m.main+fp/softfp/libg.a(libc_a-strcmp.o)
                                  0x8 (size before relaxing)
 .ARM.exidx     0x10000200        0x0 /usr/lib/gcc/arm-none-eabi/15.2.0/../../../../arm-none-eabi/lib/thumb/v8-m.main+fp/softfp/libg.a(libc_a-memcpy.o)
                                  0x8 (size before relaxing)
                0x10000200                        __exidx_end = .
                0x10000200                        . = ALIGN (0x4)
                0x10000200                        __binary_info_start = .

.binary_info    0x10000200       0x24
 *(.binary_info.keep.*)
 .binary_info.keep.__bi_ptr84
                0x10000200        0x4 CMakeFiles/acorn_system_1_gadget.dir/home/menadue/pico/pico-sdk/src/rp2_common/pico_standard_binary_info/standard_binary_info.c.o
 .binary_info.keep.__bi_ptr78
                0x10000204        0x4 CMakeFiles/acorn_system_1_gadget.dir/home/menadue/pico/pico-sdk/src/rp2_common/pico_standard_binary_info/standard_binary_info.c.o
 .binary_info.keep.__bi_ptr60
                0x10000208        0x4 CMakeFiles/acorn_system_1_gadget.dir/home/menadue/pico/pico-sdk/src/rp2_common/pico_standard_binary_info/standard_binary_info.c.o
 .binary_info.keep.__bi_ptr54
                0x1000020c        0x4 CMakeFiles/acorn_system_1_gadget.dir/home/menadue/pico/pico-sdk/src/rp2_common/pico_standard_binary_info/standard_binary_info.c.o
 .binary_info.keep.__bi_ptr48
                0x10000210        0x4 CMakeFiles/acorn_system_1_gadget.dir/home/menadue/pico/pico-sdk/src/rp2_common/pico_standard_binary_info/standard_binary_info.c.o
 .binary_info.keep.__bi_ptr42
                0x10000214        0x4 CMakeFiles/acorn_system_1_gadget.dir/home/menadue/pico/pico-sdk/src/rp2_common/pico_standard_binary_info/standard_binary_info.c.o
 .binary_info.keep.__bi_ptr34
                0x10000218        0x4 CMakeFiles/acorn_system_1_gadget.dir/home/menadue/pico/pico-sdk/src/rp2_common/pico_standard_binary_info/standard_binary_info.c.o
 .binary_info.keep.__bi_ptr26
                0x1000021c        0x4 CMakeFiles/acorn_system_1_gadget.dir/home/menadue/pico/pico-sdk/src/rp2_common/pico_standard_binary_info/standard_binary_info.c.o
 *(.binary_info.*)
 .binary_info.__bi_ptr197
                0x10000220        0x4 CMakeFiles/acorn_system_1_gadget.dir/home/menadue/pico/pico-sdk/src/rp2_common/pico_stdio_usb/stdio_usb.c.o
                0x10000224                        __binary_info_end = .
                0x10000224                        . = ALIGN (0x4)

.ram_vector_table
                0x20000000      0x110
 *(.ram_vector_table)
 .ram_vector_table
                0x20000000      0x110 CMakeFiles/acorn_system_1_gadget.dir/home/menadue/pico/pico-sdk/src/rp2_common/pico_runtime_init/runtime_init.c.o
                0x20000000                ram_vector_table

.uninitialized_data
                0x20000110       0x78
                0x20000110                        . = ALIGN (0x4)
 *(.uninitialized_data*)
 .uninitialized_data
                0x20000110       0x78 CMakeFiles/acorn_system_1_gadget.dir/home/menadue/tree/github/acorn-system-1-gadget/firmware/no-OS-FatFS-SD-SDIO-SPI-RPi-Pico/src/src/crash.c.o

.text           0x20000188     0xf550 load address 0x10000224
                0x20000188                        __ram_text_start__ = .
 *(.init)
 .init          0x20000188        0x4 /usr/lib/gcc/arm-none-eabi/15.2.0/thumb/v8-m.main+fp/softfp/crti.o
                0x20000188                _init
 *(.text*)
 .text          0x2000018c       0x8c /usr/lib/gcc/arm-none-eabi/15.2.0/thumb/v8-m.main+fp/softfp/crtbegin.o
 .text.cli_information
                0x20000218        0x4 CMakeFiles/acorn_system_1_gadget.dir/acorn_system_1_gadget.c.o
                0x20000218                cli_information
 .text.cli_boot_mass
                0x2000021c        0xc CMakeFiles/acorn_system_1_gadget.dir/acorn_system_1_gadget.c.o
                0x2000021c                cli_boot_mass
 .text.cli_version
                0x20000228       0x18 CMakeFiles/acorn_system_1_gadget.dir/acorn_system_1_gadget.c.o
                0x20000228                cli_version
 .text.cli_digit
                0x20000240       0x14 CMakeFiles/acorn_system_1_gadget.dir/acorn_system_1_gadget.c.o
                0x20000240                cli_digit
 .text.serial_help
                0x20000254      0x130 CMakeFiles/acorn_system_1_gadget.dir/acorn_system_1_gadget.c.o
                0x20000254                serial_help
 .text.ram_emulate
                0x20000384       0x70 CMakeFiles/acorn_system_1_gadget.dir/acorn_system_1_gadget.c.o
                0x20000384                ram_emulate
 .text.cli_enter_parameter
                0x200003f4       0x7c CMakeFiles/acorn_system_1_gadget.dir/acorn_system_1_gadget.c.o
                0x200003f4                cli_enter_parameter
 .text.startup.main
                0x20000470      0x42c CMakeFiles/acorn_system_1_gadget.dir/acorn_system_1_gadget.c.o
                0x20000470                main
 .text.i2c_send_byte.constprop.0
                0x2000089c       0xa0 CMakeFiles/acorn_system_1_gadget.dir/oled.c.o
 .text.oled_send_cmd.constprop.1
                0x2000093c       0x98 CMakeFiles/acorn_system_1_gadget.dir/oled.c.o
 .text.i2c_init
                0x200009d4       0x14 CMakeFiles/acorn_system_1_gadget.dir/oled.c.o
                0x200009d4                i2c_init
 .text.oled_set_xy
                0x200009e8       0xe4 CMakeFiles/acorn_system_1_gadget.dir/oled.c.o
                0x200009e8                oled_set_xy
 .text.oled_display_string
                0x20000acc      0x238 CMakeFiles/acorn_system_1_gadget.dir/oled.c.o
                0x20000acc                oled_display_string
 .text.oled_clear_display
                0x20000d04      0x114 CMakeFiles/acorn_system_1_gadget.dir/oled.c.o
                0x20000d04                oled_clear_display
 .text.oled_setup
                0x20000e18       0xcc CMakeFiles/acorn_system_1_gadget.dir/oled.c.o
                0x20000e18                oled_setup
 .text.mount_sd
                0x20000ee4       0x3c CMakeFiles/acorn_system_1_gadget.dir/sdcard.c.o
                0x20000ee4                mount_sd
 .text.unmount_sd
                0x20000f20       0x10 CMakeFiles/acorn_system_1_gadget.dir/sdcard.c.o
                0x20000f20                unmount_sd
 .text.cd_to_dir
                0x20000f30       0x68 CMakeFiles/acorn_system_1_gadget.dir/sdcard.c.o
                0x20000f30                cd_to_dir
 .text.sd_get_num
                0x20000f98        0x4 CMakeFiles/acorn_system_1_gadget.dir/hw_config.c.o
                0x20000f98                sd_get_num
 .text.sd_get_by_num
                0x20000f9c       0x10 CMakeFiles/acorn_system_1_gadget.dir/hw_config.c.o
                0x20000f9c                sd_get_by_num
 .text.gpio_set_function
                0x20000fac       0x3c CMakeFiles/acorn_system_1_gadget.dir/home/menadue/pico/pico-sdk/src/rp2_common/hardware_gpio/gpio.c.o
                0x20000fac                gpio_set_function
 .text.gpio_set_pulls
                0x20000fe8       0x24 CMakeFiles/acorn_system_1_gadget.dir/home/menadue/pico/pico-sdk/src/rp2_common/hardware_gpio/gpio.c.o
                0x20000fe8                gpio_set_pulls
 .text.gpio_set_slew_rate
                0x2000100c       0x1c CMakeFiles/acorn_system_1_gadget.dir/home/menadue/pico/pico-sdk/src/rp2_common/hardware_gpio/gpio.c.o
                0x2000100c                gpio_set_slew_rate
 .text.gpio_set_drive_strength
                0x20001028       0x20 CMakeFiles/acorn_system_1_gadget.dir/home/menadue/pico/pico-sdk/src/rp2_common/hardware_gpio/gpio.c.o
                0x20001028                gpio_set_drive_strength
 .text.gpio_init
                0x20001048       0x4c CMakeFiles/acorn_system_1_gadget.dir/home/menadue/pico/pico-sdk/src/rp2_common/hardware_gpio/gpio.c.o
                0x20001048                gpio_init
 .text.gpio_deinit
                0x20001094       0x40 CMakeFiles/acorn_system_1_gadget.dir/home/menadue/pico/pico-sdk/src/rp2_common/hardware_gpio/gpio.c.o
                0x20001094                gpio_deinit
 .text.panic    0x200010d4       0x30 CMakeFiles/acorn_system_1_gadget.dir/home/menadue/pico/pico-sdk/src/rp2_common/pico_platform_panic/panic.c.o
                0x200010d4                panic
 .text.hw_claim_lock
                0x20001104       0x24 CMakeFiles/acorn_system_1_gadget.dir/home/menadue/pico/pico-sdk/src/common/hardware_claim/claim.c.o
                0x20001104                hw_claim_lock
 .text.hw_claim_unlock
                0x20001128       0x14 CMakeFiles/acorn_system_1_gadget.dir/home/menadue/pico/pico-sdk/src/common/hardware_claim/claim.c.o
                0x20001128                hw_claim_unlock
 .text.hw_claim_or_assert
                0x2000113c       0x58 CMakeFiles/acorn_system_1_gadget.dir/home/menadue/pico/pico-sdk/src/common/hardware_claim/claim.c.o
                0x2000113c                hw_claim_or_assert
 .text.hw_claim_unused_from_range
                0x20001194       0x84 CMakeFiles/acorn_system_1_gadget.dir/home/menadue/pico/pico-sdk/src/common/hardware_claim/claim.c.o
                0x20001194                hw_claim_unused_from_range
 .text.next_striped_spin_lock_num
                0x20001218       0x18 CMakeFiles/acorn_system_1_gadget.dir/home/menadue/pico/pico-sdk/src/rp2_common/hardware_sync/sync.c.o
                0x20001218                next_striped_spin_lock_num
 .text.spin_lock_claim_unused
                0x20001230       0x24 CMakeFiles/acorn_system_1_gadget.dir/home/menadue/pico/pico-sdk/src/rp2_common/hardware_sync/sync.c.o
                0x20001230                spin_lock_claim_unused
 .text.spinlock_set_extexclall
                0x20001254       0x10 CMakeFiles/acorn_system_1_gadget.dir/home/menadue/pico/pico-sdk/src/rp2_common/hardware_sync_spin_lock/sync_spin_lock.c.o
 .text.spin_locks_reset
                0x20001264       0x18 CMakeFiles/acorn_system_1_gadget.dir/home/menadue/pico/pico-sdk/src/rp2_common/hardware_sync_spin_lock/sync_spin_lock.c.o
                0x20001264                spin_locks_reset
 .text.runtime_init_per_core_irq_priorities
                0x2000127c       0x40 CMakeFiles/acorn_system_1_gadget.dir/home/menadue/pico/pico-sdk/src/rp2_common/hardware_irq/irq.c.o
                0x2000127c                runtime_init_per_core_irq_priorities
 .text.irq_set_enabled
                0x200012bc       0x2c CMakeFiles/acorn_system_1_gadget.dir/home/menadue/pico/pico-sdk/src/rp2_common/hardware_irq/irq.c.o
                0x200012bc                irq_set_enabled
 .text.irq_is_enabled
                0x200012e8       0x20 CMakeFiles/acorn_system_1_gadget.dir/home/menadue/pico/pico-sdk/src/rp2_common/hardware_irq/irq.c.o
                0x200012e8                irq_is_enabled
 .text.irq_set_mask_enabled
                0x20001308       0x18 CMakeFiles/acorn_system_1_gadget.dir/home/menadue/pico/pico-sdk/src/rp2_common/hardware_irq/irq.c.o
                0x20001308                irq_set_mask_enabled
 .text.irq_set_pending
                0x20001320       0x18 CMakeFiles/acorn_system_1_gadget.dir/home/menadue/pico/pico-sdk/src/rp2_common/hardware_irq/irq.c.o
                0x20001320                irq_set_pending
 .text.irq_has_shared_handler
                0x20001338       0x20 CMakeFiles/acorn_system_1_gadget.dir/home/menadue/pico/pico-sdk/src/rp2_common/hardware_irq/irq.c.o
                0x20001338                irq_has_shared_handler
 .text.irq_set_exclusive_handler
                0x20001358       0x70 CMakeFiles/acorn_system_1_gadget.dir/home/menadue/pico/pico-sdk/src/rp2_common/hardware_irq/irq.c.o
                0x20001358                irq_set_exclusive_handler
 .text.irq_add_shared_handler
                0x200013c8      0x1f4 CMakeFiles/acorn_system_1_gadget.dir/home/menadue/pico/pico-sdk/src/rp2_common/hardware_irq/irq.c.o
                0x200013c8                irq_add_shared_handler
 .text.irq_add_tail_to_free_list
                0x200015bc       0xfc CMakeFiles/acorn_system_1_gadget.dir/home/menadue/pico/pico-sdk/src/rp2_common/hardware_irq/irq.c.o
                0x200015bc                irq_add_tail_to_free_list
 .text.user_irq_claim_unused
                0x200016b8       0x2c CMakeFiles/acorn_system_1_gadget.dir/home/menadue/pico/pico-sdk/src/rp2_common/hardware_irq/irq.c.o
                0x200016b8                user_irq_claim_unused
 .text.lock_init
                0x200016e4        0xc CMakeFiles/acorn_system_1_gadget.dir/home/menadue/pico/pico-sdk/src/common/pico_sync/lock_core.c.o
                0x200016e4                lock_init
 .text.runtime_init_mutex
                0x200016f0       0x4c CMakeFiles/acorn_system_1_gadget.dir/home/menadue/pico/pico-sdk/src/common/pico_sync/mutex.c.o
                0x200016f0                runtime_init_mutex
 .text.mutex_init
                0x2000173c       0x1c CMakeFiles/acorn_system_1_gadget.dir/home/menadue/pico/pico-sdk/src/common/pico_sync/mutex.c.o
                0x2000173c                mutex_init
 .text.critical_section_init
                0x20001758       0x1c CMakeFiles/acorn_system_1_gadget.dir/home/menadue/pico/pico-sdk/src/common/pico_sync/critical_section.c.o
                0x20001758                critical_section_init
 .text.critical_section_init_with_lock_num
                0x20001774       0x10 CMakeFiles/acorn_system_1_gadget.dir/home/menadue/pico/pico-sdk/src/common/pico_sync/critical_section.c.o
                0x20001774                critical_section_init_with_lock_num
 .text.sleep_until_callback
                0x20001784       0x3c CMakeFiles/acorn_system_1_gadget.dir/home/menadue/pico/pico-sdk/src/common/pico_time/time.c.o
 .text.alarm_pool_irq_handler
                0x200017c0      0x2ec CMakeFiles/acorn_system_1_gadget.dir/home/menadue/pico/pico-sdk/src/common/pico_time/time.c.o
 .text.runtime_init_default_alarm_pool
                0x20001aac      0x104 CMakeFiles/acorn_system_1_gadget.dir/home/menadue/pico/pico-sdk/src/common/pico_time/time.c.o
                0x20001aac                runtime_init_default_alarm_pool
 .text.alarm_pool_get_default
                0x20001bb0        0x8 CMakeFiles/acorn_system_1_gadget.dir/home/menadue/pico/pico-sdk/src/common/pico_time/time.c.o
                0x20001bb0                alarm_pool_get_default
 .text.alarm_pool_add_alarm_at
                0x20001bb8       0xe4 CMakeFiles/acorn_system_1_gadget.dir/home/menadue/pico/pico-sdk/src/common/pico_time/time.c.o
                0x20001bb8                alarm_pool_add_alarm_at
 .text.alarm_pool_add_alarm_at_force_in_context
                0x20001c9c       0xcc CMakeFiles/acorn_system_1_gadget.dir/home/menadue/pico/pico-sdk/src/common/pico_time/time.c.o
                0x20001c9c                alarm_pool_add_alarm_at_force_in_context
 .text.alarm_pool_cancel_alarm
                0x20001d68       0x84 CMakeFiles/acorn_system_1_gadget.dir/home/menadue/pico/pico-sdk/src/common/pico_time/time.c.o
                0x20001d68                alarm_pool_cancel_alarm
 .text.alarm_pool_core_num
                0x20001dec        0x4 CMakeFiles/acorn_system_1_gadget.dir/home/menadue/pico/pico-sdk/src/common/pico_time/time.c.o
                0x20001dec                alarm_pool_core_num
 .text.sleep_us
                0x20001df0       0xd8 CMakeFiles/acorn_system_1_gadget.dir/home/menadue/pico/pico-sdk/src/common/pico_time/time.c.o
                0x20001df0                sleep_us
 .text.sleep_ms
                0x20001ec8       0xdc CMakeFiles/acorn_system_1_gadget.dir/home/menadue/pico/pico-sdk/src/common/pico_time/time.c.o
                0x20001ec8                sleep_ms
 .text.best_effort_wfe_or_timeout
                0x20001fa4       0xf8 CMakeFiles/acorn_system_1_gadget.dir/home/menadue/pico/pico-sdk/src/common/pico_time/time.c.o
                0x20001fa4                best_effort_wfe_or_timeout
 .text.timer_hardware_alarm_claim
                0x2000209c       0x24 CMakeFiles/acorn_system_1_gadget.dir/home/menadue/pico/pico-sdk/src/rp2_common/hardware_timer/timer.c.o
                0x2000209c                timer_hardware_alarm_claim
 .text.timer_time_us_64
                0x200020c0       0x10 CMakeFiles/acorn_system_1_gadget.dir/home/menadue/pico/pico-sdk/src/rp2_common/hardware_timer/timer.c.o
                0x200020c0                timer_time_us_64
 .text.time_us_64
                0x200020d0       0x14 CMakeFiles/acorn_system_1_gadget.dir/home/menadue/pico/pico-sdk/src/rp2_common/hardware_timer/timer.c.o
                0x200020d0                time_us_64
 .text.busy_wait_us
                0x200020e4       0x60 CMakeFiles/acorn_system_1_gadget.dir/home/menadue/pico/pico-sdk/src/rp2_common/hardware_timer/timer.c.o
                0x200020e4                busy_wait_us
 .text.busy_wait_until
                0x20002144       0x24 CMakeFiles/acorn_system_1_gadget.dir/home/menadue/pico/pico-sdk/src/rp2_common/hardware_timer/timer.c.o
                0x20002144                busy_wait_until
 .text.clock_configure_undivided
                0x20002168       0xdc CMakeFiles/acorn_system_1_gadget.dir/home/menadue/pico/pico-sdk/src/rp2_common/hardware_clocks/clocks.c.o
                0x20002168                clock_configure_undivided
 .text.clock_get_hz
                0x20002244        0xc CMakeFiles/acorn_system_1_gadget.dir/home/menadue/pico/pico-sdk/src/rp2_common/hardware_clocks/clocks.c.o
                0x20002244                clock_get_hz
 .text.set_sys_clock_pll
                0x20002250      0x188 CMakeFiles/acorn_system_1_gadget.dir/home/menadue/pico/pico-sdk/src/rp2_common/hardware_clocks/clocks.c.o
                0x20002250                set_sys_clock_pll
 .text.check_sys_clock_khz
                0x200023d8      0x178 CMakeFiles/acorn_system_1_gadget.dir/home/menadue/pico/pico-sdk/src/rp2_common/hardware_clocks/clocks.c.o
                0x200023d8                check_sys_clock_khz
 .text.pll_init
                0x20002550       0x90 CMakeFiles/acorn_system_1_gadget.dir/home/menadue/pico/pico-sdk/src/rp2_common/hardware_pll/pll.c.o
                0x20002550                pll_init
 .text.watchdog_reboot
                0x200025e0       0xac CMakeFiles/acorn_system_1_gadget.dir/home/menadue/pico/pico-sdk/src/rp2_common/hardware_watchdog/watchdog.c.o
                0x200025e0                watchdog_reboot
 .text.tick_start
                0x2000268c       0x18 CMakeFiles/acorn_system_1_gadget.dir/home/menadue/pico/pico-sdk/src/rp2_common/hardware_ticks/ticks.c.o
                0x2000268c                tick_start
 .text.rom_reboot.constprop.0.isra.0
                0x200026a4       0x38 CMakeFiles/acorn_system_1_gadget.dir/home/menadue/pico/pico-sdk/src/rp2_common/pico_bootrom/bootrom.c.o
 .text.rom_func_lookup
                0x200026dc       0x18 CMakeFiles/acorn_system_1_gadget.dir/home/menadue/pico/pico-sdk/src/rp2_common/pico_bootrom/bootrom.c.o
                0x200026dc                rom_func_lookup
 .text.rom_reset_usb_boot
                0x200026f4       0x1c CMakeFiles/acorn_system_1_gadget.dir/home/menadue/pico/pico-sdk/src/rp2_common/pico_bootrom/bootrom.c.o
                0x200026f4                rom_reset_usb_boot
 .text.rom_reset_usb_boot_extra
                0x20002710       0x1c CMakeFiles/acorn_system_1_gadget.dir/home/menadue/pico/pico-sdk/src/rp2_common/pico_bootrom/bootrom.c.o
                0x20002710                rom_reset_usb_boot_extra
 .text.runtime_init_bootrom_locking_enable
                0x2000272c       0x14 CMakeFiles/acorn_system_1_gadget.dir/home/menadue/pico/pico-sdk/src/rp2_common/pico_bootrom/bootrom_lock.c.o
                0x2000272c                runtime_init_bootrom_locking_enable
 .text.runtime_init_boot_locks_reset
                0x20002740       0x1c CMakeFiles/acorn_system_1_gadget.dir/home/menadue/pico/pico-sdk/src/rp2_common/hardware_boot_lock/boot_lock.c.o
                0x20002740                runtime_init_boot_locks_reset
 .text.xosc_init
                0x2000275c       0x2c CMakeFiles/acorn_system_1_gadget.dir/home/menadue/pico/pico-sdk/src/rp2_common/hardware_xosc/xosc.c.o
                0x2000275c                xosc_init
 .text.first_per_core_initializer
                0x20002788        0x4 CMakeFiles/acorn_system_1_gadget.dir/home/menadue/pico/pico-sdk/src/rp2_common/pico_runtime/runtime.c.o
 .text.hard_assertion_failure
                0x2000278c        0xc CMakeFiles/acorn_system_1_gadget.dir/home/menadue/pico/pico-sdk/src/rp2_common/pico_runtime/runtime.c.o
                0x2000278c                hard_assertion_failure
 .text.runtime_run_initializers
                0x20002798       0x20 CMakeFiles/acorn_system_1_gadget.dir/home/menadue/pico/pico-sdk/src/rp2_common/pico_runtime/runtime.c.o
                0x20002798                runtime_run_initializers
 .text.runtime_run_per_core_initializers
                0x200027b8       0x20 CMakeFiles/acorn_system_1_gadget.dir/home/menadue/pico/pico-sdk/src/rp2_common/pico_runtime/runtime.c.o
                0x200027b8                runtime_run_per_core_initializers
 .text.runtime_init_early_resets
                0x200027d8       0x30 CMakeFiles/acorn_system_1_gadget.dir/home/menadue/pico/pico-sdk/src/rp2_common/pico_runtime_init/runtime_init.c.o
                0x200027d8                runtime_init_early_resets
 .text.runtime_init_usb_power_down
                0x20002808       0x1c CMakeFiles/acorn_system_1_gadget.dir/home/menadue/pico/pico-sdk/src/rp2_common/pico_runtime_init/runtime_init.c.o
                0x20002808                runtime_init_usb_power_down
 .text.runtime_init_per_core_enable_coprocessors
                0x20002824       0x1c CMakeFiles/acorn_system_1_gadget.dir/home/menadue/pico/pico-sdk/src/rp2_common/pico_runtime_init/runtime_init.c.o
                0x20002824                runtime_init_per_core_enable_coprocessors
 .text.runtime_init_post_clock_resets
                0x20002840       0x20 CMakeFiles/acorn_system_1_gadget.dir/home/menadue/pico/pico-sdk/src/rp2_common/pico_runtime_init/runtime_init.c.o
                0x20002840                runtime_init_post_clock_resets
 .text.runtime_init_bootrom_reset
                0x20002860       0x14 CMakeFiles/acorn_system_1_gadget.dir/home/menadue/pico/pico-sdk/src/rp2_common/pico_runtime_init/runtime_init.c.o
                0x20002860                runtime_init_bootrom_reset
 .text.runtime_init_per_core_bootrom_reset
                0x20002874       0x14 CMakeFiles/acorn_system_1_gadget.dir/home/menadue/pico/pico-sdk/src/rp2_common/pico_runtime_init/runtime_init.c.o
                0x20002874                runtime_init_per_core_bootrom_reset
 .text.runtime_init_spin_locks_reset
                0x20002888        0x4 CMakeFiles/acorn_system_1_gadget.dir/home/menadue/pico/pico-sdk/src/rp2_common/pico_runtime_init/runtime_init.c.o
                0x20002888                runtime_init_spin_locks_reset
 .text.runtime_init_install_ram_vector_table
                0x2000288c       0x1c CMakeFiles/acorn_system_1_gadget.dir/home/menadue/pico/pico-sdk/src/rp2_common/pico_runtime_init/runtime_init.c.o
                0x2000288c                runtime_init_install_ram_vector_table
 .text.runtime_init_clocks
                0x200028a8       0xdc CMakeFiles/acorn_system_1_gadget.dir/home/menadue/pico/pico-sdk/src/rp2_common/pico_runtime_init/runtime_init_clocks.c.o
                0x200028a8                runtime_init_clocks
 .text.runtime_init_per_core_install_stack_guard
                0x20002984        0x8 CMakeFiles/acorn_system_1_gadget.dir/home/menadue/pico/pico-sdk/src/rp2_common/pico_runtime_init/runtime_init_stack_guard.c.o
                0x20002984                runtime_init_per_core_install_stack_guard
 .text.__rp2350_dcp_engaged_state_save_restore
                0x2000298c       0x3a CMakeFiles/acorn_system_1_gadget.dir/home/menadue/pico/pico-sdk/src/rp2_common/pico_double/double_aeabi_dcp.S.o
 *fill*         0x200029c6        0x2 
 .text.__wrap___aeabi_dadd
                0x200029c8       0x28 CMakeFiles/acorn_system_1_gadget.dir/home/menadue/pico/pico-sdk/src/rp2_common/pico_double/double_aeabi_dcp.S.o
                0x200029d0                __wrap___aeabi_dadd
 .text.__wrap___aeabi_dsub
                0x200029f0       0x28 CMakeFiles/acorn_system_1_gadget.dir/home/menadue/pico/pico-sdk/src/rp2_common/pico_double/double_aeabi_dcp.S.o
                0x200029f8                __wrap___aeabi_dsub
 .text.__wrap___aeabi_dmul
                0x20002a18       0x4c CMakeFiles/acorn_system_1_gadget.dir/home/menadue/pico/pico-sdk/src/rp2_common/pico_double/double_aeabi_dcp.S.o
                0x20002a20                __wrap___aeabi_dmul
 .text.__wrap___aeabi_ddiv
                0x20002a64       0x9c CMakeFiles/acorn_system_1_gadget.dir/home/menadue/pico/pico-sdk/src/rp2_common/pico_double/double_aeabi_dcp.S.o
                0x20002a6c                __wrap___aeabi_ddiv
 .text.__wrap___aeabi_d2f
                0x20002b00       0x1c CMakeFiles/acorn_system_1_gadget.dir/home/menadue/pico/pico-sdk/src/rp2_common/pico_double/double_aeabi_dcp.S.o
                0x20002b08                double2float
                0x20002b08                __wrap___aeabi_d2f
 .text.__wrap___aeabi_i2d
                0x20002b1c       0x24 CMakeFiles/acorn_system_1_gadget.dir/home/menadue/pico/pico-sdk/src/rp2_common/pico_double/double_aeabi_dcp.S.o
                0x20002b24                __wrap___aeabi_i2d
                0x20002b24                int2double
 .text.__wrap___aeabi_ui2d
                0x20002b40       0x24 CMakeFiles/acorn_system_1_gadget.dir/home/menadue/pico/pico-sdk/src/rp2_common/pico_double/double_aeabi_dcp.S.o
                0x20002b48                __wrap___aeabi_ui2d
                0x20002b48                uint2double
 .text.__wrap___aeabi_d2iz
                0x20002b64       0x24 CMakeFiles/acorn_system_1_gadget.dir/home/menadue/pico/pico-sdk/src/rp2_common/pico_double/double_aeabi_dcp.S.o
                0x20002b6c                __wrap___aeabi_d2iz
                0x20002b6c                double2int_z
 .text.__wrap___aeabi_d2uiz
                0x20002b88       0x24 CMakeFiles/acorn_system_1_gadget.dir/home/menadue/pico/pico-sdk/src/rp2_common/pico_double/double_aeabi_dcp.S.o
                0x20002b90                double2uint_z
                0x20002b90                double2uint
                0x20002b90                __wrap___aeabi_d2uiz
 .text.__wrap___aeabi_dcmpun
                0x20002bac       0x24 CMakeFiles/acorn_system_1_gadget.dir/home/menadue/pico/pico-sdk/src/rp2_common/pico_double/double_aeabi_dcp.S.o
                0x20002bb4                __wrap___aeabi_dcmpun
 .text.__wrap___aeabi_dcmplt
                0x20002bd0       0x28 CMakeFiles/acorn_system_1_gadget.dir/home/menadue/pico/pico-sdk/src/rp2_common/pico_double/double_aeabi_dcp.S.o
                0x20002bd8                __wrap___aeabi_dcmplt
 .text.__wrap___aeabi_dcmple
                0x20002bf8       0x28 CMakeFiles/acorn_system_1_gadget.dir/home/menadue/pico/pico-sdk/src/rp2_common/pico_double/double_aeabi_dcp.S.o
                0x20002c00                __wrap___aeabi_dcmple
 .text.__wrap___aeabi_dcmpge
                0x20002c20       0x28 CMakeFiles/acorn_system_1_gadget.dir/home/menadue/pico/pico-sdk/src/rp2_common/pico_double/double_aeabi_dcp.S.o
                0x20002c28                __wrap___aeabi_dcmpge
 .text.__wrap___aeabi_dcmpgt
                0x20002c48       0x28 CMakeFiles/acorn_system_1_gadget.dir/home/menadue/pico/pico-sdk/src/rp2_common/pico_double/double_aeabi_dcp.S.o
                0x20002c50                __wrap___aeabi_dcmpgt
 .text.__wrap_malloc
                0x20002c70       0x38 CMakeFiles/acorn_system_1_gadget.dir/home/menadue/pico/pico-sdk/src/rp2_common/pico_malloc/malloc.c.o
                0x20002c70                __wrap_malloc
 .text.__wrap_free
                0x20002ca8       0x20 CMakeFiles/acorn_system_1_gadget.dir/home/menadue/pico/pico-sdk/src/rp2_common/pico_malloc/malloc.c.o
                0x20002ca8                __wrap_free
 .text._out_buffer
                0x20002cc8        0x8 CMakeFiles/acorn_system_1_gadget.dir/home/menadue/pico/pico-sdk/src/rp2_common/pico_printf/printf.c.o
 .text._out_null
                0x20002cd0        0x4 CMakeFiles/acorn_system_1_gadget.dir/home/menadue/pico/pico-sdk/src/rp2_common/pico_printf/printf.c.o
 .text._out_rev
                0x20002cd4       0xa8 CMakeFiles/acorn_system_1_gadget.dir/home/menadue/pico/pico-sdk/src/rp2_common/pico_printf/printf.c.o
 .text._ntoa_format
                0x20002d7c      0x1dc CMakeFiles/acorn_system_1_gadget.dir/home/menadue/pico/pico-sdk/src/rp2_common/pico_printf/printf.c.o
 .text._out_char
                0x20002f58        0x8 CMakeFiles/acorn_system_1_gadget.dir/home/menadue/pico/pico-sdk/src/rp2_common/pico_printf/printf.c.o
 .text._out_fct
                0x20002f60        0xc CMakeFiles/acorn_system_1_gadget.dir/home/menadue/pico/pico-sdk/src/rp2_common/pico_printf/printf.c.o
 *fill*         0x20002f6c        0x4 
 .text._ftoa    0x20002f70      0x494 CMakeFiles/acorn_system_1_gadget.dir/home/menadue/pico/pico-sdk/src/rp2_common/pico_printf/printf.c.o
 *fill*         0x20003404        0x4 
 .text._etoa    0x20003408      0x580 CMakeFiles/acorn_system_1_gadget.dir/home/menadue/pico/pico-sdk/src/rp2_common/pico_printf/printf.c.o
 .text._vsnprintf
                0x20003988      0x9d8 CMakeFiles/acorn_system_1_gadget.dir/home/menadue/pico/pico-sdk/src/rp2_common/pico_printf/printf.c.o
 .text.__wrap_sprintf
                0x20004360       0x30 CMakeFiles/acorn_system_1_gadget.dir/home/menadue/pico/pico-sdk/src/rp2_common/pico_printf/printf.c.o
                0x20004360                __wrap_sprintf
 .text.__wrap_snprintf
                0x20004390       0x30 CMakeFiles/acorn_system_1_gadget.dir/home/menadue/pico/pico-sdk/src/rp2_common/pico_printf/printf.c.o
                0x20004390                __wrap_snprintf
 .text.__wrap_vsnprintf
                0x200043c0       0x1c CMakeFiles/acorn_system_1_gadget.dir/home/menadue/pico/pico-sdk/src/rp2_common/pico_printf/printf.c.o
                0x200043c0                __wrap_vsnprintf
 .text.vfctprintf
                0x200043dc       0x24 CMakeFiles/acorn_system_1_gadget.dir/home/menadue/pico/pico-sdk/src/rp2_common/pico_printf/printf.c.o
                0x200043dc                vfctprintf
 .text.weak_raw_vprintf
                0x20004400       0x30 CMakeFiles/acorn_system_1_gadget.dir/home/menadue/pico/pico-sdk/src/rp2_common/pico_printf/printf.c.o
                0x20004400                weak_raw_vprintf
 .text._exit    0x20004430        0x4 CMakeFiles/acorn_system_1_gadget.dir/home/menadue/pico/pico-sdk/src/rp2_common/pico_clib_interface/newlib_interface.c.o
                0x20004430                _exit
 .text._sbrk    0x20004434       0x2c CMakeFiles/acorn_system_1_gadget.dir/home/menadue/pico/pico-sdk/src/rp2_common/pico_clib_interface/newlib_interface.c.o
                0x20004434                _sbrk
 .text.exit     0x20004460        0x8 CMakeFiles/acorn_system_1_gadget.dir/home/menadue/pico/pico-sdk/src/rp2_common/pico_clib_interface/newlib_interface.c.o
                0x20004460                exit
 .text.runtime_init
                0x20004468       0x2c CMakeFiles/acorn_system_1_gadget.dir/home/menadue/pico/pico-sdk/src/rp2_common/pico_clib_interface/newlib_interface.c.o
                0x20004468                runtime_init
 .text.stdio_out_chars_no_crlf
                0x20004494        0x8 CMakeFiles/acorn_system_1_gadget.dir/home/menadue/pico/pico-sdk/src/rp2_common/pico_stdio/stdio.c.o
 .text.stdio_out_chars_crlf
                0x2000449c       0xc0 CMakeFiles/acorn_system_1_gadget.dir/home/menadue/pico/pico-sdk/src/rp2_common/pico_stdio/stdio.c.o
 .text.stdio_buffered_printer
                0x2000455c       0x5c CMakeFiles/acorn_system_1_gadget.dir/home/menadue/pico/pico-sdk/src/rp2_common/pico_stdio/stdio.c.o
 .text.stdio_put_string
                0x200045b8       0xec CMakeFiles/acorn_system_1_gadget.dir/home/menadue/pico/pico-sdk/src/rp2_common/pico_stdio/stdio.c.o
                0x200045b8                stdio_put_string
 .text.stdio_set_driver_enabled
                0x200046a4       0x28 CMakeFiles/acorn_system_1_gadget.dir/home/menadue/pico/pico-sdk/src/rp2_common/pico_stdio/stdio.c.o
                0x200046a4                stdio_set_driver_enabled
 .text.stdio_flush
                0x200046cc       0x24 CMakeFiles/acorn_system_1_gadget.dir/home/menadue/pico/pico-sdk/src/rp2_common/pico_stdio/stdio.c.o
                0x200046cc                stdio_flush
 .text.stdio_getchar_timeout_us
                0x200046f0       0x8c CMakeFiles/acorn_system_1_gadget.dir/home/menadue/pico/pico-sdk/src/rp2_common/pico_stdio/stdio.c.o
                0x200046f0                stdio_getchar_timeout_us
 .text.__wrap_putchar
                0x2000477c       0x84 CMakeFiles/acorn_system_1_gadget.dir/home/menadue/pico/pico-sdk/src/rp2_common/pico_stdio/stdio.c.o
                0x2000477c                stdio_putchar
                0x2000477c                __wrap_putchar
 .text.__wrap_puts
                0x20004800       0x3c CMakeFiles/acorn_system_1_gadget.dir/home/menadue/pico/pico-sdk/src/rp2_common/pico_stdio/stdio.c.o
                0x20004800                __wrap_puts
                0x20004800                stdio_puts
 .text.__wrap_vprintf
                0x2000483c       0xc0 CMakeFiles/acorn_system_1_gadget.dir/home/menadue/pico/pico-sdk/src/rp2_common/pico_stdio/stdio.c.o
                0x2000483c                __wrap_vprintf
                0x2000483c                stdio_vprintf
 .text.__wrap_printf
                0x200048fc       0x1c CMakeFiles/acorn_system_1_gadget.dir/home/menadue/pico/pico-sdk/src/rp2_common/pico_stdio/stdio.c.o
                0x200048fc                stdio_printf
                0x200048fc                __wrap_printf
 .text.resetd_init
                0x20004918        0x4 CMakeFiles/acorn_system_1_gadget.dir/home/menadue/pico/pico-sdk/src/rp2_common/pico_stdio_usb/reset_interface.c.o
 .text.resetd_reset
                0x2000491c        0xc CMakeFiles/acorn_system_1_gadget.dir/home/menadue/pico/pico-sdk/src/rp2_common/pico_stdio_usb/reset_interface.c.o
 .text.resetd_open
                0x20004928       0x28 CMakeFiles/acorn_system_1_gadget.dir/home/menadue/pico/pico-sdk/src/rp2_common/pico_stdio_usb/reset_interface.c.o
 .text.resetd_xfer_cb
                0x20004950        0x4 CMakeFiles/acorn_system_1_gadget.dir/home/menadue/pico/pico-sdk/src/rp2_common/pico_stdio_usb/reset_interface.c.o
 .text.resetd_control_xfer_cb
                0x20004954       0x50 CMakeFiles/acorn_system_1_gadget.dir/home/menadue/pico/pico-sdk/src/rp2_common/pico_stdio_usb/reset_interface.c.o
 .text.tud_descriptor_bos_cb
                0x200049a4        0x8 CMakeFiles/acorn_system_1_gadget.dir/home/menadue/pico/pico-sdk/src/rp2_common/pico_stdio_usb/reset_interface.c.o
                0x200049a4                tud_descriptor_bos_cb
 .text.tud_vendor_control_xfer_cb
                0x200049ac       0x28 CMakeFiles/acorn_system_1_gadget.dir/home/menadue/pico/pico-sdk/src/rp2_common/pico_stdio_usb/reset_interface.c.o
                0x200049ac                tud_vendor_control_xfer_cb
 .text.usbd_app_driver_get_cb
                0x200049d4       0x10 CMakeFiles/acorn_system_1_gadget.dir/home/menadue/pico/pico-sdk/src/rp2_common/pico_stdio_usb/reset_interface.c.o
                0x200049d4                usbd_app_driver_get_cb
 .text.tud_cdc_line_coding_cb
                0x200049e4       0x18 CMakeFiles/acorn_system_1_gadget.dir/home/menadue/pico/pico-sdk/src/rp2_common/pico_stdio_usb/reset_interface.c.o
                0x200049e4                tud_cdc_line_coding_cb
 .text.stdio_usb_set_chars_available_callback
                0x200049fc       0x14 CMakeFiles/acorn_system_1_gadget.dir/home/menadue/pico/pico-sdk/src/rp2_common/pico_stdio_usb/stdio_usb.c.o
                0x200049fc                stdio_usb_set_chars_available_callback
 .text.timer_task
                0x20004a10       0x70 CMakeFiles/acorn_system_1_gadget.dir/home/menadue/pico/pico-sdk/src/rp2_common/pico_stdio_usb/stdio_usb.c.o
 .text.usb_irq  0x20004a80        0xc CMakeFiles/acorn_system_1_gadget.dir/home/menadue/pico/pico-sdk/src/rp2_common/pico_stdio_usb/stdio_usb.c.o
 .text.stdio_usb_in_chars
                0x20004a8c       0x88 CMakeFiles/acorn_system_1_gadget.dir/home/menadue/pico/pico-sdk/src/rp2_common/pico_stdio_usb/stdio_usb.c.o
                0x20004a8c                stdio_usb_in_chars
 .text.stdio_usb_out_flush
                0x20004b14       0x54 CMakeFiles/acorn_system_1_gadget.dir/home/menadue/pico/pico-sdk/src/rp2_common/pico_stdio_usb/stdio_usb.c.o
 .text.stdio_usb_out_chars
                0x20004b68       0xf0 CMakeFiles/acorn_system_1_gadget.dir/home/menadue/pico/pico-sdk/src/rp2_common/pico_stdio_usb/stdio_usb.c.o
 .text.low_priority_worker_irq
                0x20004c58       0xe8 CMakeFiles/acorn_system_1_gadget.dir/home/menadue/pico/pico-sdk/src/rp2_common/pico_stdio_usb/stdio_usb.c.o
 .text.stdio_usb_init
                0x20004d40       0xec CMakeFiles/acorn_system_1_gadget.dir/home/menadue/pico/pico-sdk/src/rp2_common/pico_stdio_usb/stdio_usb.c.o
                0x20004d40                stdio_usb_init
 .text.tud_descriptor_device_cb
                0x20004e2c        0x8 CMakeFiles/acorn_system_1_gadget.dir/home/menadue/pico/pico-sdk/src/rp2_common/pico_stdio_usb/stdio_usb_descriptors.c.o
                0x20004e2c                tud_descriptor_device_cb
 .text.tud_descriptor_configuration_cb
                0x20004e34        0x8 CMakeFiles/acorn_system_1_gadget.dir/home/menadue/pico/pico-sdk/src/rp2_common/pico_stdio_usb/stdio_usb_descriptors.c.o
                0x20004e34                tud_descriptor_configuration_cb
 .text.tud_descriptor_string_cb
                0x20004e3c       0x80 CMakeFiles/acorn_system_1_gadget.dir/home/menadue/pico/pico-sdk/src/rp2_common/pico_stdio_usb/stdio_usb_descriptors.c.o
                0x20004e3c                tud_descriptor_string_cb
 .text.startup._retrieve_unique_id_on_boot
                0x20004ebc       0x2c CMakeFiles/acorn_system_1_gadget.dir/home/menadue/pico/pico-sdk/src/rp2_common/pico_unique_id/unique_id.c.o
 .text.pico_get_unique_board_id_string
                0x20004ee8      0x190 CMakeFiles/acorn_system_1_gadget.dir/home/menadue/pico/pico-sdk/src/rp2_common/pico_unique_id/unique_id.c.o
                0x20004ee8                pico_get_unique_board_id_string
 .text.dcd_init
                0x20005078       0x94 CMakeFiles/acorn_system_1_gadget.dir/home/menadue/pico/pico-sdk/lib/tinyusb/src/portable/raspberrypi/rp2040/dcd_rp2040.c.o
                0x20005078                dcd_init
 .text.dcd_int_enable
                0x2000510c        0x8 CMakeFiles/acorn_system_1_gadget.dir/home/menadue/pico/pico-sdk/lib/tinyusb/src/portable/raspberrypi/rp2040/dcd_rp2040.c.o
                0x2000510c                dcd_int_enable
 .text.dcd_set_address
                0x20005114       0x10 CMakeFiles/acorn_system_1_gadget.dir/home/menadue/pico/pico-sdk/lib/tinyusb/src/portable/raspberrypi/rp2040/dcd_rp2040.c.o
                0x20005114                dcd_set_address
 .text.dcd_sof_enable
                0x20005124       0x1c CMakeFiles/acorn_system_1_gadget.dir/home/menadue/pico/pico-sdk/lib/tinyusb/src/portable/raspberrypi/rp2040/dcd_rp2040.c.o
                0x20005124                dcd_sof_enable
 .text.dcd_edpt0_status_complete
                0x20005140       0x1c CMakeFiles/acorn_system_1_gadget.dir/home/menadue/pico/pico-sdk/lib/tinyusb/src/portable/raspberrypi/rp2040/dcd_rp2040.c.o
                0x20005140                dcd_edpt0_status_complete
 .text.dcd_edpt_open
                0x2000515c      0x100 CMakeFiles/acorn_system_1_gadget.dir/home/menadue/pico/pico-sdk/lib/tinyusb/src/portable/raspberrypi/rp2040/dcd_rp2040.c.o
                0x2000515c                dcd_edpt_open
 .text.dcd_edpt_close_all
                0x2000525c        0x4 CMakeFiles/acorn_system_1_gadget.dir/home/menadue/pico/pico-sdk/lib/tinyusb/src/portable/raspberrypi/rp2040/dcd_rp2040.c.o
                0x2000525c                dcd_edpt_close_all
 .text.dcd_edpt_xfer
                0x20005260       0x28 CMakeFiles/acorn_system_1_gadget.dir/home/menadue/pico/pico-sdk/lib/tinyusb/src/portable/raspberrypi/rp2040/dcd_rp2040.c.o
                0x20005260                dcd_edpt_xfer
 .text.dcd_edpt_stall
                0x20005288       0x30 CMakeFiles/acorn_system_1_gadget.dir/home/menadue/pico/pico-sdk/lib/tinyusb/src/portable/raspberrypi/rp2040/dcd_rp2040.c.o
                0x20005288                dcd_edpt_stall
 .text.dcd_edpt_clear_stall
                0x200052b8       0x24 CMakeFiles/acorn_system_1_gadget.dir/home/menadue/pico/pico-sdk/lib/tinyusb/src/portable/raspberrypi/rp2040/dcd_rp2040.c.o
                0x200052b8                dcd_edpt_clear_stall
 .text.rp2040_usb_init
                0x200052dc       0x40 CMakeFiles/acorn_system_1_gadget.dir/home/menadue/pico/pico-sdk/lib/tinyusb/src/portable/raspberrypi/rp2040/rp2040_usb.c.o
                0x200052dc                rp2040_usb_init
 .text.hw_endpoint_xfer_start
                0x2000531c       0x40 CMakeFiles/acorn_system_1_gadget.dir/home/menadue/pico/pico-sdk/lib/tinyusb/src/portable/raspberrypi/rp2040/rp2040_usb.c.o
                0x2000531c                hw_endpoint_xfer_start
 .text.configuration_reset
                0x2000535c       0x8c CMakeFiles/acorn_system_1_gadget.dir/home/menadue/pico/pico-sdk/lib/tinyusb/src/device/usbd.c.o
 .text.tud_event_hook_cb
                0x200053e8        0x4 CMakeFiles/acorn_system_1_gadget.dir/home/menadue/pico/pico-sdk/lib/tinyusb/src/device/usbd.c.o
                0x200053e8                tud_event_hook_cb
 .text.tud_sof_cb
                0x200053ec        0x4 CMakeFiles/acorn_system_1_gadget.dir/home/menadue/pico/pico-sdk/lib/tinyusb/src/device/usbd.c.o
                0x200053ec                tud_sof_cb
 .text.tud_descriptor_device_qualifier_cb
                0x200053f0        0x4 CMakeFiles/acorn_system_1_gadget.dir/home/menadue/pico/pico-sdk/lib/tinyusb/src/device/usbd.c.o
                0x200053f0                tud_descriptor_device_qualifier_cb
 .text.tud_descriptor_other_speed_configuration_cb
                0x200053f4        0x4 CMakeFiles/acorn_system_1_gadget.dir/home/menadue/pico/pico-sdk/lib/tinyusb/src/device/usbd.c.o
                0x200053f4                tud_descriptor_other_speed_configuration_cb
 .text.tud_mount_cb
                0x200053f8        0x4 CMakeFiles/acorn_system_1_gadget.dir/home/menadue/pico/pico-sdk/lib/tinyusb/src/device/usbd.c.o
                0x200053f8                tud_mount_cb
 .text.tud_umount_cb
                0x200053fc        0x4 CMakeFiles/acorn_system_1_gadget.dir/home/menadue/pico/pico-sdk/lib/tinyusb/src/device/usbd.c.o
                0x200053fc                tud_umount_cb
 .text.tud_suspend_cb
                0x20005400        0x4 CMakeFiles/acorn_system_1_gadget.dir/home/menadue/pico/pico-sdk/lib/tinyusb/src/device/usbd.c.o
                0x20005400                tud_suspend_cb
 .text.tud_resume_cb
                0x20005404        0x4 CMakeFiles/acorn_system_1_gadget.dir/home/menadue/pico/pico-sdk/lib/tinyusb/src/device/usbd.c.o
                0x20005404                tud_resume_cb
 .text.tud_mounted
                0x20005408       0x10 CMakeFiles/acorn_system_1_gadget.dir/home/menadue/pico/pico-sdk/lib/tinyusb/src/device/usbd.c.o
                0x20005408                tud_mounted
 .text.tud_suspended
                0x20005418       0x10 CMakeFiles/acorn_system_1_gadget.dir/home/menadue/pico/pico-sdk/lib/tinyusb/src/device/usbd.c.o
                0x20005418                tud_suspended
 .text.tud_init
                0x20005428       0xe0 CMakeFiles/acorn_system_1_gadget.dir/home/menadue/pico/pico-sdk/lib/tinyusb/src/device/usbd.c.o
                0x20005428                tud_init
 .text.tud_task_ext
                0x20005508      0x7bc CMakeFiles/acorn_system_1_gadget.dir/home/menadue/pico/pico-sdk/lib/tinyusb/src/device/usbd.c.o
                0x20005508                tud_task_ext
 .text.usbd_open_edpt_pair
                0x20005cc4       0xa0 CMakeFiles/acorn_system_1_gadget.dir/home/menadue/pico/pico-sdk/lib/tinyusb/src/device/usbd.c.o
                0x20005cc4                usbd_open_edpt_pair
 .text.usbd_edpt_open
                0x20005d64       0x5c CMakeFiles/acorn_system_1_gadget.dir/home/menadue/pico/pico-sdk/lib/tinyusb/src/device/usbd.c.o
                0x20005d64                usbd_edpt_open
 .text.usbd_edpt_claim
                0x20005dc0       0x24 CMakeFiles/acorn_system_1_gadget.dir/home/menadue/pico/pico-sdk/lib/tinyusb/src/device/usbd.c.o
                0x20005dc0                usbd_edpt_claim
 .text.usbd_edpt_release
                0x20005de4       0x24 CMakeFiles/acorn_system_1_gadget.dir/home/menadue/pico/pico-sdk/lib/tinyusb/src/device/usbd.c.o
                0x20005de4                usbd_edpt_release
 .text.usbd_edpt_xfer
                0x20005e08       0x70 CMakeFiles/acorn_system_1_gadget.dir/home/menadue/pico/pico-sdk/lib/tinyusb/src/device/usbd.c.o
                0x20005e08                usbd_edpt_xfer
 .text.tud_control_status
                0x20005e78       0x38 CMakeFiles/acorn_system_1_gadget.dir/home/menadue/pico/pico-sdk/lib/tinyusb/src/device/usbd_control.c.o
                0x20005e78                tud_control_status
 .text.tud_control_xfer
                0x20005eb0       0xb4 CMakeFiles/acorn_system_1_gadget.dir/home/menadue/pico/pico-sdk/lib/tinyusb/src/device/usbd_control.c.o
                0x20005eb0                tud_control_xfer
 .text.usbd_control_reset
                0x20005f64       0x14 CMakeFiles/acorn_system_1_gadget.dir/home/menadue/pico/pico-sdk/lib/tinyusb/src/device/usbd_control.c.o
                0x20005f64                usbd_control_reset
 .text.usbd_control_set_complete_callback
                0x20005f78        0xc CMakeFiles/acorn_system_1_gadget.dir/home/menadue/pico/pico-sdk/lib/tinyusb/src/device/usbd_control.c.o
                0x20005f78                usbd_control_set_complete_callback
 .text.usbd_control_set_request
                0x20005f84       0x1c CMakeFiles/acorn_system_1_gadget.dir/home/menadue/pico/pico-sdk/lib/tinyusb/src/device/usbd_control.c.o
                0x20005f84                usbd_control_set_request
 .text.usbd_control_xfer_cb
                0x20005fa0      0x104 CMakeFiles/acorn_system_1_gadget.dir/home/menadue/pico/pico-sdk/lib/tinyusb/src/device/usbd_control.c.o
                0x20005fa0                usbd_control_xfer_cb
 .text._prep_out_transaction.isra.0
                0x200060a4       0x64 CMakeFiles/acorn_system_1_gadget.dir/home/menadue/pico/pico-sdk/lib/tinyusb/src/class/cdc/cdc_device.c.o
 .text.tud_cdc_n_connected
                0x20006108       0x2c CMakeFiles/acorn_system_1_gadget.dir/home/menadue/pico/pico-sdk/lib/tinyusb/src/class/cdc/cdc_device.c.o
                0x20006108                tud_cdc_n_connected
 .text.tud_cdc_n_available
                0x20006134       0x18 CMakeFiles/acorn_system_1_gadget.dir/home/menadue/pico/pico-sdk/lib/tinyusb/src/class/cdc/cdc_device.c.o
                0x20006134                tud_cdc_n_available
 .text.tud_cdc_n_read
                0x2000614c       0x8c CMakeFiles/acorn_system_1_gadget.dir/home/menadue/pico/pico-sdk/lib/tinyusb/src/class/cdc/cdc_device.c.o
                0x2000614c                tud_cdc_n_read
 .text.tud_cdc_n_write_flush
                0x200061d8       0x94 CMakeFiles/acorn_system_1_gadget.dir/home/menadue/pico/pico-sdk/lib/tinyusb/src/class/cdc/cdc_device.c.o
                0x200061d8                tud_cdc_n_write_flush
 .text.tud_cdc_n_write
                0x2000626c       0x40 CMakeFiles/acorn_system_1_gadget.dir/home/menadue/pico/pico-sdk/lib/tinyusb/src/class/cdc/cdc_device.c.o
                0x2000626c                tud_cdc_n_write
 .text.tud_cdc_n_write_available
                0x200062ac       0x18 CMakeFiles/acorn_system_1_gadget.dir/home/menadue/pico/pico-sdk/lib/tinyusb/src/class/cdc/cdc_device.c.o
                0x200062ac                tud_cdc_n_write_available
 .text.cdcd_init
                0x200062c4       0x74 CMakeFiles/acorn_system_1_gadget.dir/home/menadue/pico/pico-sdk/lib/tinyusb/src/class/cdc/cdc_device.c.o
                0x200062c4                cdcd_init
 .text.cdcd_deinit
                0x20006338       0x30 CMakeFiles/acorn_system_1_gadget.dir/home/menadue/pico/pico-sdk/lib/tinyusb/src/class/cdc/cdc_device.c.o
                0x20006338                cdcd_deinit
 .text.cdcd_reset
                0x20006368       0x50 CMakeFiles/acorn_system_1_gadget.dir/home/menadue/pico/pico-sdk/lib/tinyusb/src/class/cdc/cdc_device.c.o
                0x20006368                cdcd_reset
 .text.cdcd_open
                0x200063b8       0xcc CMakeFiles/acorn_system_1_gadget.dir/home/menadue/pico/pico-sdk/lib/tinyusb/src/class/cdc/cdc_device.c.o
                0x200063b8                cdcd_open
 .text.cdcd_control_xfer_cb
                0x20006484       0xd4 CMakeFiles/acorn_system_1_gadget.dir/home/menadue/pico/pico-sdk/lib/tinyusb/src/class/cdc/cdc_device.c.o
                0x20006484                cdcd_control_xfer_cb
 .text.cdcd_xfer_cb
                0x20006558       0xf8 CMakeFiles/acorn_system_1_gadget.dir/home/menadue/pico/pico-sdk/lib/tinyusb/src/class/cdc/cdc_device.c.o
                0x20006558                cdcd_xfer_cb
 .text.vendord_init
                0x20006650       0x5c CMakeFiles/acorn_system_1_gadget.dir/home/menadue/pico/pico-sdk/lib/tinyusb/src/class/vendor/vendor_device.c.o
                0x20006650                vendord_init
 .text.vendord_deinit
                0x200066ac       0x1c CMakeFiles/acorn_system_1_gadget.dir/home/menadue/pico/pico-sdk/lib/tinyusb/src/class/vendor/vendor_device.c.o
                0x200066ac                vendord_deinit
 .text.vendord_reset
                0x200066c8       0x20 CMakeFiles/acorn_system_1_gadget.dir/home/menadue/pico/pico-sdk/lib/tinyusb/src/class/vendor/vendor_device.c.o
                0x200066c8                vendord_reset
 .text.vendord_open
                0x200066e8       0xf8 CMakeFiles/acorn_system_1_gadget.dir/home/menadue/pico/pico-sdk/lib/tinyusb/src/class/vendor/vendor_device.c.o
                0x200066e8                vendord_open
 .text.vendord_xfer_cb
                0x200067e0       0x98 CMakeFiles/acorn_system_1_gadget.dir/home/menadue/pico/pico-sdk/lib/tinyusb/src/class/vendor/vendor_device.c.o
                0x200067e0                vendord_xfer_cb
 .text.tusb_init
                0x20006878       0x1c CMakeFiles/acorn_system_1_gadget.dir/home/menadue/pico/pico-sdk/lib/tinyusb/src/tusb.c.o
                0x20006878                tusb_init
 .text.tu_edpt_claim
                0x20006894       0x60 CMakeFiles/acorn_system_1_gadget.dir/home/menadue/pico/pico-sdk/lib/tinyusb/src/tusb.c.o
                0x20006894                tu_edpt_claim
 .text.tu_edpt_release
                0x200068f4       0x38 CMakeFiles/acorn_system_1_gadget.dir/home/menadue/pico/pico-sdk/lib/tinyusb/src/tusb.c.o
                0x200068f4                tu_edpt_release
 .text.tu_edpt_validate
                0x2000692c       0x60 CMakeFiles/acorn_system_1_gadget.dir/home/menadue/pico/pico-sdk/lib/tinyusb/src/tusb.c.o
                0x2000692c                tu_edpt_validate
 .text.tu_edpt_bind_driver
                0x2000698c       0x54 CMakeFiles/acorn_system_1_gadget.dir/home/menadue/pico/pico-sdk/lib/tinyusb/src/tusb.c.o
                0x2000698c                tu_edpt_bind_driver
 .text.tu_edpt_stream_init
                0x200069e0       0x58 CMakeFiles/acorn_system_1_gadget.dir/home/menadue/pico/pico-sdk/lib/tinyusb/src/tusb.c.o
                0x200069e0                tu_edpt_stream_init
 .text.tu_edpt_stream_deinit
                0x20006a38        0x4 CMakeFiles/acorn_system_1_gadget.dir/home/menadue/pico/pico-sdk/lib/tinyusb/src/tusb.c.o
                0x20006a38                tu_edpt_stream_deinit
 .text.tu_edpt_stream_write_zlp_if_needed
                0x20006a3c       0x6c CMakeFiles/acorn_system_1_gadget.dir/home/menadue/pico/pico-sdk/lib/tinyusb/src/tusb.c.o
                0x20006a3c                tu_edpt_stream_write_zlp_if_needed
 .text.tu_edpt_stream_write_xfer
                0x20006aa8       0x74 CMakeFiles/acorn_system_1_gadget.dir/home/menadue/pico/pico-sdk/lib/tinyusb/src/tusb.c.o
                0x20006aa8                tu_edpt_stream_write_xfer
 .text.tu_edpt_stream_read_xfer
                0x20006b1c       0xd0 CMakeFiles/acorn_system_1_gadget.dir/home/menadue/pico/pico-sdk/lib/tinyusb/src/tusb.c.o
                0x20006b1c                tu_edpt_stream_read_xfer
 .text.tu_fifo_config
                0x20006bec       0x60 CMakeFiles/acorn_system_1_gadget.dir/home/menadue/pico/pico-sdk/lib/tinyusb/src/common/tusb_fifo.c.o
                0x20006bec                tu_fifo_config
 .text.tu_fifo_count
                0x20006c4c       0x20 CMakeFiles/acorn_system_1_gadget.dir/home/menadue/pico/pico-sdk/lib/tinyusb/src/common/tusb_fifo.c.o
                0x20006c4c                tu_fifo_count
 .text.tu_fifo_empty
                0x20006c6c       0x14 CMakeFiles/acorn_system_1_gadget.dir/home/menadue/pico/pico-sdk/lib/tinyusb/src/common/tusb_fifo.c.o
                0x20006c6c                tu_fifo_empty
 .text.tu_fifo_remaining
                0x20006c80       0x24 CMakeFiles/acorn_system_1_gadget.dir/home/menadue/pico/pico-sdk/lib/tinyusb/src/common/tusb_fifo.c.o
                0x20006c80                tu_fifo_remaining
 .text.tu_fifo_read
                0x20006ca4       0x9c CMakeFiles/acorn_system_1_gadget.dir/home/menadue/pico/pico-sdk/lib/tinyusb/src/common/tusb_fifo.c.o
                0x20006ca4                tu_fifo_read
 .text.tu_fifo_read_n
                0x20006d40       0xe0 CMakeFiles/acorn_system_1_gadget.dir/home/menadue/pico/pico-sdk/lib/tinyusb/src/common/tusb_fifo.c.o
                0x20006d40                tu_fifo_read_n
 .text.tu_fifo_write
                0x20006e20       0xa8 CMakeFiles/acorn_system_1_gadget.dir/home/menadue/pico/pico-sdk/lib/tinyusb/src/common/tusb_fifo.c.o
                0x20006e20                tu_fifo_write
 .text.tu_fifo_write_n
                0x20006ec8      0x150 CMakeFiles/acorn_system_1_gadget.dir/home/menadue/pico/pico-sdk/lib/tinyusb/src/common/tusb_fifo.c.o
                0x20006ec8                tu_fifo_write_n
 .text.tu_fifo_clear
                0x20007018       0x38 CMakeFiles/acorn_system_1_gadget.dir/home/menadue/pico/pico-sdk/lib/tinyusb/src/common/tusb_fifo.c.o
                0x20007018                tu_fifo_clear
 .text.tu_fifo_set_overwritable
                0x20007050       0x3c CMakeFiles/acorn_system_1_gadget.dir/home/menadue/pico/pico-sdk/lib/tinyusb/src/common/tusb_fifo.c.o
                0x20007050                tu_fifo_set_overwritable
 .text.add_program_at_offset
                0x2000708c       0xb4 CMakeFiles/acorn_system_1_gadget.dir/home/menadue/pico/pico-sdk/src/rp2_common/hardware_pio/pio.c.o
 .text.pio_claim_unused_sm
                0x20007140       0x38 CMakeFiles/acorn_system_1_gadget.dir/home/menadue/pico/pico-sdk/src/rp2_common/hardware_pio/pio.c.o
                0x20007140                pio_claim_unused_sm
 .text.pio_add_program
                0x20007178       0x9c CMakeFiles/acorn_system_1_gadget.dir/home/menadue/pico/pico-sdk/src/rp2_common/hardware_pio/pio.c.o
                0x20007178                pio_add_program
 .text.pio_clear_instruction_memory
                0x20007214       0x34 CMakeFiles/acorn_system_1_gadget.dir/home/menadue/pico/pico-sdk/src/rp2_common/hardware_pio/pio.c.o
                0x20007214                pio_clear_instruction_memory
 .text.pio_sm_set_consecutive_pindirs
                0x20007248       0x8c CMakeFiles/acorn_system_1_gadget.dir/home/menadue/pico/pico-sdk/src/rp2_common/hardware_pio/pio.c.o
                0x20007248                pio_sm_set_consecutive_pindirs
 .text.pio_sm_init
                0x200072d4      0x128 CMakeFiles/acorn_system_1_gadget.dir/home/menadue/pico/pico-sdk/src/rp2_common/hardware_pio/pio.c.o
                0x200072d4                pio_sm_init
 .text.dma_channel_claim
                0x200073fc       0x14 CMakeFiles/acorn_system_1_gadget.dir/home/menadue/pico/pico-sdk/src/rp2_common/hardware_dma/dma.c.o
                0x200073fc                dma_channel_claim
 .text.dma_claim_unused_channel
                0x20007410       0x24 CMakeFiles/acorn_system_1_gadget.dir/home/menadue/pico/pico-sdk/src/rp2_common/hardware_dma/dma.c.o
                0x20007410                dma_claim_unused_channel
 .text.core1_trampoline
                0x20007434        0x4 CMakeFiles/acorn_system_1_gadget.dir/home/menadue/pico/pico-sdk/src/rp2_common/pico_multicore/multicore.c.o
 .text.core1_wrapper
                0x20007438       0x18 CMakeFiles/acorn_system_1_gadget.dir/home/menadue/pico/pico-sdk/src/rp2_common/pico_multicore/multicore.c.o
                0x20007438                core1_wrapper
 .text.multicore_launch_core1_raw
                0x20007450       0x80 CMakeFiles/acorn_system_1_gadget.dir/home/menadue/pico/pico-sdk/src/rp2_common/pico_multicore/multicore.c.o
                0x20007450                multicore_launch_core1_raw
 .text.multicore_launch_core1
                0x200074d0       0x48 CMakeFiles/acorn_system_1_gadget.dir/home/menadue/pico/pico-sdk/src/rp2_common/pico_multicore/multicore.c.o
                0x200074d0                multicore_launch_core1
 .text.pick_lfn
                0x20007518      0x26c CMakeFiles/acorn_system_1_gadget.dir/home/menadue/tree/github/acorn-system-1-gadget/firmware/no-OS-FatFS-SD-SDIO-SPI-RPi-Pico/src/ff15/source/ff.c.o
 .text.put_utf  0x20007784       0xcc CMakeFiles/acorn_system_1_gadget.dir/home/menadue/tree/github/acorn-system-1-gadget/firmware/no-OS-FatFS-SD-SDIO-SPI-RPi-Pico/src/ff15/source/ff.c.o
 .text.init_alloc_info.isra.0
                0x20007850       0x20 CMakeFiles/acorn_system_1_gadget.dir/home/menadue/tree/github/acorn-system-1-gadget/firmware/no-OS-FatFS-SD-SDIO-SPI-RPi-Pico/src/ff15/source/ff.c.o
 .text.move_window
                0x20007870       0x94 CMakeFiles/acorn_system_1_gadget.dir/home/menadue/tree/github/acorn-system-1-gadget/firmware/no-OS-FatFS-SD-SDIO-SPI-RPi-Pico/src/ff15/source/ff.c.o
 .text.get_fat  0x20007904      0x150 CMakeFiles/acorn_system_1_gadget.dir/home/menadue/tree/github/acorn-system-1-gadget/firmware/no-OS-FatFS-SD-SDIO-SPI-RPi-Pico/src/ff15/source/ff.c.o
 .text.dir_next.constprop.0
                0x20007a54       0xb4 CMakeFiles/acorn_system_1_gadget.dir/home/menadue/tree/github/acorn-system-1-gadget/firmware/no-OS-FatFS-SD-SDIO-SPI-RPi-Pico/src/ff15/source/ff.c.o
 .text.get_fileinfo
                0x20007b08      0x278 CMakeFiles/acorn_system_1_gadget.dir/home/menadue/tree/github/acorn-system-1-gadget/firmware/no-OS-FatFS-SD-SDIO-SPI-RPi-Pico/src/ff15/source/ff.c.o
 .text.check_fs
                0x20007d80      0x138 CMakeFiles/acorn_system_1_gadget.dir/home/menadue/tree/github/acorn-system-1-gadget/firmware/no-OS-FatFS-SD-SDIO-SPI-RPi-Pico/src/ff15/source/ff.c.o
 .text.mount_volume
                0x20007eb8      0x644 CMakeFiles/acorn_system_1_gadget.dir/home/menadue/tree/github/acorn-system-1-gadget/firmware/no-OS-FatFS-SD-SDIO-SPI-RPi-Pico/src/ff15/source/ff.c.o
 .text.load_xdir
                0x200084fc      0x1f4 CMakeFiles/acorn_system_1_gadget.dir/home/menadue/tree/github/acorn-system-1-gadget/firmware/no-OS-FatFS-SD-SDIO-SPI-RPi-Pico/src/ff15/source/ff.c.o
 .text.dir_read.constprop.0
                0x200086f0      0x274 CMakeFiles/acorn_system_1_gadget.dir/home/menadue/tree/github/acorn-system-1-gadget/firmware/no-OS-FatFS-SD-SDIO-SPI-RPi-Pico/src/ff15/source/ff.c.o
 .text.dir_sdi  0x20008964      0x268 CMakeFiles/acorn_system_1_gadget.dir/home/menadue/tree/github/acorn-system-1-gadget/firmware/no-OS-FatFS-SD-SDIO-SPI-RPi-Pico/src/ff15/source/ff.c.o
 .text.dir_find
                0x20008bcc      0x404 CMakeFiles/acorn_system_1_gadget.dir/home/menadue/tree/github/acorn-system-1-gadget/firmware/no-OS-FatFS-SD-SDIO-SPI-RPi-Pico/src/ff15/source/ff.c.o
 .text.follow_path
                0x20008fd0      0x550 CMakeFiles/acorn_system_1_gadget.dir/home/menadue/tree/github/acorn-system-1-gadget/firmware/no-OS-FatFS-SD-SDIO-SPI-RPi-Pico/src/ff15/source/ff.c.o
 .text.f_mount  0x20009520       0x90 CMakeFiles/acorn_system_1_gadget.dir/home/menadue/tree/github/acorn-system-1-gadget/firmware/no-OS-FatFS-SD-SDIO-SPI-RPi-Pico/src/ff15/source/ff.c.o
                0x20009520                f_mount
 .text.f_chdrive
                0x200095b0       0x38 CMakeFiles/acorn_system_1_gadget.dir/home/menadue/tree/github/acorn-system-1-gadget/firmware/no-OS-FatFS-SD-SDIO-SPI-RPi-Pico/src/ff15/source/ff.c.o
                0x200095b0                f_chdrive
 .text.f_chdir  0x200095e8       0xfc CMakeFiles/acorn_system_1_gadget.dir/home/menadue/tree/github/acorn-system-1-gadget/firmware/no-OS-FatFS-SD-SDIO-SPI-RPi-Pico/src/ff15/source/ff.c.o
                0x200095e8                f_chdir
 .text.f_getcwd
                0x200096e4      0x5c4 CMakeFiles/acorn_system_1_gadget.dir/home/menadue/tree/github/acorn-system-1-gadget/firmware/no-OS-FatFS-SD-SDIO-SPI-RPi-Pico/src/ff15/source/ff.c.o
                0x200096e4                f_getcwd
 .text.ff_memalloc
                0x20009ca8        0x4 CMakeFiles/acorn_system_1_gadget.dir/home/menadue/tree/github/acorn-system-1-gadget/firmware/no-OS-FatFS-SD-SDIO-SPI-RPi-Pico/src/ff15/source/ffsystem.c.o
                0x20009ca8                ff_memalloc
 .text.ff_memfree
                0x20009cac        0x4 CMakeFiles/acorn_system_1_gadget.dir/home/menadue/tree/github/acorn-system-1-gadget/firmware/no-OS-FatFS-SD-SDIO-SPI-RPi-Pico/src/ff15/source/ffsystem.c.o
                0x20009cac                ff_memfree
 .text.ff_uni2oem
                0x20009cb0       0x38 CMakeFiles/acorn_system_1_gadget.dir/home/menadue/tree/github/acorn-system-1-gadget/firmware/no-OS-FatFS-SD-SDIO-SPI-RPi-Pico/src/ff15/source/ffunicode.c.o
                0x20009cb0                ff_uni2oem
 .text.ff_oem2uni
                0x20009ce8       0x28 CMakeFiles/acorn_system_1_gadget.dir/home/menadue/tree/github/acorn-system-1-gadget/firmware/no-OS-FatFS-SD-SDIO-SPI-RPi-Pico/src/ff15/source/ffunicode.c.o
                0x20009ce8                ff_oem2uni
 .text.ff_wtoupper
                0x20009d10       0xa4 CMakeFiles/acorn_system_1_gadget.dir/home/menadue/tree/github/acorn-system-1-gadget/firmware/no-OS-FatFS-SD-SDIO-SPI-RPi-Pico/src/ff15/source/ffunicode.c.o
                0x20009d10                ff_wtoupper
 .text.dma_irq_add_handler
                0x20009db4       0x9c CMakeFiles/acorn_system_1_gadget.dir/home/menadue/tree/github/acorn-system-1-gadget/firmware/no-OS-FatFS-SD-SDIO-SPI-RPi-Pico/src/sd_driver/dma_interrupts.c.o
                0x20009db4                dma_irq_add_handler
 .text.sd_lock  0x20009e50        0x8 CMakeFiles/acorn_system_1_gadget.dir/home/menadue/tree/github/acorn-system-1-gadget/firmware/no-OS-FatFS-SD-SDIO-SPI-RPi-Pico/src/sd_driver/sd_card.c.o
                0x20009e50                sd_lock
 .text.sd_unlock
                0x20009e58        0x8 CMakeFiles/acorn_system_1_gadget.dir/home/menadue/tree/github/acorn-system-1-gadget/firmware/no-OS-FatFS-SD-SDIO-SPI-RPi-Pico/src/sd_driver/sd_card.c.o
                0x20009e58                sd_unlock
 .text.sd_card_detect
                0x20009e60       0x78 CMakeFiles/acorn_system_1_gadget.dir/home/menadue/tree/github/acorn-system-1-gadget/firmware/no-OS-FatFS-SD-SDIO-SPI-RPi-Pico/src/sd_driver/sd_card.c.o
                0x20009e60                sd_card_detect
 .text.sd_get_drive_prefix
                0x20009ed8       0x10 CMakeFiles/acorn_system_1_gadget.dir/home/menadue/tree/github/acorn-system-1-gadget/firmware/no-OS-FatFS-SD-SDIO-SPI-RPi-Pico/src/sd_driver/sd_card.c.o
                0x20009ed8                sd_get_drive_prefix
 .text.sd_init_driver
                0x20009ee8       0xd8 CMakeFiles/acorn_system_1_gadget.dir/home/menadue/tree/github/acorn-system-1-gadget/firmware/no-OS-FatFS-SD-SDIO-SPI-RPi-Pico/src/sd_driver/sd_card.c.o
                0x20009ee8                sd_init_driver
 .text.sdio_start_next_block_tx
                0x20009fc0      0x140 CMakeFiles/acorn_system_1_gadget.dir/home/menadue/tree/github/acorn-system-1-gadget/firmware/no-OS-FatFS-SD-SDIO-SPI-RPi-Pico/src/sd_driver/SDIO/rp2040_sdio.c.o
 .text.rp2040_sdio_stop.isra.0
                0x2000a100       0x88 CMakeFiles/acorn_system_1_gadget.dir/home/menadue/tree/github/acorn-system-1-gadget/firmware/no-OS-FatFS-SD-SDIO-SPI-RPi-Pico/src/sd_driver/SDIO/rp2040_sdio.c.o
 .text.sdio_send_command.isra.0
                0x2000a188       0x7c CMakeFiles/acorn_system_1_gadget.dir/home/menadue/tree/github/acorn-system-1-gadget/firmware/no-OS-FatFS-SD-SDIO-SPI-RPi-Pico/src/sd_driver/SDIO/rp2040_sdio.c.o
 .text.sdio_crc16_4bit_checksum
                0x2000a204       0xa4 CMakeFiles/acorn_system_1_gadget.dir/home/menadue/tree/github/acorn-system-1-gadget/firmware/no-OS-FatFS-SD-SDIO-SPI-RPi-Pico/src/sd_driver/SDIO/rp2040_sdio.c.o
                0x2000a204                sdio_crc16_4bit_checksum
 .text.rp2040_sdio_command_R1
                0x2000a2a8      0x14c CMakeFiles/acorn_system_1_gadget.dir/home/menadue/tree/github/acorn-system-1-gadget/firmware/no-OS-FatFS-SD-SDIO-SPI-RPi-Pico/src/sd_driver/SDIO/rp2040_sdio.c.o
                0x2000a2a8                rp2040_sdio_command_R1
 .text.rp2040_sdio_command_R2
                0x2000a3f4      0x218 CMakeFiles/acorn_system_1_gadget.dir/home/menadue/tree/github/acorn-system-1-gadget/firmware/no-OS-FatFS-SD-SDIO-SPI-RPi-Pico/src/sd_driver/SDIO/rp2040_sdio.c.o
                0x2000a3f4                rp2040_sdio_command_R2
 .text.rp2040_sdio_command_R3
                0x2000a60c       0x9c CMakeFiles/acorn_system_1_gadget.dir/home/menadue/tree/github/acorn-system-1-gadget/firmware/no-OS-FatFS-SD-SDIO-SPI-RPi-Pico/src/sd_driver/SDIO/rp2040_sdio.c.o
                0x2000a60c                rp2040_sdio_command_R3
 .text.rp2040_sdio_rx_start
                0x2000a6a8      0x18c CMakeFiles/acorn_system_1_gadget.dir/home/menadue/tree/github/acorn-system-1-gadget/firmware/no-OS-FatFS-SD-SDIO-SPI-RPi-Pico/src/sd_driver/SDIO/rp2040_sdio.c.o
                0x2000a6a8                rp2040_sdio_rx_start
 .text.rp2040_sdio_rx_poll
                0x2000a834      0x1a0 CMakeFiles/acorn_system_1_gadget.dir/home/menadue/tree/github/acorn-system-1-gadget/firmware/no-OS-FatFS-SD-SDIO-SPI-RPi-Pico/src/sd_driver/SDIO/rp2040_sdio.c.o
                0x2000a834                rp2040_sdio_rx_poll
 .text.rp2040_sdio_tx_start
                0x2000a9d4       0x7c CMakeFiles/acorn_system_1_gadget.dir/home/menadue/tree/github/acorn-system-1-gadget/firmware/no-OS-FatFS-SD-SDIO-SPI-RPi-Pico/src/sd_driver/SDIO/rp2040_sdio.c.o
                0x2000a9d4                rp2040_sdio_tx_start
 .text.rp2040_sdio_tx_poll
                0x2000aa50       0x88 CMakeFiles/acorn_system_1_gadget.dir/home/menadue/tree/github/acorn-system-1-gadget/firmware/no-OS-FatFS-SD-SDIO-SPI-RPi-Pico/src/sd_driver/SDIO/rp2040_sdio.c.o
                0x2000aa50                rp2040_sdio_tx_poll
 .text.rp2040_sdio_init
                0x2000aad8      0x48c CMakeFiles/acorn_system_1_gadget.dir/home/menadue/tree/github/acorn-system-1-gadget/firmware/no-OS-FatFS-SD-SDIO-SPI-RPi-Pico/src/sd_driver/SDIO/rp2040_sdio.c.o
                0x2000aad8                rp2040_sdio_init
 .text.sd_sdio_deinit
                0x2000af64       0xd8 CMakeFiles/acorn_system_1_gadget.dir/home/menadue/tree/github/acorn-system-1-gadget/firmware/no-OS-FatFS-SD-SDIO-SPI-RPi-Pico/src/sd_driver/SDIO/sd_card_sdio.c.o
 .text.sd_sdio_test_com
                0x2000b03c       0x90 CMakeFiles/acorn_system_1_gadget.dir/home/menadue/tree/github/acorn-system-1-gadget/firmware/no-OS-FatFS-SD-SDIO-SPI-RPi-Pico/src/sd_driver/SDIO/sd_card_sdio.c.o
 .text.logSDError.isra.0
                0x2000b0cc       0x48 CMakeFiles/acorn_system_1_gadget.dir/home/menadue/tree/github/acorn-system-1-gadget/firmware/no-OS-FatFS-SD-SDIO-SPI-RPi-Pico/src/sd_driver/SDIO/sd_card_sdio.c.o
 .text.sd_sdio_sectorCount
                0x2000b114       0xdc CMakeFiles/acorn_system_1_gadget.dir/home/menadue/tree/github/acorn-system-1-gadget/firmware/no-OS-FatFS-SD-SDIO-SPI-RPi-Pico/src/sd_driver/SDIO/sd_card_sdio.c.o
                0x2000b114                sd_sdio_sectorCount
 .text.sd_sdio_begin
                0x2000b1f0      0x424 CMakeFiles/acorn_system_1_gadget.dir/home/menadue/tree/github/acorn-system-1-gadget/firmware/no-OS-FatFS-SD-SDIO-SPI-RPi-Pico/src/sd_driver/SDIO/sd_card_sdio.c.o
                0x2000b1f0                sd_sdio_begin
 .text.sd_sdio_init
                0x2000b614       0xf4 CMakeFiles/acorn_system_1_gadget.dir/home/menadue/tree/github/acorn-system-1-gadget/firmware/no-OS-FatFS-SD-SDIO-SPI-RPi-Pico/src/sd_driver/SDIO/sd_card_sdio.c.o
 .text.sd_sdio_stopTransmission
                0x2000b708       0xcc CMakeFiles/acorn_system_1_gadget.dir/home/menadue/tree/github/acorn-system-1-gadget/firmware/no-OS-FatFS-SD-SDIO-SPI-RPi-Pico/src/sd_driver/SDIO/sd_card_sdio.c.o
                0x2000b708                sd_sdio_stopTransmission
 .text.sd_sync  0x2000b7d4       0x38 CMakeFiles/acorn_system_1_gadget.dir/home/menadue/tree/github/acorn-system-1-gadget/firmware/no-OS-FatFS-SD-SDIO-SPI-RPi-Pico/src/sd_driver/SDIO/sd_card_sdio.c.o
 .text.sd_sdio_writeSector
                0x2000b80c      0x114 CMakeFiles/acorn_system_1_gadget.dir/home/menadue/tree/github/acorn-system-1-gadget/firmware/no-OS-FatFS-SD-SDIO-SPI-RPi-Pico/src/sd_driver/SDIO/sd_card_sdio.c.o
                0x2000b80c                sd_sdio_writeSector
 .text.sd_sdio_writeSectors
                0x2000b920      0x174 CMakeFiles/acorn_system_1_gadget.dir/home/menadue/tree/github/acorn-system-1-gadget/firmware/no-OS-FatFS-SD-SDIO-SPI-RPi-Pico/src/sd_driver/SDIO/sd_card_sdio.c.o
                0x2000b920                sd_sdio_writeSectors
 .text.sd_sdio_write_blocks
                0x2000ba94       0x44 CMakeFiles/acorn_system_1_gadget.dir/home/menadue/tree/github/acorn-system-1-gadget/firmware/no-OS-FatFS-SD-SDIO-SPI-RPi-Pico/src/sd_driver/SDIO/sd_card_sdio.c.o
 .text.sd_sdio_readSector
                0x2000bad8      0x120 CMakeFiles/acorn_system_1_gadget.dir/home/menadue/tree/github/acorn-system-1-gadget/firmware/no-OS-FatFS-SD-SDIO-SPI-RPi-Pico/src/sd_driver/SDIO/sd_card_sdio.c.o
                0x2000bad8                sd_sdio_readSector
 .text.sd_sdio_readSectors
                0x2000bbf8      0x140 CMakeFiles/acorn_system_1_gadget.dir/home/menadue/tree/github/acorn-system-1-gadget/firmware/no-OS-FatFS-SD-SDIO-SPI-RPi-Pico/src/sd_driver/SDIO/sd_card_sdio.c.o
                0x2000bbf8                sd_sdio_readSectors
 .text.sd_sdio_read_blocks
                0x2000bd38       0x44 CMakeFiles/acorn_system_1_gadget.dir/home/menadue/tree/github/acorn-system-1-gadget/firmware/no-OS-FatFS-SD-SDIO-SPI-RPi-Pico/src/sd_driver/SDIO/sd_card_sdio.c.o
 .text.sd_sdio_ctor
                0x2000bd7c       0x6c CMakeFiles/acorn_system_1_gadget.dir/home/menadue/tree/github/acorn-system-1-gadget/firmware/no-OS-FatFS-SD-SDIO-SPI-RPi-Pico/src/sd_driver/SDIO/sd_card_sdio.c.o
                0x2000bd7c                sd_sdio_ctor
 .text.spi_transfer_start
                0x2000bde8       0x80 CMakeFiles/acorn_system_1_gadget.dir/home/menadue/tree/github/acorn-system-1-gadget/firmware/no-OS-FatFS-SD-SDIO-SPI-RPi-Pico/src/sd_driver/SPI/my_spi.c.o
                0x2000bde8                spi_transfer_start
 .text.calculate_transfer_time_ms
                0x2000be68       0x58 CMakeFiles/acorn_system_1_gadget.dir/home/menadue/tree/github/acorn-system-1-gadget/firmware/no-OS-FatFS-SD-SDIO-SPI-RPi-Pico/src/sd_driver/SPI/my_spi.c.o
                0x2000be68                calculate_transfer_time_ms
 .text.my_spi_init
                0x2000bec0      0x208 CMakeFiles/acorn_system_1_gadget.dir/home/menadue/tree/github/acorn-system-1-gadget/firmware/no-OS-FatFS-SD-SDIO-SPI-RPi-Pico/src/sd_driver/SPI/my_spi.c.o
                0x2000bec0                my_spi_init
 .text.sd_deinit
                0x2000c0c8       0x34 CMakeFiles/acorn_system_1_gadget.dir/home/menadue/tree/github/acorn-system-1-gadget/firmware/no-OS-FatFS-SD-SDIO-SPI-RPi-Pico/src/sd_driver/SPI/sd_card_spi.c.o
 .text.crc7.constprop.0
                0x2000c0fc       0x30 CMakeFiles/acorn_system_1_gadget.dir/home/menadue/tree/github/acorn-system-1-gadget/firmware/no-OS-FatFS-SD-SDIO-SPI-RPi-Pico/src/sd_driver/SPI/sd_card_spi.c.o
 .text.sd_wait_ready
                0x2000c12c       0xa0 CMakeFiles/acorn_system_1_gadget.dir/home/menadue/tree/github/acorn-system-1-gadget/firmware/no-OS-FatFS-SD-SDIO-SPI-RPi-Pico/src/sd_driver/SPI/sd_card_spi.c.o
 .text.read_bytes
                0x2000c1cc      0x16c CMakeFiles/acorn_system_1_gadget.dir/home/menadue/tree/github/acorn-system-1-gadget/firmware/no-OS-FatFS-SD-SDIO-SPI-RPi-Pico/src/sd_driver/SPI/sd_card_spi.c.o
 .text.sd_cmd_spi
                0x2000c338      0x168 CMakeFiles/acorn_system_1_gadget.dir/home/menadue/tree/github/acorn-system-1-gadget/firmware/no-OS-FatFS-SD-SDIO-SPI-RPi-Pico/src/sd_driver/SPI/sd_card_spi.c.o
 .text.sd_spi_test_com
                0x2000c4a0      0x17c CMakeFiles/acorn_system_1_gadget.dir/home/menadue/tree/github/acorn-system-1-gadget/firmware/no-OS-FatFS-SD-SDIO-SPI-RPi-Pico/src/sd_driver/SPI/sd_card_spi.c.o
 .text.in_sd_go_idle_state
                0x2000c61c      0x13c CMakeFiles/acorn_system_1_gadget.dir/home/menadue/tree/github/acorn-system-1-gadget/firmware/no-OS-FatFS-SD-SDIO-SPI-RPi-Pico/src/sd_driver/SPI/sd_card_spi.c.o
 .text.send_block.constprop.0
                0x2000c758      0x1ec CMakeFiles/acorn_system_1_gadget.dir/home/menadue/tree/github/acorn-system-1-gadget/firmware/no-OS-FatFS-SD-SDIO-SPI-RPi-Pico/src/sd_driver/SPI/sd_card_spi.c.o
 .text.in_sd_spi_sectors
                0x2000c944      0x104 CMakeFiles/acorn_system_1_gadget.dir/home/menadue/tree/github/acorn-system-1-gadget/firmware/no-OS-FatFS-SD-SDIO-SPI-RPi-Pico/src/sd_driver/SPI/sd_card_spi.c.o
 .text.sd_spi_sectors
                0x2000ca48       0xf4 CMakeFiles/acorn_system_1_gadget.dir/home/menadue/tree/github/acorn-system-1-gadget/firmware/no-OS-FatFS-SD-SDIO-SPI-RPi-Pico/src/sd_driver/SPI/sd_card_spi.c.o
                0x2000ca48                sd_spi_sectors
 .text.sd_cmd   0x2000cb3c      0x3a0 CMakeFiles/acorn_system_1_gadget.dir/home/menadue/tree/github/acorn-system-1-gadget/firmware/no-OS-FatFS-SD-SDIO-SPI-RPi-Pico/src/sd_driver/SPI/sd_card_spi.c.o
 .text.stop_wr_tran
                0x2000cedc       0x7c CMakeFiles/acorn_system_1_gadget.dir/home/menadue/tree/github/acorn-system-1-gadget/firmware/no-OS-FatFS-SD-SDIO-SPI-RPi-Pico/src/sd_driver/SPI/sd_card_spi.c.o
 .text.sd_sync  0x2000cf58      0x108 CMakeFiles/acorn_system_1_gadget.dir/home/menadue/tree/github/acorn-system-1-gadget/firmware/no-OS-FatFS-SD-SDIO-SPI-RPi-Pico/src/sd_driver/SPI/sd_card_spi.c.o
 .text.sd_write_blocks
                0x2000d060      0x2d8 CMakeFiles/acorn_system_1_gadget.dir/home/menadue/tree/github/acorn-system-1-gadget/firmware/no-OS-FatFS-SD-SDIO-SPI-RPi-Pico/src/sd_driver/SPI/sd_card_spi.c.o
 .text.sd_read_blocks
                0x2000d338      0x460 CMakeFiles/acorn_system_1_gadget.dir/home/menadue/tree/github/acorn-system-1-gadget/firmware/no-OS-FatFS-SD-SDIO-SPI-RPi-Pico/src/sd_driver/SPI/sd_card_spi.c.o
 .text.sd_card_spi_init
                0x2000d798      0x5b4 CMakeFiles/acorn_system_1_gadget.dir/home/menadue/tree/github/acorn-system-1-gadget/firmware/no-OS-FatFS-SD-SDIO-SPI-RPi-Pico/src/sd_driver/SPI/sd_card_spi.c.o
                0x2000d798                sd_card_spi_init
 .text.sd_go_idle_state
                0x2000dd4c       0x8c CMakeFiles/acorn_system_1_gadget.dir/home/menadue/tree/github/acorn-system-1-gadget/firmware/no-OS-FatFS-SD-SDIO-SPI-RPi-Pico/src/sd_driver/SPI/sd_card_spi.c.o
                0x2000dd4c                sd_go_idle_state
 .text.sd_spi_ctor
                0x2000ddd8       0x80 CMakeFiles/acorn_system_1_gadget.dir/home/menadue/tree/github/acorn-system-1-gadget/firmware/no-OS-FatFS-SD-SDIO-SPI-RPi-Pico/src/sd_driver/SPI/sd_card_spi.c.o
                0x2000ddd8                sd_spi_ctor
 .text.sd_spi_go_high_frequency
                0x2000de58        0xc CMakeFiles/acorn_system_1_gadget.dir/home/menadue/tree/github/acorn-system-1-gadget/firmware/no-OS-FatFS-SD-SDIO-SPI-RPi-Pico/src/sd_driver/SPI/sd_spi.c.o
                0x2000de58                sd_spi_go_high_frequency
 .text.sd_spi_go_low_frequency
                0x2000de64       0x10 CMakeFiles/acorn_system_1_gadget.dir/home/menadue/tree/github/acorn-system-1-gadget/firmware/no-OS-FatFS-SD-SDIO-SPI-RPi-Pico/src/sd_driver/SPI/sd_spi.c.o
                0x2000de64                sd_spi_go_low_frequency
 .text.sd_spi_send_initializing_sequence
                0x2000de74       0x8c CMakeFiles/acorn_system_1_gadget.dir/home/menadue/tree/github/acorn-system-1-gadget/firmware/no-OS-FatFS-SD-SDIO-SPI-RPi-Pico/src/sd_driver/SPI/sd_spi.c.o
                0x2000de74                sd_spi_send_initializing_sequence
 .text.__NVIC_SystemReset
                0x2000df00       0x24 CMakeFiles/acorn_system_1_gadget.dir/home/menadue/tree/github/acorn-system-1-gadget/firmware/no-OS-FatFS-SD-SDIO-SPI-RPi-Pico/src/src/crash.c.o
 .text.crc7.constprop.0
                0x2000df24       0x24 CMakeFiles/acorn_system_1_gadget.dir/home/menadue/tree/github/acorn-system-1-gadget/firmware/no-OS-FatFS-SD-SDIO-SPI-RPi-Pico/src/src/crash.c.o
 .text.Hardfault_HandlerC
                0x2000df48       0x60 CMakeFiles/acorn_system_1_gadget.dir/home/menadue/tree/github/acorn-system-1-gadget/firmware/no-OS-FatFS-SD-SDIO-SPI-RPi-Pico/src/src/crash.c.o
                0x2000df48                Hardfault_HandlerC
 .text.HardFault_Handler
                0x2000dfa8       0x1c CMakeFiles/acorn_system_1_gadget.dir/home/menadue/tree/github/acorn-system-1-gadget/firmware/no-OS-FatFS-SD-SDIO-SPI-RPi-Pico/src/src/crash.c.o
                0x2000dfa8                HardFault_Handler
 .text.crc16ibm_3740_word.constprop.0
                0x2000dfc4      0x180 CMakeFiles/acorn_system_1_gadget.dir/home/menadue/tree/github/acorn-system-1-gadget/firmware/no-OS-FatFS-SD-SDIO-SPI-RPi-Pico/src/src/crc.c.o
 .text.crc16    0x2000e144        0x4 CMakeFiles/acorn_system_1_gadget.dir/home/menadue/tree/github/acorn-system-1-gadget/firmware/no-OS-FatFS-SD-SDIO-SPI-RPi-Pico/src/src/crc.c.o
                0x2000e144                crc16
 .text.disk_status
                0x2000e148       0x20 CMakeFiles/acorn_system_1_gadget.dir/home/menadue/tree/github/acorn-system-1-gadget/firmware/no-OS-FatFS-SD-SDIO-SPI-RPi-Pico/src/src/glue.c.o
                0x2000e148                disk_status
 .text.disk_initialize
                0x2000e168       0x74 CMakeFiles/acorn_system_1_gadget.dir/home/menadue/tree/github/acorn-system-1-gadget/firmware/no-OS-FatFS-SD-SDIO-SPI-RPi-Pico/src/src/glue.c.o
                0x2000e168                disk_initialize
 .text.disk_read
                0x2000e1dc       0x74 CMakeFiles/acorn_system_1_gadget.dir/home/menadue/tree/github/acorn-system-1-gadget/firmware/no-OS-FatFS-SD-SDIO-SPI-RPi-Pico/src/src/glue.c.o
                0x2000e1dc                disk_read
 .text.disk_write
                0x2000e250       0x74 CMakeFiles/acorn_system_1_gadget.dir/home/menadue/tree/github/acorn-system-1-gadget/firmware/no-OS-FatFS-SD-SDIO-SPI-RPi-Pico/src/src/glue.c.o
                0x2000e250                disk_write
 .text.put_out_error_message
                0x2000e2c4        0x4 CMakeFiles/acorn_system_1_gadget.dir/home/menadue/tree/github/acorn-system-1-gadget/firmware/no-OS-FatFS-SD-SDIO-SPI-RPi-Pico/src/src/my_debug.c.o
                0x2000e2c4                put_out_error_message
 .text.error_message_printf
                0x2000e2c8       0x40 CMakeFiles/acorn_system_1_gadget.dir/home/menadue/tree/github/acorn-system-1-gadget/firmware/no-OS-FatFS-SD-SDIO-SPI-RPi-Pico/src/src/my_debug.c.o
                0x2000e2c8                error_message_printf
 .text.spi_init
                0x2000e308       0xfc CMakeFiles/acorn_system_1_gadget.dir/home/menadue/pico/pico-sdk/src/rp2_common/hardware_spi/spi.c.o
                0x2000e308                spi_init
 .text.spi_set_baudrate
                0x2000e404       0x9c CMakeFiles/acorn_system_1_gadget.dir/home/menadue/pico/pico-sdk/src/rp2_common/hardware_spi/spi.c.o
                0x2000e404                spi_set_baudrate
 .text.spi_get_baudrate
                0x2000e4a0       0x1c CMakeFiles/acorn_system_1_gadget.dir/home/menadue/pico/pico-sdk/src/rp2_common/hardware_spi/spi.c.o
                0x2000e4a0                spi_get_baudrate
 .text.startup.SystemInit
                0x2000e4bc       0x14 CMakeFiles/acorn_system_1_gadget.dir/home/menadue/pico/pico-sdk/src/rp2_common/cmsis/stub/CMSIS/Device/RP2350/Source/system_RP2350.c.o
                0x2000e4bc                SystemInit
 .text          0x2000e4d0       0x30 /usr/lib/gcc/arm-none-eabi/15.2.0/thumb/v8-m.main+fp/softfp/libgcc.a(_aeabi_uldivmod.o)
                0x2000e4d0                __aeabi_uldivmod
 .text          0x2000e500      0x340 /usr/lib/gcc/arm-none-eabi/15.2.0/thumb/v8-m.main+fp/softfp/libgcc.a(_udivmoddi4.o)
                0x2000e500                __udivmoddi4
 .text          0x2000e840        0x4 /usr/lib/gcc/arm-none-eabi/15.2.0/thumb/v8-m.main+fp/softfp/libgcc.a(_dvmd_tls.o)
                0x2000e840                __aeabi_ldiv0
                0x2000e840                __aeabi_idiv0
 .text.atexit   0x2000e844        0xc /usr/lib/gcc/arm-none-eabi/15.2.0/../../../../arm-none-eabi/lib/thumb/v8-m.main+fp/softfp/libg.a(libc_a-atexit.o)
                0x2000e844                atexit
 .text.malloc   0x2000e850       0x10 /usr/lib/gcc/arm-none-eabi/15.2.0/../../../../arm-none-eabi/lib/thumb/v8-m.main+fp/softfp/libg.a(libc_a-malloc.o)
                0x2000e850                malloc
 .text.free     0x2000e860       0x10 /usr/lib/gcc/arm-none-eabi/15.2.0/../../../../arm-none-eabi/lib/thumb/v8-m.main+fp/softfp/libg.a(libc_a-malloc.o)
                0x2000e860                free
 .text._malloc_r
                0x2000e870      0x5a8 /usr/lib/gcc/arm-none-eabi/15.2.0/../../../../arm-none-eabi/lib/thumb/v8-m.main+fp/softfp/libg.a(libc_a-mallocr.o)
                0x2000e870                _malloc_r
 .text.__malloc_lock
                0x2000ee18        0xc /usr/lib/gcc/arm-none-eabi/15.2.0/../../../../arm-none-eabi/lib/thumb/v8-m.main+fp/softfp/libg.a(libc_a-mlock.o)
                0x2000ee18                __malloc_lock
 .text.__malloc_unlock
                0x2000ee24        0xc /usr/lib/gcc/arm-none-eabi/15.2.0/../../../../arm-none-eabi/lib/thumb/v8-m.main+fp/softfp/libg.a(libc_a-mlock.o)
                0x2000ee24                __malloc_unlock
 .text.memcmp   0x2000ee30       0x80 /usr/lib/gcc/arm-none-eabi/15.2.0/../../../../arm-none-eabi/lib/thumb/v8-m.main+fp/softfp/libg.a(libc_a-memcmp.o)
                0x2000ee30                memcmp
 .text.memset   0x2000eeb0       0x88 /usr/lib/gcc/arm-none-eabi/15.2.0/../../../../arm-none-eabi/lib/thumb/v8-m.main+fp/softfp/libg.a(libc_a-memset.o)
                0x2000eeb0                memset
 .text.strchr   0x2000ef38       0xd0 /usr/lib/gcc/arm-none-eabi/15.2.0/../../../../arm-none-eabi/lib/thumb/v8-m.main+fp/softfp/libg.a(libc_a-strchr.o)
                0x2000ef38                strchr
 .text._sbrk_r  0x2000f008       0x24 /usr/lib/gcc/arm-none-eabi/15.2.0/../../../../arm-none-eabi/lib/thumb/v8-m.main+fp/softfp/libg.a(libc_a-sbrkr.o)
                0x2000f008                _sbrk_r
 .text.__errno  0x2000f02c        0xc /usr/lib/gcc/arm-none-eabi/15.2.0/../../../../arm-none-eabi/lib/thumb/v8-m.main+fp/softfp/libg.a(libc_a-errno.o)
                0x2000f02c                __errno
 .text.__libc_fini_array
                0x2000f038       0x28 /usr/lib/gcc/arm-none-eabi/15.2.0/../../../../arm-none-eabi/lib/thumb/v8-m.main+fp/softfp/libg.a(libc_a-fini.o)
                0x2000f038                __libc_fini_array
 .text.__retarget_lock_acquire_recursive
                0x2000f060        0x4 /usr/lib/gcc/arm-none-eabi/15.2.0/../../../../arm-none-eabi/lib/thumb/v8-m.main+fp/softfp/libg.a(libc_a-lock.o)
                0x2000f060                __retarget_lock_acquire_recursive
 .text.__retarget_lock_release_recursive
                0x2000f064        0x4 /usr/lib/gcc/arm-none-eabi/15.2.0/../../../../arm-none-eabi/lib/thumb/v8-m.main+fp/softfp/libg.a(libc_a-lock.o)
                0x2000f064                __retarget_lock_release_recursive
 .text.sysconf  0x2000f068       0x1c /usr/lib/gcc/arm-none-eabi/15.2.0/../../../../arm-none-eabi/lib/thumb/v8-m.main+fp/softfp/libg.a(libc_a-sysconf.o)
                0x2000f068                sysconf
 .text          0x2000f084      0x1bc /usr/lib/gcc/arm-none-eabi/15.2.0/../../../../arm-none-eabi/lib/thumb/v8-m.main+fp/softfp/libg.a(libc_a-strcmp.o)
                0x2000f084                strcmp
 .text          0x2000f240       0xec /usr/lib/gcc/arm-none-eabi/15.2.0/../../../../arm-none-eabi/lib/thumb/v8-m.main+fp/softfp/libg.a(libc_a-memcpy.o)
                0x2000f240                memcpy
 .text.strlen   0x2000f32c       0x5c /usr/lib/gcc/arm-none-eabi/15.2.0/../../../../arm-none-eabi/lib/thumb/v8-m.main+fp/softfp/libg.a(libc_a-strlen-stub.o)
                0x2000f32c                strlen
 .text.__register_exitproc
                0x2000f388       0x84 /usr/lib/gcc/arm-none-eabi/15.2.0/../../../../arm-none-eabi/lib/thumb/v8-m.main+fp/softfp/libg.a(libc_a-__atexit.o)
                0x2000f388                __register_exitproc
 .text.startup.register_fini
                0x2000f40c       0x14 /usr/lib/gcc/arm-none-eabi/15.2.0/../../../../arm-none-eabi/lib/thumb/v8-m.main+fp/softfp/libg.a(libc_a-__call_atexit.o)
 .text._malloc_trim_r
                0x2000f420       0xac /usr/lib/gcc/arm-none-eabi/15.2.0/../../../../arm-none-eabi/lib/thumb/v8-m.main+fp/softfp/libg.a(libc_a-freer.o)
                0x2000f420                _malloc_trim_r
 .text._free_r  0x2000f4cc      0x208 /usr/lib/gcc/arm-none-eabi/15.2.0/../../../../arm-none-eabi/lib/thumb/v8-m.main+fp/softfp/libg.a(libc_a-freer.o)
                0x2000f4cc                _free_r
 *(.fini)
 .fini          0x2000f6d4        0x4 /usr/lib/gcc/arm-none-eabi/15.2.0/thumb/v8-m.main+fp/softfp/crti.o
                0x2000f6d4                _fini
 *crtbegin.o(.ctors)
 *crtbegin?.o(.ctors)
 *(EXCLUDE_FILE(*crtend.o *crtend?.o) .ctors)
 *(SORT_BY_NAME(.ctors.*))
 *(.ctors)
 *crtbegin.o(.dtors)
 *crtbegin?.o(.dtors)
 *(EXCLUDE_FILE(*crtend.o *crtend?.o) .dtors)
 *(SORT_BY_NAME(.dtors.*))
 *(.dtors)
 *(.eh_frame*)
 .eh_frame      0x2000f6d8        0x0 /usr/lib/gcc/arm-none-eabi/15.2.0/thumb/v8-m.main+fp/softfp/crtbegin.o
                0x2000f6d8                        . = ALIGN (0x4)
                0x2000f6d8                        __ram_text_end__ = .
                0x10000224                        __ram_text_source__ = LOADADDR (.text)

.glue_7         0x2000f6d8        0x0 load address 0x1000f774
 .glue_7        0x2000f6d8        0x0 linker stubs

.glue_7t        0x2000f6d8        0x0 load address 0x1000f774
 .glue_7t       0x2000f6d8        0x0 linker stubs

.vfp11_veneer   0x2000f6d8        0x0 load address 0x1000f774
 .vfp11_veneer  0x2000f6d8        0x0 linker stubs

.v4_bx          0x2000f6d8        0x0 load address 0x1000f774
 .v4_bx         0x2000f6d8        0x0 linker stubs

.iplt           0x2000f6d8        0x0 load address 0x1000f774
 .iplt          0x2000f6d8        0x0 /usr/lib/gcc/arm-none-eabi/15.2.0/thumb/v8-m.main+fp/softfp/crtbegin.o